Component: ARM Compiler 5.06 update 4 (build 422) Tool: armlink [4d35d2]

==============================================================================

Section Cross References

    main.o(i.PLUS_show) refers to _printf_percent.o(.ARM.Collect$$_printf_percent$$00000000) for _printf_percent
    main.o(i.PLUS_show) refers to _printf_d.o(.ARM.Collect$$_printf_percent$$00000009) for _printf_d
    main.o(i.PLUS_show) refers to _printf_dec.o(.text) for _printf_int_dec
    main.o(i.PLUS_show) refers to lcd.o(i.LCD_ShowString) for LCD_ShowString
    main.o(i.PLUS_show) refers to stm32h7xx_hal_gpio.o(i.HAL_GPIO_TogglePin) for HAL_GPIO_TogglePin
    main.o(i.PLUS_show) refers to lcd.o(i.LCD_ShowNum) for LCD_ShowNum
    main.o(i.PLUS_show) refers to noretval__2sprintf.o(.text) for __2sprintf
    main.o(i.PLUS_show) refers to strlen.o(.text) for strlen
    main.o(i.PLUS_show) refers to stm32h7xx_hal_uart.o(i.HAL_UART_Transmit) for HAL_UART_Transmit
    main.o(i.PLUS_show) refers to os_time.o(i.OSTimeDlyHMSM) for OSTimeDlyHMSM
    main.o(i.PLUS_show) refers to timer.o(.data) for PLUS_NUM
    main.o(i.PLUS_show) refers to usart.o(.bss) for UART3_Handler
    main.o(i.display_task) refers to os_time.o(i.OSTimeDlyHMSM) for OSTimeDlyHMSM
    main.o(i.key_task) refers to _printf_percent.o(.ARM.Collect$$_printf_percent$$00000000) for _printf_percent
    main.o(i.key_task) refers to _printf_d.o(.ARM.Collect$$_printf_percent$$00000009) for _printf_d
    main.o(i.key_task) refers to _printf_dec.o(.text) for _printf_int_dec
    main.o(i.key_task) refers to _printf_s.o(.ARM.Collect$$_printf_percent$$00000014) for _printf_s
    main.o(i.key_task) refers to _printf_str.o(.text) for _printf_str
    main.o(i.key_task) refers to key.o(i.KEY_Scan) for KEY_Scan
    main.o(i.key_task) refers to noretval__2sprintf.o(.text) for __2sprintf
    main.o(i.key_task) refers to stm32h7xx_hal_uart.o(i.HAL_UART_Transmit) for HAL_UART_Transmit
    main.o(i.key_task) refers to noretval__2printf.o(.text) for __2printf
    main.o(i.key_task) refers to os_time.o(i.OSTimeDlyHMSM) for OSTimeDlyHMSM
    main.o(i.key_task) refers to usart.o(.bss) for UART3_Handler
    main.o(i.main) refers to sys.o(i.Cache_Enable) for Cache_Enable
    main.o(i.main) refers to stm32h7xx_hal.o(i.HAL_Init) for HAL_Init
    main.o(i.main) refers to sys.o(i.Stm32_Clock_Init) for Stm32_Clock_Init
    main.o(i.main) refers to delay.o(i.delay_init) for delay_init
    main.o(i.main) refers to usart.o(i.uart_init) for uart_init
    main.o(i.main) refers to usart.o(i.uart3_init) for uart3_init
    main.o(i.main) refers to pcf8574.o(i.PCF8574_Init) for PCF8574_Init
    main.o(i.main) refers to led.o(i.LED_Init) for LED_Init
    main.o(i.main) refers to set_io.o(i.REY_io_init) for REY_io_init
    main.o(i.main) refers to exti.o(i.EXTI_Init) for EXTI_Init
    main.o(i.main) refers to sdram.o(i.SDRAM_Init) for SDRAM_Init
    main.o(i.main) refers to mpu.o(i.MPU_Memory_Protection) for MPU_Memory_Protection
    main.o(i.main) refers to lcd.o(i.LCD_Init) for LCD_Init
    main.o(i.main) refers to usmart.o(i.usmart_init) for usmart_init
    main.o(i.main) refers to timer.o(i.PWM_gpio) for PWM_gpio
    main.o(i.main) refers to fdcan.o(i.FDCAN1_Mode_Init) for FDCAN1_Mode_Init
    main.o(i.main) refers to lcd.o(i.LCD_ShowString) for LCD_ShowString
    main.o(i.main) refers to timer.o(i.TIM8_Init) for TIM8_Init
    main.o(i.main) refers to timer.o(i.TIM2_Init) for TIM2_Init
    main.o(i.main) refers to os_core.o(i.OSInit) for OSInit
    main.o(i.main) refers to cpu_a.o(.text) for CPU_SR_Save
    main.o(i.main) refers to cpu_core.o(i.CPU_IntDisMeasStart) for CPU_IntDisMeasStart
    main.o(i.main) refers to os_task.o(i.OSTaskCreate) for OSTaskCreate
    main.o(i.main) refers to cpu_core.o(i.CPU_IntDisMeasStop) for CPU_IntDisMeasStop
    main.o(i.main) refers to os_core.o(i.OSStart) for OSStart
    main.o(i.main) refers to lcd.o(.data) for POINT_COLOR
    main.o(i.main) refers to main.o(.bss) for START_TASK_STK
    main.o(i.main) refers to main.o(i.start_task) for start_task
    main.o(i.start_task) refers to cpu_core.o(i.CPU_Init) for CPU_Init
    main.o(i.start_task) refers to os_stat.o(i.OSStatTaskCPUUsageInit) for OSStatTaskCPUUsageInit
    main.o(i.start_task) refers to cpu_core.o(i.CPU_IntDisMeasMaxCurReset) for CPU_IntDisMeasMaxCurReset
    main.o(i.start_task) refers to os_core.o(i.OSSchedRoundRobinCfg) for OSSchedRoundRobinCfg
    main.o(i.start_task) refers to cpu_a.o(.text) for CPU_SR_Save
    main.o(i.start_task) refers to cpu_core.o(i.CPU_IntDisMeasStart) for CPU_IntDisMeasStart
    main.o(i.start_task) refers to os_task.o(i.OSTaskCreate) for OSTaskCreate
    main.o(i.start_task) refers to os_task.o(i.OS_TaskSuspend) for OS_TaskSuspend
    main.o(i.start_task) refers to cpu_core.o(i.CPU_IntDisMeasStop) for CPU_IntDisMeasStop
    main.o(i.start_task) refers to main.o(.bss) for usmart_TASK_STK
    main.o(i.start_task) refers to main.o(i.usmart_thread) for usmart_thread
[...]
    usmart_get_fname                         0x9000fddd   Thumb Code   440  usmart_str.o(i.usmart_get_fname)
    usmart_get_fparam                        0x9000ff9d   Thumb Code   262  usmart_str.o(i.usmart_get_fparam)
    usmart_get_parmpos                       0x900100a9   Thumb Code    26  usmart_str.o(i.usmart_get_parmpos)
    usmart_init                              0x900100c9   Thumb Code     8  usmart.o(i.usmart_init)
    usmart_pow                               0x900100d5   Thumb Code    22  usmart_str.o(i.usmart_pow)
    usmart_scan                              0x900100ed   Thumb Code   120  usmart.o(i.usmart_scan)
    usmart_scan3                             0x900101a9   Thumb Code   120  usmart.o(i.usmart_scan3)
    usmart_search_nextc                      0x90010265   Thumb Code    22  usmart_str.o(i.usmart_search_nextc)
    usmart_str2num                           0x9001027b   Thumb Code   262  usmart_str.o(i.usmart_str2num)
    usmart_strcmp                            0x90010381   Thumb Code    34  usmart_str.o(i.usmart_strcmp)
    usmart_strcopy                           0x900103a3   Thumb Code    22  usmart_str.o(i.usmart_strcopy)
    usmart_strlen                            0x900103b9   Thumb Code    24  usmart_str.o(i.usmart_strlen)
    usmart_sys_cmd_exe                       0x900103d1   Thumb Code   550  usmart.o(i.usmart_sys_cmd_exe)
    wait_rank                                0x900106f1   Thumb Code    44  transplant.o(i.wait_rank)
    write_addr                               0x90010725   Thumb Code     4  usmart.o(i.write_addr)
    __aeabi_d2uiz                            0x90010729   Thumb Code     0  dfixu.o(x$fpl$dfixu)
    _dfixu                                   0x90010729   Thumb Code    90  dfixu.o(x$fpl$dfixu)
    __aeabi_ui2d                             0x90010783   Thumb Code     0  dflt_clz.o(x$fpl$dfltu)
    _dfltu                                   0x90010783   Thumb Code    38  dflt_clz.o(x$fpl$dfltu)
    __aeabi_dmul                             0x900107a9   Thumb Code     0  dmul.o(x$fpl$dmul)
    _dmul                                    0x900107a9   Thumb Code   332  dmul.o(x$fpl$dmul)
    __fpl_dnaninf                            0x900108fd   Thumb Code   156  dnaninf.o(x$fpl$dnaninf)
    __fpl_dretinf                            0x90010999   Thumb Code    12  dretinf.o(x$fpl$dretinf)
    __aeabi_fadd                             0x900109a5   Thumb Code     0  faddsub_clz.o(x$fpl$fadd)
    _fadd                                    0x900109a5   Thumb Code   196  faddsub_clz.o(x$fpl$fadd)
    __aeabi_fdiv                             0x90010a69   Thumb Code     0  fdiv.o(x$fpl$fdiv)
    _fdiv                                    0x90010a69   Thumb Code   384  fdiv.o(x$fpl$fdiv)
    __aeabi_f2uiz                            0x90010bed   Thumb Code     0  ffixu.o(x$fpl$ffixu)
    _ffixu                                   0x90010bed   Thumb Code    62  ffixu.o(x$fpl$ffixu)
    __aeabi_ui2f                             0x90010c2d   Thumb Code     0  fflt_clz.o(x$fpl$ffltu)
    _ffltu                                   0x90010c2d   Thumb Code    38  fflt_clz.o(x$fpl$ffltu)
    __aeabi_fmul                             0x90010c55   Thumb Code     0  fmul.o(x$fpl$fmul)
    _fmul                                    0x90010c55   Thumb Code   258  fmul.o(x$fpl$fmul)
    __fpl_fnaninf                            0x90010d57   Thumb Code   140  fnaninf.o(x$fpl$fnaninf)
    __fpl_fretinf                            0x90010de3   Thumb Code    10  fretinf.o(x$fpl$fretinf)
    __aeabi_fsub                             0x90010ded   Thumb Code     0  faddsub_clz.o(x$fpl$fsub)
    _fsub                                    0x90010ded   Thumb Code   234  faddsub_clz.o(x$fpl$fsub)
    __I$use$fp                               0x90010ed6   Number         0  usenofp.o(x$fpl$usenofp)
    asc2_1206                                0x90010f8a   Data        1140  lcd.o(.constdata)
    asc2_1608                                0x900113fe   Data        1520  lcd.o(.constdata)
    asc2_2412                                0x900119ee   Data        3420  lcd.o(.constdata)
    asc2_3216                                0x9001274a   Data       12160  lcd.o(.constdata)
    OSCfg_IdleTaskStkBasePtr                 0x900156cc   Data           4  os_cfg_app.o(.constdata)
    OSCfg_IdleTaskStkLimit                   0x900156d0   Data           4  os_cfg_app.o(.constdata)
    OSCfg_IdleTaskStkSize                    0x900156d4   Data           4  os_cfg_app.o(.constdata)
    OSCfg_IdleTaskStkSizeRAM                 0x900156d8   Data           4  os_cfg_app.o(.constdata)
    OSCfg_IntQBasePtr                        0x900156dc   Data           4  os_cfg_app.o(.constdata)
    OSCfg_IntQSize                           0x900156e0   Data           2  os_cfg_app.o(.constdata)
    OSCfg_IntQSizeRAM                        0x900156e4   Data           4  os_cfg_app.o(.constdata)
    OSCfg_IntQTaskStkBasePtr                 0x900156e8   Data           4  os_cfg_app.o(.constdata)
    OSCfg_IntQTaskStkLimit                   0x900156ec   Data           4  os_cfg_app.o(.constdata)
    OSCfg_IntQTaskStkSize                    0x900156f0   Data           4  os_cfg_app.o(.constdata)
    OSCfg_IntQTaskStkSizeRAM                 0x900156f4   Data           4  os_cfg_app.o(.constdata)
    OSCfg_ISRStkBasePtr                      0x900156f8   Data           4  os_cfg_app.o(.constdata)
    OSCfg_ISRStkSize                         0x900156fc   Data           4  os_cfg_app.o(.constdata)
    OSCfg_ISRStkSizeRAM                      0x90015700   Data           4  os_cfg_app.o(.constdata)
    OSCfg_MsgPoolSize                        0x90015704   Data           2  os_cfg_app.o(.constdata)
    OSCfg_MsgPoolSizeRAM                     0x90015708   Data           4  os_cfg_app.o(.constdata)
    OSCfg_MsgPoolBasePtr                     0x9001570c   Data           4  os_cfg_app.o(.constdata)
    OSCfg_StatTaskPrio                       0x90015710   Data           1  os_cfg_app.o(.constdata)
    OSCfg_StatTaskRate_Hz                    0x90015714   Data           4  os_cfg_app.o(.constdata)
    OSCfg_StatTaskStkBasePtr                 0x90015718   Data           4  os_cfg_app.o(.constdata)
    OSCfg_StatTaskStkLimit                   0x9001571c   Data           4  os_cfg_app.o(.constdata)
    OSCfg_StatTaskStkSize                    0x90015720   Data           4  os_cfg_app.o(.constdata)
    OSCfg_StatTaskStkSizeRAM                 0x90015724   Data           4  os_cfg_app.o(.constdata)
    OSCfg_StkSizeMin                         0x90015728   Data           4  os_cfg_app.o(.constdata)
    OSCfg_TickRate_Hz                        0x9001572c   Data           4  os_cfg_app.o(.constdata)
    OSCfg_TickTaskPrio                       0x90015730   Data           1  os_cfg_app.o(.constdata)
    OSCfg_TickTaskStkBasePtr                 0x90015734   Data           4  os_cfg_app.o(.constdata)
    OSCfg_TickTaskStkLimit                   0x90015738   Data           4  os_cfg_app.o(.constdata)
    OSCfg_TickTaskStkSize                    0x9001573c   Data           4  os_cfg_app.o(.constdata)
    OSCfg_TickTaskStkSizeRAM                 0x90015740   Data           4  os_cfg_app.o(.constdata)
    OSCfg_TmrTaskPrio                        0x90015744   Data           1  os_cfg_app.o(.constdata)
    OSCfg_TmrTaskRate_Hz                     0x90015748   Data           4  os_cfg_app.o(.constdata)
    OSCfg_TmrTaskStkBasePtr                  0x9001574c   Data           4  os_cfg_app.o(.constdata)
    OSCfg_TmrTaskStkLimit                    0x90015750   Data           4  os_cfg_app.o(.constdata)
    OSCfg_TmrTaskStkSize                     0x90015754   Data           4  os_cfg_app.o(.constdata)
    OSCfg_TmrTaskStkSizeRAM                  0x90015758   Data           4  os_cfg_app.o(.constdata)
    OSCfg_DataSizeRAM                        0x9001575c   Data           4  os_cfg_app.o(.constdata)
    OSDbg_DbgEn                              0x90015760   Data           1  os_dbg.o(.constdata)
    OSDbg_ArgChkEn                           0x90015761   Data           1  os_dbg.o(.constdata)
    OSDbg_AppHooksEn                         0x90015762   Data           1  os_dbg.o(.constdata)
    OSDbg_EndiannessTest                     0x90015764   Data           4  os_dbg.o(.constdata)
    OSDbg_CalledFromISRChkEn                 0x90015768   Data           1  os_dbg.o(.constdata)
    OSDbg_FlagEn                             0x90015769   Data           1  os_dbg.o(.constdata)
    OSDbg_FlagGrp                            0x9001576c   Data          40  os_dbg.o(.constdata)
    OSDbg_FlagDelEn                          0x90015794   Data           1  os_dbg.o(.constdata)
    OSDbg_FlagModeClrEn                      0x90015795   Data           1  os_dbg.o(.constdata)
    OSDbg_FlagPendAbortEn                    0x90015796   Data           1  os_dbg.o(.constdata)
    OSDbg_FlagGrpSize                        0x90015798   Data           2  os_dbg.o(.constdata)
    OSDbg_FlagWidth                          0x9001579a   Data           2  os_dbg.o(.constdata)
    OSDbg_IntQ                               0x9001579c   Data           2  os_dbg.o(.constdata)
    OSDbg_ISRPostDeferredEn                  0x9001579e   Data           1  os_dbg.o(.constdata)
    OSDbg_Mem                                0x900157a0   Data          32  os_dbg.o(.constdata)
    OSDbg_MemEn                              0x900157c0   Data           1  os_dbg.o(.constdata)
    OSDbg_MemSize                            0x900157c2   Data           2  os_dbg.o(.constdata)
    OSDbg_MsgEn                              0x900157c4   Data           1  os_dbg.o(.constdata)
    OSDbg_MsgSize                            0x900157c6   Data           2  os_dbg.o(.constdata)
    OSDbg_MsgPoolSize                        0x900157c8   Data           2  os_dbg.o(.constdata)
    OSDbg_MsgQSize                           0x900157ca   Data           2  os_dbg.o(.constdata)
    OSDbg_Mutex                              0x900157cc   Data          48  os_dbg.o(.constdata)
    OSDbg_MutexEn                            0x900157fc   Data           1  os_dbg.o(.constdata)
    OSDbg_MutexDelEn                         0x900157fd   Data           1  os_dbg.o(.constdata)
    OSDbg_MutexPendAbortEn                   0x900157fe   Data           1  os_dbg.o(.constdata)
    OSDbg_MutexSize                          0x90015800   Data           2  os_dbg.o(.constdata)
    OSDbg_ObjTypeChkEn                       0x90015802   Data           1  os_dbg.o(.constdata)
    OSDbg_PendMultiEn                        0x90015803   Data           1  os_dbg.o(.constdata)
    OSDbg_PendDataSize                       0x90015804   Data           2  os_dbg.o(.constdata)
    OSDbg_PendListSize                       0x90015806   Data           2  os_dbg.o(.constdata)
    OSDbg_PendObjSize                        0x90015808   Data           2  os_dbg.o(.constdata)
    OSDbg_PrioMax                            0x9001580a   Data           2  os_dbg.o(.constdata)
    OSDbg_PrioTblSize                        0x9001580c   Data           2  os_dbg.o(.constdata)
    OSDbg_PtrSize                            0x9001580e   Data           2  os_dbg.o(.constdata)
    OSDbg_Q                                  0x90015810   Data          48  os_dbg.o(.constdata)
    OSDbg_QEn                                0x90015840   Data           1  os_dbg.o(.constdata)
    OSDbg_QDelEn                             0x90015841   Data           1  os_dbg.o(.constdata)
    OSDbg_QFlushEn                           0x90015842   Data           1  os_dbg.o(.constdata)
    OSDbg_QPendAbortEn                       0x90015843   Data           1  os_dbg.o(.constdata)
    OSDbg_QSize                              0x90015844   Data           2  os_dbg.o(.constdata)
    OSDbg_SchedRoundRobinEn                  0x90015846   Data           1  os_dbg.o(.constdata)
    OSDbg_Sem                                0x90015848   Data          40  os_dbg.o(.constdata)
    OSDbg_SemEn                              0x90015870   Data           1  os_dbg.o(.constdata)
    OSDbg_SemDelEn                           0x90015871   Data           1  os_dbg.o(.constdata)
    OSDbg_SemPendAbortEn                     0x90015872   Data           1  os_dbg.o(.constdata)
    OSDbg_SemSetEn                           0x90015873   Data           1  os_dbg.o(.constdata)
    OSDbg_SemSize                            0x90015874   Data           2  os_dbg.o(.constdata)
    OSDbg_RdyList                            0x90015876   Data           2  os_dbg.o(.constdata)
    OSDbg_RdyListSize                        0x90015878   Data           4  os_dbg.o(.constdata)
    OSDbg_StkWidth                           0x9001587c   Data           1  os_dbg.o(.constdata)
    OSDbg_StatTaskEn                         0x9001587d   Data           1  os_dbg.o(.constdata)
    OSDbg_StatTaskStkChkEn                   0x9001587e   Data           1  os_dbg.o(.constdata)
    OSDbg_TaskChangePrioEn                   0x9001587f   Data           1  os_dbg.o(.constdata)
    OSDbg_TaskDelEn                          0x90015880   Data           1  os_dbg.o(.constdata)
    OSDbg_TaskQEn                            0x90015881   Data           1  os_dbg.o(.constdata)
    OSDbg_TaskQPendAbortEn                   0x90015882   Data           1  os_dbg.o(.constdata)
    OSDbg_TaskProfileEn                      0x90015883   Data           1  os_dbg.o(.constdata)
    OSDbg_TaskRegTblSize                     0x90015884   Data           2  os_dbg.o(.constdata)
    OSDbg_TaskSemPendAbortEn                 0x90015886   Data           1  os_dbg.o(.constdata)
    OSDbg_TaskSuspendEn                      0x90015887   Data           1  os_dbg.o(.constdata)
    OSDbg_TCBSize                            0x90015888   Data           2  os_dbg.o(.constdata)
    OSDbg_TickListSize                       0x9001588a   Data           2  os_dbg.o(.constdata)
    OSDbg_TimeDlyHMSMEn                      0x9001588c   Data           1  os_dbg.o(.constdata)
    OSDbg_TimeDlyResumeEn                    0x9001588d   Data           1  os_dbg.o(.constdata)
    OSDbg_TLS_TblSize                        0x9001588e   Data           2  os_dbg.o(.constdata)
    OSDbg_Tmr                                0x90015890   Data          48  os_dbg.o(.constdata)
    OSDbg_TmrEn                              0x900158c0   Data           1  os_dbg.o(.constdata)
    OSDbg_TmrDelEn                           0x900158c1   Data           1  os_dbg.o(.constdata)
    OSDbg_TmrSize                            0x900158c2   Data           2  os_dbg.o(.constdata)
    OSDbg_VersionNbr                         0x900158c4   Data           2  os_dbg.o(.constdata)
    OSDbg_DataSize                           0x900158c8   Data           4  os_dbg.o(.constdata)
    pvNullPointer                            0x900158fc   Data           4  sys_arch.o(.constdata)
    ltdc_lcd_framebuf                        0xc0000000   Data       2048000  ltdc.o(.ARM.__AT_0xC0000000)
    mem2base                                 0xc01f4000   Data       52428800  malloc.o(.ARM.__AT_0xC01F4000)
    mem2mapbase                              0xc33f4000   Data       3276800  malloc.o(.ARM.__AT_0xC33F4000)



==============================================================================

Memory Map of the image

  Image Entry point : 0x08000299

  Load Region LR_m_stmflash (Base: 0x08000000, Size: 0x00002c8c, Max: 0x00020000, ABSOLUTE, COMPRESSED[0x000029e0])

    Execution Region ER_m_stmflash (Base: 0x08000000, Size: 0x00002944, Max: 0x00020000, ABSOLUTE)

    Base Addr    Size         Type   Attr      Idx    E Section Name        Object

    0x08000000   0x00000298   Data   RO          769    RESET               startup_stm32h750xx.o
    0x08000298   0x00000008   Code   RO        12866  * !!!main             c_w.l(__main.o)
    0x080002a0   0x00000034   Code   RO        13105    !!!scatter          c_w.l(__scatter.o)
    0x080002d4   0x0000005a   Code   RO        13103    !!dczerorl2         c_w.l(__dczerorl2.o)
    0x0800032e   0x00000002   PAD
    0x08000330   0x0000001c   Code   RO        13107    !!handler_zi        c_w.l(__scatter_zi.o)
    0x0800034c   0x00000000   Code   RO        12849    .ARM.Collect$$_printf_percent$$00000000  c_w.l(_printf_percent.o)
    0x0800034c   0x00000006   Code   RO        12847    .ARM.Collect$$_printf_percent$$00000009  c_w.l(_printf_d.o)
    0x08000352   0x00000006   Code   RO        12848    .ARM.Collect$$_printf_percent$$0000000A  c_w.l(_printf_u.o)
    0x08000358   0x00000006   Code   RO        12846    .ARM.Collect$$_printf_percent$$0000000C  c_w.l(_printf_x.o)
    0x0800035e   0x00000006   Code   RO        12844    .ARM.Collect$$_printf_percent$$00000013  c_w.l(_printf_c.o)
    0x08000364   0x00000006   Code   RO        12845    .ARM.Collect$$_printf_percent$$00000014  c_w.l(_printf_s.o)
    0x0800036a   0x00000004   Code   RO        12926    .ARM.Collect$$_printf_percent$$00000017  c_w.l(_printf_percent_end.o)
    0x0800036e   0x00000002   Code   RO        13025    .ARM.Collect$$libinit$$00000000  c_w.l(libinit.o)
    0x08000370   0x00000000   Code   RO        12966    .ARM.Collect$$libinit$$00000002  c_w.l(libinit2.o)
    0x08000370   0x00000000   Code   RO        12968    .ARM.Collect$$libinit$$00000004  c_w.l(libinit2.o)
    0x08000370   0x00000000   Code   RO        12971    .ARM.Collect$$libinit$$0000000A  c_w.l(libinit2.o)
    0x08000370   0x00000000   Code   RO        12973    .ARM.Collect$$libinit$$0000000C  c_w.l(libinit2.o)
    0x08000370   0x00000000   Code   RO        12975    .ARM.Collect$$libinit$$0000000E  c_w.l(libinit2.o)
    0x08000370   0x00000000   Code   RO        12978    .ARM.Collect$$libinit$$00000011  c_w.l(libinit2.o)
    0x08000370   0x00000000   Code   RO        12980    .ARM.Collect$$libinit$$00000013  c_w.l(libinit2.o)
    0x08000370   0x00000000   Code   RO        12982    .ARM.Collect$$libinit$$00000015  c_w.l(libinit2.o)
    0x08000370   0x00000000   Code   RO        12984    .ARM.Collect$$libinit$$00000017  c_w.l(libinit2.o)
    0x08000370   0x00000000   Code   RO        12986    .ARM.Collect$$libinit$$00000019  c_w.l(libinit2.o)
    0x08000370   0x00000000   Code   RO        12988    .ARM.Collect$$libinit$$0000001B  c_w.l(libinit2.o)
    0x08000370   0x00000000   Code   RO        12990    .ARM.Collect$$libinit$$0000001D  c_w.l(libinit2.o)
    0x08000370   0x00000000   Code   RO        12992    .ARM.Collect$$libinit$$0000001F  c_w.l(libinit2.o)
    0x08000370   0x00000000   Code   RO        12994    .ARM.Collect$$libinit$$00000021  c_w.l(libinit2.o)
    0x08000370   0x00000000   Code   RO        12996    .ARM.Collect$$libinit$$00000023  c_w.l(libinit2.o)
    0x08000370   0x00000000   Code   RO        12998    .ARM.Collect$$libinit$$00000025  c_w.l(libinit2.o)
    0x08000370   0x00000000   Code   RO        13002    .ARM.Collect$$libinit$$0000002C  c_w.l(libinit2.o)
    0x08000370   0x00000000   Code   RO        13004    .ARM.Collect$$libinit$$0000002E  c_w.l(libinit2.o)
    0x08000370   0x00000000   Code   RO        13006    .ARM.Collect$$libinit$$00000030  c_w.l(libinit2.o)
    0x08000370   0x00000000   Code   RO        13008    .ARM.Collect$$libinit$$00000032  c_w.l(libinit2.o)
    0x08000370   0x00000002   Code   RO        13009    .ARM.Collect$$libinit$$00000033  c_w.l(libinit2.o)
    0x08000372   0x00000002   Code   RO        13070    .ARM.Collect$$libshutdown$$00000000  c_w.l(libshutdown.o)
    0x08000374   0x00000000   Code   RO        13086    .ARM.Collect$$libshutdown$$00000002  c_w.l(libshutdown2.o)
    0x08000374   0x00000000   Code   RO        13088    .ARM.Collect$$libshutdown$$00000004  c_w.l(libshutdown2.o)
    0x08000374   0x00000000   Code   RO        13091    .ARM.Collect$$libshutdown$$00000007  c_w.l(libshutdown2.o)
    0x08000374   0x00000000   Code   RO        13094    .ARM.Collect$$libshutdown$$0000000A  c_w.l(libshutdown2.o)
    0x08000374   0x00000000   Code   RO        13096    .ARM.Collect$$libshutdown$$0000000C  c_w.l(libshutdown2.o)
    0x08000374   0x00000000   Code   RO        13099    .ARM.Collect$$libshutdown$$0000000F  c_w.l(libshutdown2.o)
    0x08000374   0x00000002   Code   RO        13100    .ARM.Collect$$libshutdown$$00000010  c_w.l(libshutdown2.o)
    0x08000376   0x00000000   Code   RO        12906    .ARM.Collect$$rtentry$$00000000  c_w.l(__rtentry.o)
    0x08000376   0x00000000   Code   RO        12943    .ARM.Collect$$rtentry$$00000002  c_w.l(__rtentry2.o)
    0x08000376   0x00000006   Code   RO        12955    .ARM.Collect$$rtentry$$00000004  c_w.l(__rtentry4.o)
    0x0800037c   0x00000000   Code   RO        12945    .ARM.Collect$$rtentry$$00000009  c_w.l(__rtentry2.o)
    0x0800037c   0x00000004   Code   RO        12946    .ARM.Collect$$rtentry$$0000000A  c_w.l(__rtentry2.o)
    0x08000380   0x00000000   Code   RO        12948    .ARM.Collect$$rtentry$$0000000C  c_w.l(__rtentry2.o)
    0x08000380   0x00000008   Code   RO        12949    .ARM.Collect$$rtentry$$0000000D  c_w.l(__rtentry2.o)
    0x08000388   0x00000002   Code   RO        13028    .ARM.Collect$$rtexit$$00000000  c_w.l(rtexit.o)
    0x0800038a   0x00000000   Code   RO        13043    .ARM.Collect$$rtexit$$00000002  c_w.l(rtexit2.o)
    0x0800038a   0x00000004   Code   RO        13044    .ARM.Collect$$rtexit$$00000003  c_w.l(rtexit2.o)
    0x0800038e   0x00000006   Code   RO        13045    .ARM.Collect$$rtexit$$00000004  c_w.l(rtexit2.o)
    0x08000394   0x00000034   Code   RO          770    .text               startup_stm32h750xx.o
    0x080003c8   0x0000004e   Code   RO        12797    .text               c_w.l(_printf_pad.o)
    0x08000416   0x00000052   Code   RO        12799    .text               c_w.l(_printf_str.o)
    0x08000468   0x00000078   Code   RO        12801    .text               c_w.l(_printf_dec.o)
    0x080004e0   0x00000058   Code   RO        12806    .text               c_w.l(_printf_hex_int.o)
    0x08000538   0x00000068   Code   RO        12862    .text               c_w.l(strcmpv7m_pel.o)
    0x080005a0   0x00000006   Code   RO        12864    .text               c_w.l(heapauxi.o)
    0x080005a6   0x000000b2   Code   RO        12916    .text               c_w.l(_printf_intcommon.o)
    0x08000658   0x00000030   Code   RO        12918    .text               c_w.l(_printf_char_common.o)
    0x08000688   0x0000002c   Code   RO        12922    .text               c_w.l(_printf_char.o)
    0x080006b4   0x00000024   Code   RO        12924    .text               c_w.l(_printf_char_file.o)
    0x080006d8   0x00000008   Code   RO        12939    .text               c_w.l(libspace.o)
    0x080006e0   0x0000004a   Code   RO        13010    .text               c_w.l(sys_stackheap_outer.o)
    0x0800072a   0x00000012   Code   RO        13012    .text               c_w.l(exit.o)
    0x0800073c   0x0000000a   Ven    RO        13109    Veneer$$Code        anon$$obj.o
    0x08000746   0x0000000a   Ven    RO        13110    Veneer$$Code        anon$$obj.o
    0x08000750   0x0000000a   Ven    RO        13111    Veneer$$Code        anon$$obj.o
    0x0800075a   0x0000000a   Ven    RO        13112    Veneer$$Code        anon$$obj.o
    0x08000764   0x0000000a   Ven    RO        13113    Veneer$$Code        anon$$obj.o
    0x0800076e   0x0000000a   Ven    RO        13114    Veneer$$Code        anon$$obj.o
    0x08000778   0x0000000a   Ven    RO        13115    Veneer$$Code        anon$$obj.o
    0x08000782   0x0000000a   Ven    RO        13116    Veneer$$Code        anon$$obj.o
    0x0800078c   0x0000000a   Ven    RO        13117    Veneer$$Code        anon$$obj.o
    0x08000796   0x0000000a   Ven    RO        13118    Veneer$$Code        anon$$obj.o
    0x080007a0   0x0000000a   Ven    RO        13119    Veneer$$Code        anon$$obj.o
    0x080007aa   0x0000000a   Ven    RO        13120    Veneer$$Code        anon$$obj.o
    0x080007b4   0x0000000a   Ven    RO        13121    Veneer$$Code        anon$$obj.o
    0x080007be   0x0000000a   Ven    RO        13122    Veneer$$Code        anon$$obj.o
    0x080007c8   0x0000000a   Ven    RO        13123    Veneer$$Code        anon$$obj.o
    0x080007d2   0x0000000a   Ven    RO        13124    Veneer$$Code        anon$$obj.o
    0x080007dc   0x0000000a   Ven    RO        13125    Veneer$$Code        anon$$obj.o
    0x080007e6   0x0000000a   Ven    RO        13126    Veneer$$Code        anon$$obj.o
    0x080007f0   0x0000000a   Ven    RO        13127    Veneer$$Code        anon$$obj.o
    0x080007fa   0x0000000a   Ven    RO        13128    Veneer$$Code        anon$$obj.o
    0x08000804   0x0000000a   Ven    RO        13129    Veneer$$Code        anon$$obj.o
    0x0800080e   0x0000000a   Ven    RO        13130    Veneer$$Code        anon$$obj.o
    0x08000818   0x0000000a   Ven    RO        13131    Veneer$$Code        anon$$obj.o
    0x08000822   0x0000000a   Ven    RO        13132    Veneer$$Code        anon$$obj.o
    0x0800082c   0x0000000a   Ven    RO        13133    Veneer$$Code        anon$$obj.o
    0x08000836   0x0000000a   Ven    RO        13134    Veneer$$Code        anon$$obj.o
    0x08000840   0x0000000a   Ven    RO        13135    Veneer$$Code        anon$$obj.o
    0x0800084a   0x0000000a   Ven    RO        13136    Veneer$$Code        anon$$obj.o
    0x08000854   0x0000000a   Ven    RO        13137    Veneer$$Code        anon$$obj.o
    0x0800085e   0x0000000a   Ven    RO        13138    Veneer$$Code        anon$$obj.o
    0x08000868   0x0000000a   Ven    RO        13139    Veneer$$Code        anon$$obj.o
    0x08000872   0x0000000a   Ven    RO        13140    Veneer$$Code        anon$$obj.o
    0x0800087c   0x0000000a   Ven    RO        13141    Veneer$$Code        anon$$obj.o
    0x08000886   0x0000000a   Ven    RO        13142    Veneer$$Code        anon$$obj.o
    0x08000890   0x0000000a   Ven    RO        13143    Veneer$$Code        anon$$obj.o
    0x0800089a   0x0000000a   Ven    RO        13144    Veneer$$Code        anon$$obj.o
    0x080008a4   0x0000000a   Ven    RO        13145    Veneer$$Code        anon$$obj.o
    0x080008ae   0x0000000a   Ven    RO        13146    Veneer$$Code        anon$$obj.o
    0x080008b8   0x0000000a   Ven    RO        13147    Veneer$$Code        anon$$obj.o
    0x080008c2   0x0000000a   Ven    RO        13148    Veneer$$Code        anon$$obj.o
    0x080008cc   0x0000000a   Ven    RO        13149    Veneer$$Code        anon$$obj.o
    0x080008d6   0x0000000a   Ven    RO        13150    Veneer$$Code        anon$$obj.o
    0x080008e0   0x0000000a   Ven    RO        13151    Veneer$$Code        anon$$obj.o
    0x080008ea   0x0000000a   Ven    RO        13152    Veneer$$Code        anon$$obj.o
    0x080008f4   0x0000000a   Ven    RO        13153    Veneer$$Code        anon$$obj.o
    0x080008fe   0x0000000a   Ven    RO        13154    Veneer$$Code        anon$$obj.o
    0x08000908   0x0000000a   Ven    RO        13155    Veneer$$Code        anon$$obj.o
    0x08000912   0x0000000a   Ven    RO        13156    Veneer$$Code        anon$$obj.o
    0x0800091c   0x0000000a   Ven    RO        13157    Veneer$$Code        anon$$obj.o
    0x08000926   0x0000000a   Ven    RO        13158    Veneer$$Code        anon$$obj.o
    0x08000930   0x0000000a   Ven    RO        13159    Veneer$$Code        anon$$obj.o
    0x0800093a   0x0000000a   Ven    RO        13160    Veneer$$Code        anon$$obj.o
    0x08000944   0x0000001c   Code   RO          841    i.Cache_Enable      sys.o
    0x08000960   0x00000014   Code   RO         1002    i.HAL_EnableCompensationCell  stm32h7xx_hal.o
    0x08000974   0x0000001c   Code   RO         1840    i.HAL_GPIO_EXTI_IRQHandler  stm32h7xx_hal_gpio.o
    0x08000990   0x0000024c   Code   RO         1841    i.HAL_GPIO_Init     stm32h7xx_hal_gpio.o
    0x08000bdc   0x00000010   Code   RO         1843    i.HAL_GPIO_ReadPin  stm32h7xx_hal_gpio.o
    0x08000bec   0x00000008   Code   RO         1844    i.HAL_GPIO_TogglePin  stm32h7xx_hal_gpio.o
    0x08000bf4   0x0000000a   Code   RO         1845    i.HAL_GPIO_WritePin  stm32h7xx_hal_gpio.o
    0x08000bfe   0x00000002   PAD
    0x08000c00   0x0000000c   Code   RO         1009    i.HAL_GetTick       stm32h7xx_hal.o
    0x08000c0c   0x00000018   Code   RO         1012    i.HAL_IncTick       stm32h7xx_hal.o
    0x08000c24   0x0000001c   Code   RO         1013    i.HAL_Init          stm32h7xx_hal.o
    0x08000c40   0x0000004c   Code   RO         1014    i.HAL_InitTick      stm32h7xx_hal.o
    0x08000c8c   0x0000005c   Code   RO         1302    i.HAL_MPU_ConfigRegion  stm32h7xx_hal_cortex.o
    0x08000ce8   0x0000002c   Code   RO         1303    i.HAL_MPU_Disable   stm32h7xx_hal_cortex.o
    0x08000d14   0x00000040   Code   RO         1304    i.HAL_MPU_Enable    stm32h7xx_hal_cortex.o
    0x08000d54   0x00000002   Code   RO          739    i.HAL_MspInit       stm32h7xx_hal_msp.o
    0x08000d56   0x00000020   Code   RO         1307    i.HAL_NVIC_EnableIRQ  stm32h7xx_hal_cortex.o
    0x08000d76   0x0000007a   Code   RO         1313    i.HAL_NVIC_SetPriority  stm32h7xx_hal_cortex.o
    0x08000df0   0x00000028   Code   RO         1314    i.HAL_NVIC_SetPriorityGrouping  stm32h7xx_hal_cortex.o
    0x08000e18   0x00000250   Code   RO         2283    i.HAL_RCC_ClockConfig  stm32h7xx_hal_rcc.o
    0x08001068   0x00000038   Code   RO         2287    i.HAL_RCC_GetHCLKFreq  stm32h7xx_hal_rcc.o
    0x080010a0   0x0000002c   Code   RO         2289    i.HAL_RCC_GetPCLK1Freq  stm32h7xx_hal_rcc.o
    0x080010cc   0x0000002c   Code   RO         2290    i.HAL_RCC_GetPCLK2Freq  stm32h7xx_hal_rcc.o
    0x080010f8   0x00000268   Code   RO         2291    i.HAL_RCC_GetSysClockFreq  stm32h7xx_hal_rcc.o
    0x08001360   0x000006c4   Code   RO         2294    i.HAL_RCC_OscConfig  stm32h7xx_hal_rcc.o
    0x08001a24   0x00000028   Code   RO         1316    i.HAL_SYSTICK_CLKSourceConfig  stm32h7xx_hal_cortex.o
    0x08001a4c   0x00000034   Code   RO         1318    i.HAL_SYSTICK_Config  stm32h7xx_hal_cortex.o
    0x08001a80   0x00000120   Code   RO          908    i.HAL_UART_MspInit  usart.o
    0x08001ba0   0x00000110   Code   RO          909    i.HAL_UART_RxCpltCallback  usart.o
    0x08001cb0   0x000000f0   Code   RO            4    i.PLUS_show         main.o
    0x08001da0   0x00000248   Code   RO          844    i.QSPI_Enable_Memmapmode  sys.o
    0x08001fe8   0x0000009c   Code   RO          845    i.SCB_EnableDCache  sys.o
    0x08002084   0x0000007c   Code   RO          846    i.SCB_EnableICache  sys.o
    0x08002100   0x000000fc   Code   RO          847    i.Stm32_Clock_Init  sys.o
    0x080021fc   0x00000020   Code   RO          777    i.SysTick_Handler   delay.o
    0x0800221c   0x00000058   Code   RO          910    i.USART1_IRQHandler  usart.o
    0x08002274   0x00000058   Code   RO          911    i.USART3_IRQHandler  usart.o
    0x080022cc   0x00000010   Code   RO         1320    i.__NVIC_GetPriorityGrouping  stm32h7xx_hal_cortex.o
    0x080022dc   0x00000028   Code   RO         1321    i.__NVIC_SetPriority  stm32h7xx_hal_cortex.o
    0x08002304   0x00000004   Code   RO          912    i._sys_exit         usart.o
    0x08002308   0x0000005c   Code   RO          778    i.delay_init        delay.o
    0x08002364   0x00000050   Code   RO          779    i.delay_ms          delay.o
    0x080023b4   0x0000000a   Code   RO          780    i.delay_osschedlock  delay.o
    0x080023be   0x0000000a   Code   RO          781    i.delay_osschedunlock  delay.o
    0x080023c8   0x00000010   Code   RO          782    i.delay_ostimedly   delay.o
    0x080023d8   0x00000058   Code   RO          783    i.delay_us          delay.o
    0x08002430   0x0000001c   Code   RO          913    i.fputc             usart.o
    0x0800244c   0x000000b4   Code   RO            6    i.key_task          main.o
    0x08002500   0x000001a0   Code   RO            7    i.main              main.o
    0x080026a0   0x0000016c   Code   RO            9    i.start_task        main.o
    0x0800280c   0x00000038   Code   RO          914    i.uart3_init        usart.o
    0x08002844   0x00000038   Code   RO          915    i.uart_init         usart.o
    0x0800287c   0x00000040   Code   RO           10    i.usmart_thread     main.o
    0x080028bc   0x00000040   Data   RO          549    .constdata          system_stm32h7xx.o
    0x080028fc   0x00000028   Data   RO        12807    .constdata          c_w.l(_printf_hex_int.o)
    0x08002924   0x00000020   Data   RO        13101    Region$$Table       anon$$obj.o


    Execution Region RW_m_stmsram (Base: 0x24000000, Size: 0x0000b640, Max: 0x00080000, ABSOLUTE, COMPRESSED[0x0000009c])

    Base Addr    Size         Type   Attr      Idx    E Section Name        Object

    0x24000000   0x00000008   Data   RW          550    .data               system_stm32h7xx.o
    0x24000008   0x00000006   Data   RW          785    .data               delay.o
    0x2400000e   0x00000002   PAD
    0x24000010   0x0000000b   Data   RW          918    .data               usart.o
    0x2400001b   0x00000001   PAD
    0x2400001c   0x00000009   Data   RW         1036    .data               stm32h7xx_hal.o
    0x24000025   0x00000001   Data   RW         6051    .data               key.o
    0x24000026   0x00000002   PAD
    0x24000028   0x00000008   Data   RW         6148    .data               lcd.o
    0x24000030   0x00000008   Data   RW         6419    .data               ltdc.o
    0x24000038   0x0000000d   Data   RW         6852    .data               timer.o
    0x24000045   0x00000003   Data   RW         6993    .data               exti.o
    0x24000048   0x0000001c   Data   RW         7274    .data               cpu_core.o
    0x24000064   0x00000008   Data   RW         8424    .data               os_prio.o
    0x2400006c   0x000000c4   Data   RW         8976    .data               os_var.o
    0x24000130   0x00000004   Data   RW         9000    .data               os_cpu_c.o
    0x24000134   0x00000018   Data   RW         9360    .data               tcp_client_demo.o
    0x2400014c   0x00000004   Data   RW         9534    .data               ethernetif.o
    0x24000150   0x00000012   Data   RW         9787    .data               ip.o
    0x24000162   0x00000002   PAD
    0x24000164   0x0000000c   Data   RW        10307    .data               mem.o
    0x24000170   0x00000009   Data   RW        10433    .data               netif.o
    0x24000179   0x00000003   PAD
    0x2400017c   0x00000024   Data   RW        10781    .data               tcp.o
    0x240001a0   0x00000020   Data   RW        10992    .data               tcp_in.o
    0x240001c0   0x0000001c   Data   RW        12271    .data               usmart.o
    0x240001dc   0x0000014c   Data   RW        12343    .data               usmart_config.o
    0x24000328   0x0000000b   Data   RW        12477    .data               transplant.o
    0x24000333   0x00000001   PAD
    0x24000334   0x00000014   Data   RW        12715    .data               set_par.o
    0x24000348   0x000010b0   Zero   RW           11    .bss                main.o
    0x240013f8   0x00000290   Zero   RW          916    .bss                usart.o
    0x24001688   0x0000005a   Zero   RW         6146    .bss                lcd.o
    0x240016e2   0x00000002   PAD
    0x240016e4   0x00000034   Zero   RW         6346    .bss                sdram.o
    0x24001718   0x00000128   Zero   RW         6417    .bss                ltdc.o
    0x24001840   0x00000068   Zero   RW         6656    .bss                lan8720.o
    0x240018a8   0x000000c8   Zero   RW         6850    .bss                timer.o
    0x24001970   0x000000e8   Zero   RW         6927    .bss                fdcan.o
    0x24001a58   0x00000010   Zero   RW         7272    .bss                cpu_core.o
    0x24001a68   0x00000f60   Zero   RW         7897    .bss                os_cfg_app.o
    0x240029c8   0x0000065c   Zero   RW         8975    .bss                os_var.o
    0x24003024   0x00000114   Zero   RW         9171    .bss                lwip_comm.o
    0x24003138   0x00000084   Zero   RW         9532    .bss                ethernetif.o
    0x240031bc   0x00003ebc   Zero   RW        10305    .bss                mem.o
    0x24007078   0x00003a1f   Zero   RW        10361    .bss                memp.o
    0x2400aa97   0x00000001   PAD
    0x2400aa98   0x00000030   Zero   RW        12165    .bss                tcpip.o
    0x2400aac8   0x0000004a   Zero   RW        12268    .bss                usmart.o
    0x2400ab12   0x00000002   PAD
    0x2400ab14   0x000002c8   Zero   RW        12475    .bss                transplant.o
    0x2400addc   0x00000060   Zero   RW        12940    .bss                c_w.l(libspace.o)
    0x2400ae3c   0x00000004   PAD
    0x2400ae40   0x00000000   Zero   RW          768    HEAP                startup_stm32h750xx.o
    0x2400ae40   0x00000800   Zero   RW          767    STACK               startup_stm32h750xx.o



  Load Region LR_m_qspiflash (Base: 0x90000000, Size: 0x00015ad8, Max: 0x00800000, ABSOLUTE)

    Execution Region ER_m_qspiflash (Base: 0x90000000, Size: 0x00015ad8, Max: 0x00800000, ABSOLUTE)

    Base Addr    Size         Type   Attr      Idx    E Section Name        Object

    0x90000000   0x00000034   Code   RO         7417    .text               cpu_a.o
    0x90000034   0x000000ee   Code   RO        12785    .text               c_w.l(lludivv7m.o)
    0x90000122   0x00000002   PAD
    0x90000124   0x00000018   Code   RO        12791    .text               c_w.l(noretval__2printf.o)
    0x9000013c   0x00000028   Code   RO        12793    .text               c_w.l(noretval__2sprintf.o)
    0x90000164   0x00000188   Code   RO        12841    .text               c_w.l(__printf_flags_ss_wp.o)
    0x900002ec   0x0000003e   Code   RO        12852    .text               c_w.l(strlen.o)
    0x9000032a   0x0000008a   Code   RO        12854    .text               c_w.l(rt_memcpy_v6.o)
    0x900003b4   0x00000064   Code   RO        12856    .text               c_w.l(rt_memcpy_w.o)
    0x90000418   0x0000000a   Code   RO        12920    .text               c_w.l(_sputc.o)
    0x90000422   0x00000008   Code   RO        12961    .text               c_w.l(ferror.o)
    0x9000042a   0x00000002   PAD
    0x9000042c   0x000000e4   Code   RO         9074    CODE                os_cpu_a.o
    0x90000510   0x0000000a   Ven    RO        13161    Veneer$$Code        anon$$obj.o
    0x9000051a   0x0000000a   Ven    RO        13162    Veneer$$Code        anon$$obj.o
    0x90000524   0x0000000a   Ven    RO        13163    Veneer$$Code        anon$$obj.o
    0x9000052e   0x0000000a   Ven    RO        13164    Veneer$$Code        anon$$obj.o
    0x90000538   0x0000000a   Ven    RO        13165    Veneer$$Code        anon$$obj.o
    0x90000542   0x0000000a   Ven    RO        13166    Veneer$$Code        anon$$obj.o
    0x9000054c   0x0000000a   Ven    RO        13167    Veneer$$Code        anon$$obj.o
    0x90000556   0x0000000a   Ven    RO        13168    Veneer$$Code        anon$$obj.o
    0x90000560   0x0000000a   Ven    RO        13169    Veneer$$Code        anon$$obj.o
    0x9000056a   0x0000000a   Ven    RO        13170    Veneer$$Code        anon$$obj.o
    0x90000574   0x0000000a   Ven    RO        13171    Veneer$$Code        anon$$obj.o
    0x9000057e   0x0000000a   Ven    RO        13172    Veneer$$Code        anon$$obj.o
    0x90000588   0x0000000a   Ven    RO        13173    Veneer$$Code        anon$$obj.o
    0x90000592   0x0000000a   Ven    RO        13174    Veneer$$Code        anon$$obj.o
    0x9000059c   0x0000000a   Ven    RO        13175    Veneer$$Code        anon$$obj.o
    0x900005a6   0x0000000a   Ven    RO        13176    Veneer$$Code        anon$$obj.o
    0x900005b0   0x0000000a   Ven    RO        13177    Veneer$$Code        anon$$obj.o
    0x900005ba   0x0000000a   Ven    RO        13178    Veneer$$Code        anon$$obj.o
    0x900005c4   0x0000000a   Ven    RO        13179    Veneer$$Code        anon$$obj.o
    0x900005ce   0x0000000a   Ven    RO        13180    Veneer$$Code        anon$$obj.o
    0x900005d8   0x0000000a   Ven    RO        13181    Veneer$$Code        anon$$obj.o
    0x900005e2   0x0000000a   Ven    RO        13182    Veneer$$Code        anon$$obj.o
    0x900005ec   0x00001548   Code   RO        12466    i.Auto_runing       transplant.o
    0x90001b34   0x0000000c   Code   RO         7143    i.BSP_CPU_ClkFreq   bsp.o
    0x90001b40   0x00000004   Code   RO          481    i.BusFault_Handler  stm32h7xx_it.o
    0x90001b44   0x00000010   Code   RO         7253    i.CPU_Init          cpu_core.o
    0x90001b54   0x00000084   Code   RO         7254    i.CPU_IntDisMeasInit  cpu_core.o
    0x90001bd8   0x0000001c   Code   RO         7255    i.CPU_IntDisMeasMaxCalc  cpu_core.o
    0x90001bf4   0x0000002c   Code   RO         7256    i.CPU_IntDisMeasMaxCurGet  cpu_core.o
    0x90001c20   0x0000002c   Code   RO         7257    i.CPU_IntDisMeasMaxCurReset  cpu_core.o
    0x90001c4c   0x0000002c   Code   RO         7258    i.CPU_IntDisMeasMaxGet  cpu_core.o
    0x90001c78   0x00000034   Code   RO         7259    i.CPU_IntDisMeasStart  cpu_core.o
    0x90001cac   0x00000054   Code   RO         7260    i.CPU_IntDisMeasStop  cpu_core.o
    0x90001d00   0x00000038   Code   RO         7261    i.CPU_NameClr       cpu_core.o
    0x90001d38   0x00000008   Code   RO         7263    i.CPU_NameInit      cpu_core.o
    0x90001d40   0x00000014   Code   RO         7268    i.CPU_TS_Init       cpu_core.o
    0x90001d54   0x0000000c   Code   RO         7270    i.CPU_TS_TmrFreqSet  cpu_core.o
    0x90001d60   0x00000034   Code   RO         7145    i.CPU_TS_TmrInit    bsp.o
    0x90001d94   0x0000000c   Code   RO         7146    i.CPU_TS_TmrRd      bsp.o
    0x90001da0   0x00000054   Code   RO        12746    i.DIR_io_init       set_io.o
    0x90001df4   0x00000002   Code   RO          482    i.DebugMon_Handler  stm32h7xx_it.o
    0x90001df6   0x00000002   PAD
    0x90001df8   0x00000038   Code   RO         6636    i.ETH_IRQHandler    lan8720.o
    0x90001e30   0x0000000a   Code   RO         6984    i.EXTI0_IRQHandler  exti.o
    0x90001e3a   0x0000000c   Code   RO         6985    i.EXTI15_10_IRQHandler  exti.o
    0x90001e46   0x0000000a   Code   RO         6986    i.EXTI2_IRQHandler  exti.o
    0x90001e50   0x0000000a   Code   RO         6987    i.EXTI3_IRQHandler  exti.o
    0x90001e5a   0x00000002   PAD
    0x90001e5c   0x000000e8   Code   RO         6988    i.EXTI_Init         exti.o
    0x90001f44   0x00000044   Code   RO         9354    i.Eth_send          tcp_client_demo.o
    0x90001f88   0x000000a8   Code   RO         6922    i.FDCAN1_Mode_Init  fdcan.o
    0x90002030   0x00000258   Code   RO         5440    i.FDCAN_CalcultateRamBlockAddresses  stm32h7xx_hal_fdcan.o
    0x90002288   0x00000048   Code   RO         4276    i.FMC_NORSRAM_Extended_Timing_Init  stm32h7xx_ll_fmc.o
    0x900022d0   0x00000080   Code   RO         4277    i.FMC_NORSRAM_Init  stm32h7xx_ll_fmc.o
    0x90002350   0x0000005e   Code   RO         4278    i.FMC_NORSRAM_Timing_Init  stm32h7xx_ll_fmc.o
    0x900023ae   0x00000074   Code   RO         4283    i.FMC_SDRAM_Init    stm32h7xx_ll_fmc.o
    0x90002422   0x0000000e   Code   RO         4284    i.FMC_SDRAM_ProgramRefreshRate  stm32h7xx_ll_fmc.o
    0x90002430   0x00000026   Code   RO         4285    i.FMC_SDRAM_SendCommand  stm32h7xx_ll_fmc.o
    0x90002456   0x00000002   PAD
    0x90002458   0x0000009c   Code   RO         4287    i.FMC_SDRAM_Timing_Init  stm32h7xx_ll_fmc.o
    0x900024f4   0x000000f8   Code   RO         1455    i.HAL_DMA_Abort_IT  stm32h7xx_hal_dma.o
    0x900025ec   0x00000080   Code   RO         4988    i.HAL_ETH_BuildRxDescriptors  stm32h7xx_hal_eth.o
    0x9000266c   0x000000d6   Code   RO         5002    i.HAL_ETH_GetRxDataBuffer  stm32h7xx_hal_eth.o
    0x90002742   0x00000040   Code   RO         5004    i.HAL_ETH_GetRxDataLength  stm32h7xx_hal_eth.o
    0x90002782   0x000000fe   Code   RO         5008    i.HAL_ETH_IsRxDataAvailable  stm32h7xx_hal_eth.o
    0x90002880   0x000000ac   Code   RO         5443    i.HAL_FDCAN_ActivateNotification  stm32h7xx_hal_fdcan.o
    0x9000292c   0x000000aa   Code   RO         5450    i.HAL_FDCAN_ConfigFilter  stm32h7xx_hal_fdcan.o
    0x900029d6   0x00000024   Code   RO         5458    i.HAL_FDCAN_DeInit  stm32h7xx_hal_fdcan.o
    0x900029fa   0x00000002   PAD
    0x900029fc   0x000002b0   Code   RO         5486    i.HAL_FDCAN_Init    stm32h7xx_hal_fdcan.o
    0x90002cac   0x0000001c   Code   RO         6925    i.HAL_FDCAN_MspDeInit  fdcan.o
    0x90002cc8   0x0000007c   Code   RO         6926    i.HAL_FDCAN_MspInit  fdcan.o
    0x90002d44   0x00000034   Code   RO         5498    i.HAL_FDCAN_Start   stm32h7xx_hal_fdcan.o
    0x90002d78   0x00000068   Code   RO         5499    i.HAL_FDCAN_Stop    stm32h7xx_hal_fdcan.o
    0x90002de0   0x000000b8   Code   RO         6989    i.HAL_GPIO_EXTI_Callback  exti.o
    0x90002e98   0x0000005e   Code   RO         4725    i.HAL_LTDC_ConfigLayer  stm32h7xx_hal_ltdc.o
    0x90002ef6   0x00000002   PAD
    0x90002ef8   0x0000011c   Code   RO         4742    i.HAL_LTDC_Init     stm32h7xx_hal_ltdc.o
    0x90003014   0x000000fc   Code   RO         6401    i.HAL_LTDC_MspInit  ltdc.o
    0x90003110   0x0000006c   Code   RO         4757    i.HAL_LTDC_SetWindowPosition  stm32h7xx_hal_ltdc.o
    0x9000317c   0x0000006c   Code   RO         4759    i.HAL_LTDC_SetWindowSize  stm32h7xx_hal_ltdc.o
    0x900031e8   0x00000038   Code   RO         2392    i.HAL_RCCEx_GetD1SysClockFreq  stm32h7xx_hal_rcc_ex.o
    0x90003220   0x0000002c   Code   RO         2393    i.HAL_RCCEx_GetD3PCLK1Freq  stm32h7xx_hal_rcc_ex.o
    0x9000324c   0x00000248   Code   RO         2395    i.HAL_RCCEx_GetPLL2ClockFreq  stm32h7xx_hal_rcc_ex.o
    0x90003494   0x00000248   Code   RO         2396    i.HAL_RCCEx_GetPLL3ClockFreq  stm32h7xx_hal_rcc_ex.o
    0x900036dc   0x00000b38   Code   RO         2400    i.HAL_RCCEx_PeriphCLKConfig  stm32h7xx_hal_rcc_ex.o
    0x90004214   0x00000050   Code   RO         4570    i.HAL_SDRAM_Init    stm32h7xx_hal_sdram.o
    0x90004264   0x00000194   Code   RO         6342    i.HAL_SDRAM_MspInit  sdram.o
    0x900043f8   0x00000028   Code   RO         4573    i.HAL_SDRAM_ProgramRefreshRate  stm32h7xx_hal_sdram.o
    0x90004420   0x0000003a   Code   RO         4579    i.HAL_SDRAM_SendCommand  stm32h7xx_hal_sdram.o
    0x9000445a   0x00000002   PAD
    0x9000445c   0x00000068   Code   RO         4150    i.HAL_SRAM_Init     stm32h7xx_hal_sram.o
    0x900044c4   0x00000098   Code   RO         6113    i.HAL_SRAM_MspInit  lcd.o
    0x9000455c   0x00000002   Code   RO         3887    i.HAL_TIMEx_BreakCallback  stm32h7xx_hal_tim_ex.o
    0x9000455e   0x00000002   Code   RO         3888    i.HAL_TIMEx_CommutationCallback  stm32h7xx_hal_tim_ex.o
    0x90004560   0x000000b4   Code   RO         3889    i.HAL_TIMEx_ConfigBreakDeadTime  stm32h7xx_hal_tim_ex.o
    0x90004614   0x0000006c   Code   RO         3906    i.HAL_TIMEx_MasterConfigSynchronization  stm32h7xx_hal_tim_ex.o
    0x90004680   0x00000034   Code   RO         3232    i.HAL_TIM_Base_Init  stm32h7xx_hal_tim.o
    0x900046b4   0x00000016   Code   RO         6841    i.HAL_TIM_Base_MspInit  timer.o
    0x900046ca   0x0000001e   Code   RO         3235    i.HAL_TIM_Base_Start  stm32h7xx_hal_tim.o
    0x900046e8   0x0000001e   Code   RO         3237    i.HAL_TIM_Base_Start_IT  stm32h7xx_hal_tim.o
    0x90004706   0x00000038   Code   RO         3240    i.HAL_TIM_Base_Stop_IT  stm32h7xx_hal_tim.o
    0x9000473e   0x00000002   PAD
    0x90004740   0x0000013c   Code   RO         3241    i.HAL_TIM_ConfigClockSource  stm32h7xx_hal_tim.o
    0x9000487c   0x00000002   Code   RO         3261    i.HAL_TIM_IC_CaptureCallback  stm32h7xx_hal_tim.o
    0x9000487e   0x000001b8   Code   RO         3274    i.HAL_TIM_IRQHandler  stm32h7xx_hal_tim.o
    0x90004a36   0x00000002   Code   RO         3277    i.HAL_TIM_OC_DelayElapsedCallback  stm32h7xx_hal_tim.o
    0x90004a38   0x00000174   Code   RO         3298    i.HAL_TIM_PWM_ConfigChannel  stm32h7xx_hal_tim.o
    0x90004bac   0x00000002   Code   RO         3304    i.HAL_TIM_PWM_PulseFinishedCallback  stm32h7xx_hal_tim.o
    0x90004bae   0x00000002   PAD
    0x90004bb0   0x00000070   Code   RO         3305    i.HAL_TIM_PWM_Start  stm32h7xx_hal_tim.o
    0x90004c20   0x000000bc   Code   RO         3307    i.HAL_TIM_PWM_Start_IT  stm32h7xx_hal_tim.o
    0x90004cdc   0x000000f0   Code   RO         3310    i.HAL_TIM_PWM_Stop_IT  stm32h7xx_hal_tim.o
    0x90004dcc   0x00000048   Code   RO         6842    i.HAL_TIM_PeriodElapsedCallback  timer.o
    0x90004e14   0x00000056   Code   RO         3313    i.HAL_TIM_SlaveConfigSynchronization  stm32h7xx_hal_tim.o
    0x90004e6a   0x00000002   Code   RO         3315    i.HAL_TIM_TriggerCallback  stm32h7xx_hal_tim.o
    0x90004e6c   0x00000002   Code   RO         2906    i.HAL_UARTEx_WakeupCallback  stm32h7xx_hal_uart_ex.o
    0x90004e6e   0x00000002   Code   RO         2570    i.HAL_UART_ErrorCallback  stm32h7xx_hal_uart.o
    0x90004e70   0x00000014   Code   RO         2572    i.HAL_UART_GetState  stm32h7xx_hal_uart.o
    0x90004e84   0x000001bc   Code   RO         2573    i.HAL_UART_IRQHandler  stm32h7xx_hal_uart.o
    0x90005040   0x00000078   Code   RO         2574    i.HAL_UART_Init     stm32h7xx_hal_uart.o
    0x900050b8   0x000000e0   Code   RO         2579    i.HAL_UART_Receive_IT  stm32h7xx_hal_uart.o
    0x90005198   0x000000c6   Code   RO         2582    i.HAL_UART_Transmit  stm32h7xx_hal_uart.o
    0x9000525e   0x00000002   Code   RO         2585    i.HAL_UART_TxCpltCallback  stm32h7xx_hal_uart.o
    0x90005260   0x00000004   Code   RO          483    i.HardFault_Handler  stm32h7xx_it.o
    0x90005264   0x00000058   Code   RO         6519    i.IIC_Init          myiic.o
    0x900052bc   0x0000007c   Code   RO         6522    i.IIC_Send_Byte     myiic.o
    0x90005338   0x00000054   Code   RO         6523    i.IIC_Start         myiic.o
    0x9000538c   0x00000054   Code   RO         6524    i.IIC_Stop          myiic.o
    0x900053e0   0x00000068   Code   RO         6525    i.IIC_Wait_Ack      myiic.o
    0x90005448   0x000000d0   Code   RO         6049    i.KEY_Scan          key.o
    0x90005518   0x00000048   Code   RO         6115    i.LCD_Clear         lcd.o
    0x90005560   0x00000180   Code   RO         6119    i.LCD_Display_Dir   lcd.o
    0x900056e0   0x00000124   Code   RO         6124    i.LCD_Fast_DrawPoint  lcd.o
    0x90005804   0x00002464   Code   RO         6126    i.LCD_Init          lcd.o
    0x90007c68   0x0000004e   Code   RO         6127    i.LCD_MPU_Config    lcd.o
    0x90007cb6   0x00000016   Code   RO         6128    i.LCD_Pow           lcd.o
    0x90007ccc   0x00000014   Code   RO         6129    i.LCD_RD_DATA       lcd.o
    0x90007ce0   0x00000054   Code   RO         6132    i.LCD_SSD_BackLightSet  lcd.o
    0x90007d34   0x00000274   Code   RO         6133    i.LCD_Scan_Dir      lcd.o
    0x90007fa8   0x00000138   Code   RO         6134    i.LCD_SetCursor     lcd.o
    0x900080e0   0x0000013c   Code   RO         6136    i.LCD_ShowChar      lcd.o
    0x9000821c   0x00000094   Code   RO         6137    i.LCD_ShowNum       lcd.o
    0x900082b0   0x00000066   Code   RO         6138    i.LCD_ShowString    lcd.o
    0x90008316   0x00000002   PAD
    0x90008318   0x00000018   Code   RO         6140    i.LCD_WR_DATA       lcd.o
    0x90008330   0x00000018   Code   RO         6141    i.LCD_WR_REG        lcd.o
    0x90008348   0x00000014   Code   RO         6143    i.LCD_WriteRAM_Prepare  lcd.o
    0x9000835c   0x00000010   Code   RO         6144    i.LCD_WriteReg      lcd.o
    0x9000836c   0x00000058   Code   RO         6022    i.LED_Init          led.o
    0x900083c4   0x00000024   Code   RO         6402    i.LTDC_Clear        ltdc.o
    0x900083e8   0x0000002e   Code   RO         6403    i.LTDC_Clk_Set      ltdc.o
    0x90008416   0x00000002   PAD
    0x90008418   0x0000002c   Code   RO         6405    i.LTDC_Display_Dir  ltdc.o
    0x90008444   0x00000050   Code   RO         6406    i.LTDC_Draw_Point   ltdc.o
    0x90008494   0x00000148   Code   RO         6407    i.LTDC_Fill         ltdc.o
    0x900085dc   0x000003fc   Code   RO         6408    i.LTDC_Init         ltdc.o
    0x900089d8   0x0000007c   Code   RO         6409    i.LTDC_Layer_Parameter_Config  ltdc.o
    0x90008a54   0x00000030   Code   RO         6411    i.LTDC_Layer_Window_Config  ltdc.o
    0x90008a84   0x000000d0   Code   RO         6412    i.LTDC_PanelID_Read  ltdc.o
    0x90008b54   0x0000000c   Code   RO         6414    i.LTDC_Select_Layer  ltdc.o
    0x90008b60   0x00000212   Code   RO         4761    i.LTDC_SetConfig    stm32h7xx_hal_ltdc.o
    0x90008d72   0x00000030   Code   RO         6081    i.MPU_Memory_Protection  mpu.o
    0x90008da2   0x0000005e   Code   RO         6082    i.MPU_Set_Protection  mpu.o
    0x90008e00   0x00000012   Code   RO         7561    i.Mem_Clr           lib_mem.o
    0x90008e12   0x00000054   Code   RO         7588    i.Mem_Set           lib_mem.o
    0x90008e66   0x00000002   Code   RO          484    i.NMI_Handler       stm32h7xx_it.o
    0x90008e68   0x00000002   Code   RO         7896    i.OSCfg_Init        os_cfg_app.o
    0x90008e6a   0x00000002   PAD
    0x90008e6c   0x00000014   Code   RO         8989    i.OSIdleTaskHook    os_cpu_c.o
    0x90008e80   0x00000168   Code   RO         7919    i.OSInit            os_core.o
    0x90008fe8   0x00000028   Code   RO         8990    i.OSInitHook        os_cpu_c.o
    0x90009010   0x0000002c   Code   RO         7920    i.OSIntEnter        os_core.o
    0x9000903c   0x000000dc   Code   RO         7921    i.OSIntExit         os_core.o
    0x90009118   0x0000006c   Code   RO         8306    i.OSMutexCreate     os_mutex.o
    0x90009184   0x000001ec   Code   RO         8308    i.OSMutexPend       os_mutex.o
    0x90009370   0x0000017c   Code   RO         8310    i.OSMutexPost       os_mutex.o
    0x900094ec   0x00000040   Code   RO         8462    i.OSQPost           os_q.o
    0x9000952c   0x000000a4   Code   RO         7922    i.OSSched           os_core.o
    0x900095d0   0x00000064   Code   RO         7923    i.OSSchedLock       os_core.o
    0x90009634   0x0000006c   Code   RO         7924    i.OSSchedRoundRobinCfg  os_core.o
    0x900096a0   0x00000088   Code   RO         7926    i.OSSchedUnlock     os_core.o
    0x90009728   0x00000188   Code   RO         8531    i.OSSemPend         os_sem.o
    0x900098b0   0x0000003c   Code   RO         8533    i.OSSemPost         os_sem.o
    0x900098ec   0x00000068   Code   RO         7927    i.OSStart           os_core.o
    0x90009954   0x00000148   Code   RO         8601    i.OSStatReset       os_stat.o
    0x90009a9c   0x00000100   Code   RO         8602    i.OSStatTaskCPUUsageInit  os_stat.o
    0x90009b9c   0x00000014   Code   RO         8991    i.OSStatTaskHook    os_cpu_c.o
    0x90009bb0   0x0000015c   Code   RO         8632    i.OSTaskCreate      os_task.o
    0x90009d0c   0x00000018   Code   RO         8992    i.OSTaskCreateHook  os_cpu_c.o
    0x90009d24   0x0000019c   Code   RO         8633    i.OSTaskDel         os_task.o
    0x90009ec0   0x00000018   Code   RO         8993    i.OSTaskDelHook     os_cpu_c.o
    0x90009ed8   0x00000036   Code   RO         8641    i.OSTaskResume      os_task.o
    0x90009f0e   0x00000002   PAD
    0x90009f10   0x00000018   Code   RO         8994    i.OSTaskReturnHook  os_cpu_c.o
    0x90009f28   0x000001c8   Code   RO         8642    i.OSTaskSemPend     os_task.o
    0x9000a0f0   0x00000024   Code   RO         8644    i.OSTaskSemPost     os_task.o
    0x9000a114   0x000000bc   Code   RO         8646    i.OSTaskStkChk      os_task.o
    0x9000a1d0   0x000000c4   Code   RO         8995    i.OSTaskStkInit     os_cpu_c.o
    0x9000a294   0x00000024   Code   RO         8647    i.OSTaskSuspend     os_task.o
    0x9000a2b8   0x0000007c   Code   RO         8996    i.OSTaskSwHook      os_cpu_c.o
    0x9000a334   0x000000b0   Code   RO         8851    i.OSTimeDly         os_time.o
    0x9000a3e4   0x00000114   Code   RO         8852    i.OSTimeDlyHMSM     os_time.o
    0x9000a4f8   0x0000003c   Code   RO         8853    i.OSTimeGet         os_time.o
    0x9000a534   0x0000005c   Code   RO         8855    i.OSTimeTick        os_time.o
    0x9000a590   0x00000014   Code   RO         8997    i.OSTimeTickHook    os_cpu_c.o
    0x9000a5a4   0x000001a8   Code   RO         8141    i.OS_Dbg_Init       os_dbg.o
    0x9000a74c   0x00000018   Code   RO         8164    i.OS_FlagInit       os_flag.o
    0x9000a764   0x0000004c   Code   RO         7929    i.OS_IdleTask       os_core.o
    0x9000a7b0   0x00000070   Code   RO         7930    i.OS_IdleTaskInit   os_core.o
    0x9000a820   0x00000018   Code   RO         8238    i.OS_MemInit        os_mem.o
    0x9000a838   0x0000005c   Code   RO         8270    i.OS_MsgPoolInit    os_msg.o
    0x9000a894   0x00000044   Code   RO         8271    i.OS_MsgQFreeAll    os_msg.o
    0x9000a8d8   0x0000000e   Code   RO         8273    i.OS_MsgQInit       os_msg.o
    0x9000a8e6   0x00000002   PAD
    0x9000a8e8   0x00000104   Code   RO         8274    i.OS_MsgQPut        os_msg.o
    0x9000a9ec   0x00000030   Code   RO         8312    i.OS_MutexDbgListAdd  os_mutex.o
    0x9000aa1c   0x00000008   Code   RO         8314    i.OS_MutexGrpAdd    os_mutex.o
    0x9000aa24   0x00000060   Code   RO         8315    i.OS_MutexGrpPostAll  os_mutex.o
    0x9000aa84   0x0000002c   Code   RO         8316    i.OS_MutexGrpPrioFindHighest  os_mutex.o
    0x9000aab0   0x0000001c   Code   RO         8317    i.OS_MutexGrpRemove  os_mutex.o
    0x9000aacc   0x00000018   Code   RO         8318    i.OS_MutexInit      os_mutex.o
    0x9000aae4   0x00000068   Code   RO         7931    i.OS_Pend           os_core.o
    0x9000ab4c   0x00000028   Code   RO         7934    i.OS_PendDataInit   os_core.o
    0x9000ab74   0x0000005c   Code   RO         7935    i.OS_PendDbgNameAdd  os_core.o
    0x9000abd0   0x00000024   Code   RO         7936    i.OS_PendDbgNameRemove  os_core.o
    0x9000abf4   0x0000003a   Code   RO         7937    i.OS_PendListChangePrio  os_core.o
    0x9000ac2e   0x0000000a   Code   RO         7938    i.OS_PendListInit   os_core.o
    0x9000ac38   0x00000066   Code   RO         7940    i.OS_PendListInsertPrio  os_core.o
    0x9000ac9e   0x00000034   Code   RO         7941    i.OS_PendListRemove  os_core.o
    0x9000acd2   0x00000042   Code   RO         7942    i.OS_PendListRemove1  os_core.o
    0x9000ad14   0x000000d6   Code   RO         7945    i.OS_Post           os_core.o
    0x9000adea   0x0000002c   Code   RO         7946    i.OS_Post1          os_core.o
    0x9000ae16   0x00000002   PAD
    0x9000ae18   0x00000028   Code   RO         8420    i.OS_PrioGetHighest  os_prio.o
    0x9000ae40   0x00000018   Code   RO         8421    i.OS_PrioInit       os_prio.o
    0x9000ae58   0x00000024   Code   RO         8422    i.OS_PrioInsert     os_prio.o
    0x9000ae7c   0x00000024   Code   RO         8423    i.OS_PrioRemove     os_prio.o
    0x9000aea0   0x00000018   Code   RO         8466    i.OS_QInit          os_q.o
    0x9000aeb8   0x000000ca   Code   RO         8467    i.OS_QPost          os_q.o
    0x9000af82   0x00000002   PAD
    0x9000af84   0x00000024   Code   RO         7947    i.OS_RdyListInit    os_core.o
    0x9000afa8   0x0000002c   Code   RO         7948    i.OS_RdyListInsert  os_core.o
    0x9000afd4   0x00000040   Code   RO         7949    i.OS_RdyListInsertHead  os_core.o
    0x9000b014   0x0000003c   Code   RO         7950    i.OS_RdyListInsertTail  os_core.o
    0x9000b050   0x00000044   Code   RO         7951    i.OS_RdyListMoveHeadToTail  os_core.o
    0x9000b094   0x0000005c   Code   RO         7952    i.OS_RdyListRemove  os_core.o
    0x9000b0f0   0x000000ec   Code   RO         7953    i.OS_SchedRoundRobin  os_core.o
    0x9000b1dc   0x00000018   Code   RO         8538    i.OS_SemInit        os_sem.o
    0x9000b1f4   0x0000013e   Code   RO         8539    i.OS_SemPost        os_sem.o
    0x9000b332   0x00000002   PAD
    0x9000b334   0x00000324   Code   RO         8603    i.OS_StatTask       os_stat.o
    0x9000b658   0x000000cc   Code   RO         8604    i.OS_StatTaskInit   os_stat.o
    0x9000b724   0x0000002c   Code   RO         7954    i.OS_TaskBlock      os_core.o
    0x9000b750   0x000000ec   Code   RO         8649    i.OS_TaskChangePrio  os_task.o
    0x9000b83c   0x00000030   Code   RO         8650    i.OS_TaskDbgListAdd  os_task.o
    0x9000b86c   0x00000044   Code   RO         8651    i.OS_TaskDbgListRemove  os_task.o
    0x9000b8b0   0x00000020   Code   RO         8652    i.OS_TaskInit       os_task.o
    0x9000b8d0   0x000000cc   Code   RO         8653    i.OS_TaskInitTCB    os_task.o
    0x9000b99c   0x0000011c   Code   RO         8655    i.OS_TaskResume     os_task.o
    0x9000bab8   0x00000018   Code   RO         8656    i.OS_TaskReturn     os_task.o
    0x9000bad0   0x000001f0   Code   RO         8657    i.OS_TaskSemPost    os_task.o
    0x9000bcc0   0x00000138   Code   RO         8658    i.OS_TaskSuspend    os_task.o
    0x9000bdf8   0x00000086   Code   RO         8805    i.OS_TickListInsert  os_tick.o
    0x9000be7e   0x00000002   PAD
    0x9000be80   0x000000bc   Code   RO         8806    i.OS_TickListInsertDly  os_tick.o
    0x9000bf3c   0x00000058   Code   RO         8807    i.OS_TickListRemove  os_tick.o
    0x9000bf94   0x000000a0   Code   RO         8808    i.OS_TickListUpdateDly  os_tick.o
    0x9000c034   0x0000011c   Code   RO         8809    i.OS_TickListUpdateTimeout  os_tick.o
    0x9000c150   0x0000006c   Code   RO         8810    i.OS_TickTask       os_tick.o
    0x9000c1bc   0x000000c8   Code   RO         8811    i.OS_TickTaskInit   os_tick.o
    0x9000c284   0x00000134   Code   RO         8896    i.OS_TmrInit        os_tmr.o
    0x9000c3b8   0x00000018   Code   RO         8897    i.OS_TmrLock        os_tmr.o
    0x9000c3d0   0x00000094   Code   RO         8898    i.OS_TmrTask        os_tmr.o
    0x9000c464   0x00000044   Code   RO         8899    i.OS_TmrUnlink      os_tmr.o
    0x9000c4a8   0x00000014   Code   RO         8900    i.OS_TmrUnlock      os_tmr.o
    0x9000c4bc   0x00000068   Code   RO         6586    i.PCF8574_Init      pcf8574.o
    0x9000c524   0x00000028   Code   RO         6590    i.PCF8574_WriteOneByte  pcf8574.o
    0x9000c54c   0x00000074   Code   RO         6843    i.PWM_gpio          timer.o
    0x9000c5c0   0x00000084   Code   RO         6844    i.Plus_out          timer.o
    0x9000c644   0x00000078   Code   RO         6845    i.Plus_out_stop     timer.o
    0x9000c6bc   0x00000130   Code   RO         2403    i.RCCEx_PLL2_Config  stm32h7xx_hal_rcc_ex.o
    0x9000c7ec   0x00000130   Code   RO         2404    i.RCCEx_PLL3_Config  stm32h7xx_hal_rcc_ex.o
    0x9000c91c   0x00000058   Code   RO        12747    i.REY_io_init       set_io.o
    0x9000c974   0x00000150   Code   RO        12748    i.REY_n             set_io.o
    0x9000cac4   0x0000007c   Code   RO         9524    i.SCB_CleanInvalidateDCache  ethernetif.o
    0x9000cb40   0x00000068   Code   RO         6343    i.SDRAM_Init        sdram.o
    0x9000cba8   0x00000054   Code   RO         6344    i.SDRAM_Initialization_Sequence  sdram.o
    0x9000cbfc   0x00000048   Code   RO         6345    i.SDRAM_Send_Cmd    sdram.o
    0x9000cc44   0x00000002   Code   RO          485    i.SVC_Handler       stm32h7xx_it.o
    0x9000cc46   0x00000002   PAD
    0x9000cc48   0x00000010   Code   RO         6846    i.TIM2_IRQHandler   timer.o
    0x9000cc58   0x00000064   Code   RO         6847    i.TIM2_Init         timer.o
    0x9000ccbc   0x000000e8   Code   RO         6848    i.TIM8_Init         timer.o
    0x9000cda4   0x000000cc   Code   RO         3316    i.TIM_Base_SetConfig  stm32h7xx_hal_tim.o
    0x9000ce70   0x0000001c   Code   RO         3317    i.TIM_CCxChannelCmd  stm32h7xx_hal_tim.o
    0x9000ce8c   0x00000018   Code   RO         3323    i.TIM_ETR_SetConfig  stm32h7xx_hal_tim.o
    0x9000cea4   0x00000018   Code   RO         3324    i.TIM_ITRx_SetConfig  stm32h7xx_hal_tim.o
    0x9000cebc   0x000000b0   Code   RO         3325    i.TIM_OC1_SetConfig  stm32h7xx_hal_tim.o
    0x9000cf6c   0x000000bc   Code   RO         3326    i.TIM_OC2_SetConfig  stm32h7xx_hal_tim.o
    0x9000d028   0x000000b4   Code   RO         3327    i.TIM_OC3_SetConfig  stm32h7xx_hal_tim.o
    0x9000d0dc   0x00000078   Code   RO         3328    i.TIM_OC4_SetConfig  stm32h7xx_hal_tim.o
    0x9000d154   0x00000070   Code   RO         3329    i.TIM_OC5_SetConfig  stm32h7xx_hal_tim.o
    0x9000d1c4   0x00000074   Code   RO         3330    i.TIM_OC6_SetConfig  stm32h7xx_hal_tim.o
    0x9000d238   0x000000ac   Code   RO         3331    i.TIM_SlaveTimer_SetConfig  stm32h7xx_hal_tim.o
    0x9000d2e4   0x0000002a   Code   RO         3332    i.TIM_TI1_ConfigInputStage  stm32h7xx_hal_tim.o
    0x9000d30e   0x0000002c   Code   RO         3334    i.TIM_TI2_ConfigInputStage  stm32h7xx_hal_tim.o
    0x9000d33a   0x000000ea   Code   RO         2587    i.UART_AdvFeatureConfig  stm32h7xx_hal_uart.o
    0x9000d424   0x00000074   Code   RO         2588    i.UART_CheckIdleState  stm32h7xx_hal_uart.o
    0x9000d498   0x00000018   Code   RO         2589    i.UART_DMAAbortOnError  stm32h7xx_hal_uart.o
    0x9000d4b0   0x00000020   Code   RO         2599    i.UART_EndRxTransfer  stm32h7xx_hal_uart.o
    0x9000d4d0   0x00000020   Code   RO         2600    i.UART_EndTransmit_IT  stm32h7xx_hal_uart.o
    0x9000d4f0   0x0000008a   Code   RO         2602    i.UART_Receive_IT   stm32h7xx_hal_uart.o
    0x9000d57a   0x00000002   PAD
    0x9000d57c   0x00000900   Code   RO         2603    i.UART_SetConfig    stm32h7xx_hal_uart.o
    0x9000de7c   0x00000082   Code   RO         2604    i.UART_Transmit_IT  stm32h7xx_hal_uart.o
    0x9000defe   0x0000006c   Code   RO         2605    i.UART_WaitOnFlagUntilTimeout  stm32h7xx_hal_uart.o
    0x9000df6a   0x00000004   Code   RO          486    i.UsageFault_Handler  stm32h7xx_it.o
    0x9000df6e   0x0000000e   Code   RO        12834    i._is_digit         c_w.l(__printf_wp.o)
    0x9000df7c   0x0000006e   Code   RO        11664    i.do_write          api_msg.o
    0x9000dfea   0x00000166   Code   RO        11665    i.do_writemore      api_msg.o
    0x9000e150   0x0000003c   Code   RO         9527    i.ethernetif_input  ethernetif.o
    0x9000e18c   0x00000014   Code   RO         9733    i.inet_chksum       inet_chksum.o
    0x9000e1a0   0x000001ac   Code   RO         9908    i.ip_frag           ip_frag.o
    0x9000e34c   0x0000000a   Code   RO         9909    i.ip_frag_alloc_pbuf_custom_ref  ip_frag.o
    0x9000e356   0x00000012   Code   RO         9910    i.ip_frag_free_pbuf_custom_ref  ip_frag.o
    0x9000e368   0x0000003c   Code   RO         9783    i.ip_output         ip.o
    0x9000e3a4   0x000000d0   Code   RO         9784    i.ip_output_if      ip.o
    0x9000e474   0x00000058   Code   RO         9785    i.ip_route          ip.o
    0x9000e4cc   0x00000020   Code   RO         9918    i.ipfrag_free_pbuf_custom  ip_frag.o
    0x9000e4ec   0x00000002   Code   RO        12551    i.leftcan_fetch     trans_byhand.o
    0x9000e4ee   0x00000002   Code   RO        12552    i.leftcan_release   trans_byhand.o
    0x9000e4f0   0x00000080   Code   RO         9529    i.low_level_input   ethernetif.o
    0x9000e570   0x0000001a   Code   RO         9990    i.lwip_htonl        def.o
    0x9000e58a   0x0000000c   Code   RO         9991    i.lwip_htons        def.o
    0x9000e596   0x0000000c   Code   RO         9992    i.lwip_ntohl        def.o
    0x9000e5a2   0x0000000c   Code   RO         9993    i.lwip_ntohs        def.o
    0x9000e5ae   0x00000002   PAD
    0x9000e5b0   0x00000010   Code   RO         9170    i.lwip_pkt_handle   lwip_comm.o
    0x9000e5c0   0x0000005e   Code   RO         9737    i.lwip_standard_chksum  inet_chksum.o
    0x9000e61e   0x00000002   PAD
    0x9000e620   0x00000078   Code   RO        10300    i.mem_free          mem.o
    0x9000e698   0x00000114   Code   RO        10302    i.mem_malloc        mem.o
    0x9000e7ac   0x00000038   Code   RO        10357    i.memp_free         memp.o
    0x9000e7e4   0x00000040   Code   RO        10360    i.memp_malloc       memp.o
    0x9000e824   0x000000ac   Code   RO        11523    i.netconn_write_partly  api_lib.o
    0x9000e8d0   0x000001a2   Code   RO        10526    i.pbuf_alloc        pbuf.o
    0x9000ea72   0x00000074   Code   RO        10527    i.pbuf_alloced_custom  pbuf.o
    0x9000eae6   0x00000038   Code   RO        10528    i.pbuf_cat          pbuf.o
    0x9000eb1e   0x00000012   Code   RO        10530    i.pbuf_clen         pbuf.o
    0x9000eb30   0x000000a2   Code   RO        10535    i.pbuf_free         pbuf.o
    0x9000ebd2   0x00000086   Code   RO        10537    i.pbuf_header       pbuf.o
    0x9000ec58   0x0000001a   Code   RO        10541    i.pbuf_ref          pbuf.o
    0x9000ec72   0x00000002   PAD
    0x9000ec74   0x0000003c   Code   RO        12469    i.planting_ERR      transplant.o
    0x9000ecb0   0x0000004c   Code   RO        12471    i.planting_start    transplant.o
    0x9000ecfc   0x0000003c   Code   RO        12472    i.planting_stop     transplant.o
    0x9000ed38   0x00000088   Code   RO        10304    i.plug_holes        mem.o
    0x9000edc0   0x00000006   Code   RO        12260    i.read_addr         usmart.o
    0x9000edc6   0x00000002   Code   RO        12553    i.rightcan_fetch    trans_byhand.o
    0x9000edc8   0x00000002   Code   RO        12554    i.rightcan_release  trans_byhand.o
    0x9000edca   0x00000002   PAD
    0x9000edcc   0x00000048   Code   RO         6849    i.set_TIM8_HZ       timer.o
    0x9000ee14   0x0000001c   Code   RO         6990    i.set_zero          exti.o
    0x9000ee30   0x00000048   Code   RO         6991    i.show_n            exti.o
    0x9000ee78   0x00000076   Code   RO        11368    i.sys_arch_sem_wait  sys_arch.o
    0x9000eeee   0x00000002   PAD
    0x9000eef0   0x00000054   Code   RO        11372    i.sys_mbox_post     sys_arch.o
    0x9000ef44   0x00000024   Code   RO        11375    i.sys_mbox_valid    sys_arch.o
    0x9000ef68   0x00000014   Code   RO        11381    i.sys_sem_signal    sys_arch.o
    0x9000ef7c   0x000000b8   Code   RO        11045    i.tcp_create_segment  tcp_out.o
    0x9000f034   0x0000002e   Code   RO        10754    i.tcp_eff_send_mss  tcp.o
    0x9000f062   0x00000002   PAD
    0x9000f064   0x000001c0   Code   RO        11048    i.tcp_output        tcp_out.o
    0x9000f224   0x00000078   Code   RO        11049    i.tcp_output_alloc_header  tcp_out.o
    0x9000f29c   0x000000d8   Code   RO        11050    i.tcp_output_segment  tcp_out.o
    0x9000f374   0x00000078   Code   RO        11051    i.tcp_pbuf_prealloc  tcp_out.o
    0x9000f3ec   0x0000001a   Code   RO        10771    i.tcp_seg_free      tcp.o
    0x9000f406   0x00000018   Code   RO        10772    i.tcp_segs_free     tcp.o
    0x9000f41e   0x00000056   Code   RO        11056    i.tcp_send_empty_ack  tcp_out.o
    0x9000f474   0x000003d0   Code   RO        11058    i.tcp_write         tcp_out.o
    0x9000f844   0x00000080   Code   RO        11059    i.tcp_write_checks  tcp_out.o
    0x9000f8c4   0x00000040   Code   RO        12155    i.tcpip_apimsg      tcpip.o
    0x9000f904   0x000000b0   Code   RO        12261    i.usmart_cmd_rec    usmart.o
    0x9000f9b4   0x0000031c   Code   RO        12262    i.usmart_exe        usmart.o
    0x9000fcd0   0x000000d4   Code   RO        12380    i.usmart_get_aparm  usmart_str.o
    0x9000fda4   0x00000036   Code   RO        12381    i.usmart_get_cmdname  usmart_str.o
    0x9000fdda   0x00000002   PAD
    0x9000fddc   0x000001c0   Code   RO        12382    i.usmart_get_fname  usmart_str.o
    0x9000ff9c   0x0000010c   Code   RO        12383    i.usmart_get_fparam  usmart_str.o
    0x900100a8   0x00000020   Code   RO        12384    i.usmart_get_parmpos  usmart_str.o
    0x900100c8   0x0000000c   Code   RO        12263    i.usmart_init       usmart.o
    0x900100d4   0x00000016   Code   RO        12385    i.usmart_pow        usmart_str.o
    0x900100ea   0x00000002   PAD
    0x900100ec   0x000000bc   Code   RO        12264    i.usmart_scan       usmart.o
    0x900101a8   0x000000bc   Code   RO        12265    i.usmart_scan3      usmart.o
    0x90010264   0x00000016   Code   RO        12386    i.usmart_search_nextc  usmart_str.o
    0x9001027a   0x00000106   Code   RO        12387    i.usmart_str2num    usmart_str.o
    0x90010380   0x00000022   Code   RO        12388    i.usmart_strcmp     usmart_str.o
    0x900103a2   0x00000016   Code   RO        12389    i.usmart_strcopy    usmart_str.o
    0x900103b8   0x00000018   Code   RO        12390    i.usmart_strlen     usmart_str.o
    0x900103d0   0x00000320   Code   RO        12266    i.usmart_sys_cmd_exe  usmart.o
    0x900106f0   0x00000034   Code   RO        12474    i.wait_rank         transplant.o
    0x90010724   0x00000004   Code   RO        12267    i.write_addr        usmart.o
    0x90010728   0x0000005a   Code   RO        12872    x$fpl$dfixu         fz_ws.l(dfixu.o)
    0x90010782   0x00000026   Code   RO        12876    x$fpl$dfltu         fz_ws.l(dflt_clz.o)
    0x900107a8   0x00000154   Code   RO        12882    x$fpl$dmul          fz_ws.l(dmul.o)
    0x900108fc   0x0000009c   Code   RO        12930    x$fpl$dnaninf       fz_ws.l(dnaninf.o)
    0x90010998   0x0000000c   Code   RO        12932    x$fpl$dretinf       fz_ws.l(dretinf.o)
    0x900109a4   0x000000c4   Code   RO        12884    x$fpl$fadd          fz_ws.l(faddsub_clz.o)
    0x90010a68   0x00000184   Code   RO        12891    x$fpl$fdiv          fz_ws.l(fdiv.o)
    0x90010bec   0x0000003e   Code   RO        12894    x$fpl$ffixu         fz_ws.l(ffixu.o)
    0x90010c2a   0x00000002   PAD
    0x90010c2c   0x00000026   Code   RO        12898    x$fpl$ffltu         fz_ws.l(fflt_clz.o)
    0x90010c52   0x00000002   PAD
    0x90010c54   0x00000102   Code   RO        12904    x$fpl$fmul          fz_ws.l(fmul.o)
    0x90010d56   0x0000008c   Code   RO        12934    x$fpl$fnaninf       fz_ws.l(fnaninf.o)
    0x90010de2   0x0000000a   Code   RO        12936    x$fpl$fretinf       fz_ws.l(fretinf.o)
    0x90010dec   0x000000ea   Code   RO        12886    x$fpl$fsub          fz_ws.l(faddsub_clz.o)
    0x90010ed6   0x00000000   Code   RO        12938    x$fpl$usenofp       fz_ws.l(usenofp.o)
    0x90010ed6   0x00000030   Data   RO         2606    .constdata          stm32h7xx_hal_uart.o
    0x90010f06   0x00000053   Data   RO         5534    .constdata          stm32h7xx_hal_fdcan.o
    0x90010f59   0x00000001   PAD
    0x90010f5a   0x00004770   Data   RO         6147    .constdata          lcd.o
    0x900156ca   0x00000002   PAD
    0x900156cc   0x00000094   Data   RO         7898    .constdata          os_cfg_app.o
    0x90015760   0x0000016c   Data   RO         8142    .constdata          os_dbg.o
    0x900158cc   0x00000034   Data   RO        11385    .constdata          sys_arch.o
    0x90015900   0x00000011   Data   RO        12842    .constdata          c_w.l(__printf_flags_ss_wp.o)
    0x90015911   0x00000003   PAD
    0x90015914   0x00000031   Data   RO         9359    .conststring        tcp_client_demo.o
    0x90015945   0x00000003   PAD
    0x90015948   0x00000078   Data   RO        12270    .conststring        usmart.o
    0x900159c0   0x00000117   Data   RO        12342    .conststring        usmart_config.o



  Load Region LR$$.ARM.__AT_0x00000000 (Base: 0x00000000, Size: 0x00000000, Max: 0x0000f000, ABSOLUTE)

    Execution Region ER$$.ARM.__AT_0x00000000 (Base: 0x00000000, Size: 0x0000f000, Max: 0x0000f000, ABSOLUTE, UNINIT)

    Base Addr    Size         Type   Attr      Idx    E Section Name        Object

    0x00000000   0x0000f000   Zero   RW         7062    .ARM.__AT_0x00000000  malloc.o



  Load Region LR$$.ARM.__AT_0x0000F000 (Base: 0x0000f000, Size: 0x00000000, Max: 0x00000f00, ABSOLUTE)

    Execution Region ER$$.ARM.__AT_0x0000F000 (Base: 0x0000f000, Size: 0x00000f00, Max: 0x00000f00, ABSOLUTE, UNINIT)

    Base Addr    Size         Type   Attr      Idx    E Section Name        Object

    0x0000f000   0x00000f00   Zero   RW         7063    .ARM.__AT_0x0000F000  malloc.o



  Load Region LR$$.ARM.__AT_0x20000000 (Base: 0x20000000, Size: 0x00000000, Max: 0x0001e000, ABSOLUTE)

    Execution Region ER$$.ARM.__AT_0x20000000 (Base: 0x20000000, Size: 0x0001e000, Max: 0x0001e000, ABSOLUTE, UNINIT)

    Base Addr    Size         Type   Attr      Idx    E Section Name        Object

    0x20000000   0x0001e000   Zero   RW         7064    .ARM.__AT_0x20000000  malloc.o



  Load Region LR$$.ARM.__AT_0x2001E000 (Base: 0x2001e000, Size: 0x00000000, Max: 0x00001e00, ABSOLUTE)

    Execution Region ER$$.ARM.__AT_0x2001E000 (Base: 0x2001e000, Size: 0x00001e00, Max: 0x00001e00, ABSOLUTE, UNINIT)

    Base Addr    Size         Type   Attr      Idx    E Section Name        Object

    0x2001e000   0x00001e00   Zero   RW         7065    .ARM.__AT_0x2001E000  malloc.o



  Load Region LR$$.ARM.__AT_0x30000000 (Base: 0x30000000, Size: 0x00000000, Max: 0x0003c000, ABSOLUTE)

    Execution Region ER$$.ARM.__AT_0x30000000 (Base: 0x30000000, Size: 0x0003c000, Max: 0x0003c000, ABSOLUTE, UNINIT)

    Base Addr    Size         Type   Attr      Idx    E Section Name        Object

    0x30000000   0x0003c000   Zero   RW         7066    .ARM.__AT_0x30000000  malloc.o



  Load Region LR$$.ARM.__AT_0x3003C000 (Base: 0x3003c000, Size: 0x00000000, Max: 0x00003c00, ABSOLUTE)

    Execution Region ER$$.ARM.__AT_0x3003C000 (Base: 0x3003c000, Size: 0x00003c00, Max: 0x00003c00, ABSOLUTE, UNINIT)

    Base Addr    Size         Type   Attr      Idx    E Section Name        Object

    0x3003c000   0x00003c00   Zero   RW         7067    .ARM.__AT_0x3003C000  malloc.o



  Load Region LR$$.ARM.__AT_0x30040000 (Base: 0x30040000, Size: 0x00000000, Max: 0x00000060, ABSOLUTE)

    Execution Region ER$$.ARM.__AT_0x30040000 (Base: 0x30040000, Size: 0x00000060, Max: 0x00000060, ABSOLUTE, UNINIT)

    Base Addr    Size         Type   Attr      Idx    E Section Name        Object

    0x30040000   0x00000060   Zero   RW         6653    .ARM.__AT_0x30040000  lan8720.o



  Load Region LR$$.ARM.__AT_0x30040060 (Base: 0x30040060, Size: 0x00000000, Max: 0x00000060, ABSOLUTE)

    Execution Region ER$$.ARM.__AT_0x30040060 (Base: 0x30040060, Size: 0x00000060, Max: 0x00000060, ABSOLUTE, UNINIT)

    Base Addr    Size         Type   Attr      Idx    E Section Name        Object

    0x30040060   0x00000060   Zero   RW         6654    .ARM.__AT_0x30040060  lan8720.o



  Load Region LR$$.ARM.__AT_0x30040200 (Base: 0x30040200, Size: 0x00000000, Max: 0x000017e0, ABSOLUTE)

    Execution Region ER$$.ARM.__AT_0x30040200 (Base: 0x30040200, Size: 0x000017e0, Max: 0x000017e0, ABSOLUTE, UNINIT)

    Base Addr    Size         Type   Attr      Idx    E Section Name        Object

    0x30040200   0x000017e0   Zero   RW         6655    .ARM.__AT_0x30040200  lan8720.o



  Load Region LR$$.ARM.__AT_0x38000000 (Base: 0x38000000, Size: 0x00000000, Max: 0x0000f000, ABSOLUTE)

    Execution Region ER$$.ARM.__AT_0x38000000 (Base: 0x38000000, Size: 0x0000f000, Max: 0x0000f000, ABSOLUTE, UNINIT)

    Base Addr    Size         Type   Attr      Idx    E Section Name        Object

    0x38000000   0x0000f000   Zero   RW         7068    .ARM.__AT_0x38000000  malloc.o



  Load Region LR$$.ARM.__AT_0x3800F000 (Base: 0x3800f000, Size: 0x00000000, Max: 0x00000f00, ABSOLUTE)

    Execution Region ER$$.ARM.__AT_0x3800F000 (Base: 0x3800f000, Size: 0x00000f00, Max: 0x00000f00, ABSOLUTE, UNINIT)

    Base Addr    Size         Type   Attr      Idx    E Section Name        Object

    0x3800f000   0x00000f00   Zero   RW         7069    .ARM.__AT_0x3800F000  malloc.o



  Load Region LR$$.ARM.__AT_0xC0000000 (Base: 0xc0000000, Size: 0x00000000, Max: 0x001f4000, ABSOLUTE)

    Execution Region ER$$.ARM.__AT_0xC0000000 (Base: 0xc0000000, Size: 0x001f4000, Max: 0x001f4000, ABSOLUTE, UNINIT)

    Base Addr    Size         Type   Attr      Idx    E Section Name        Object

    0xc0000000   0x001f4000   Zero   RW         6416    .ARM.__AT_0xC0000000  ltdc.o



  Load Region LR$$.ARM.__AT_0xC01F4000 (Base: 0xc01f4000, Size: 0x00000000, Max: 0x03200000, ABSOLUTE)

    Execution Region ER$$.ARM.__AT_0xC01F4000 (Base: 0xc01f4000, Size: 0x03200000, Max: 0x03200000, ABSOLUTE, UNINIT)

    Base Addr    Size         Type   Attr      Idx    E Section Name        Object

    0xc01f4000   0x03200000   Zero   RW         7070    .ARM.__AT_0xC01F4000  malloc.o



  Load Region LR$$.ARM.__AT_0xC33F4000 (Base: 0xc33f4000, Size: 0x00000000, Max: 0x00320000, ABSOLUTE)

    Execution Region ER$$.ARM.__AT_0xC33F4000 (Base: 0xc33f4000, Size: 0x00320000, Max: 0x00320000, ABSOLUTE, UNINIT)

    Base Addr    Size         Type   Attr      Idx    E Section Name        Object

    0xc33f4000   0x00320000   Zero   RW         7071    .ARM.__AT_0xC33F4000  malloc.o


==============================================================================

Image component sizes


      Code (inc. data)   RO Data    RW Data    ZI Data      Debug   Object Name

       172          6          0          0          0      10826   api_lib.o
       468          0          0          0          0       2439   api_msg.o
        76         14          0          0          0      11114   bsp.o
        52          0          0          0          0        328   cpu_a.o
       540         98          0         28         16       8988   cpu_core.o
        62          0          0          0          0       2148   def.o
       328         40          0          6          0       4017   delay.o
       312         28          0          4        132       5318   ethernetif.o
       558        148          0          3          0       4809   exti.o
       320         24          0          0        232       2950   fdcan.o
         0          0          0          0          0       4199   icmp.o
       114          0          0          0          0       2006   inet_chksum.o
       356         12          0         18          0       6342   ip.o
       488          4          0          0          0       4862   ip_frag.o
       208         16          0          1          0        691   key.o
        56          4          0          0       6408       1447   lan8720.o
     12010        196      18288          8         90      20200   lcd.o
        88         10          0          0          0        855   led.o
       102          0          0          0          0      12820   lib_mem.o
      2198        120          0          8    2048296       9978   ltdc.o
        16          6          0          0        276      27335   lwip_comm.o
      1264        294          0          0       4272    1380607   main.o
         0          0          0          0   56227840       2501   malloc.o
       532         48          0         12      16060       3683   mem.o
       120         12          0          0      14879       3082   memp.o
       142          0          0          0          0       1365   mpu.o
       484         34          0          0          0       3085   myiic.o
         0          0          0          9          0       1967   netif.o
         2          0        148          0       3936      19349   os_cfg_app.o
      2886        356          0          0          0      19726   os_core.o
       228          6          0          0          0        400   os_cpu_a.o
       492         52          0          4          0      25296   os_cpu_c.o
       424        278        364          0          0       4757   os_dbg.o
        24         10          0          0          0        874   os_flag.o
        24         10          0          0          0        873   os_mem.o
       434         24          0          0          0       3129   os_msg.o
      1228         56          0          0          0       6991   os_mutex.o
       136         16          0          8          0       2834   os_prio.o
       290         16          0          0          0       2908   os_q.o
       794         30          0          0          0       4154   os_sem.o
      1592        196          0          0          0       3987   os_stat.o
      3234        158          0          0          0      13537   os_task.o
      1162         88          0          0          0       5795   os_tick.o
       604         52          0          0          0       3349   os_time.o
       568        142          0          0          0       3485   os_tmr.o
         0          0          0        196       1628      17978   os_var.o
       930          0          0          0          0       6439   pbuf.o
       144          8          0          0          0       1574   pcf8574.o
       664         54          0          0         52       3678   sdram.o
       508         60          0          0          0       2104   set_io.o
         0          0          0         20          0        791   set_par.o
        52         18        664          0       2048        788   startup_stm32h750xx.o
       160         32          0          9          0       3855   stm32h7xx_hal.o
       542         38          0          0          0      41319   stm32h7xx_hal_cortex.o
       248         12          0          0          0       2071   stm32h7xx_hal_dma.o
       660          0          0          0          0       5901   stm32h7xx_hal_eth.o
      1822         28         83          0          0       8057   stm32h7xx_hal_fdcan.o
       650         58          0          0          0       4299   stm32h7xx_hal_gpio.o
      1124          6          0          0          0       4569   stm32h7xx_hal_ltdc.o
         2          0          0          0          0        418   stm32h7xx_hal_msp.o
      3084         80          0          0          0       5884   stm32h7xx_hal_rcc.o
      4748        106          0          0          0       7239   stm32h7xx_hal_rcc_ex.o
       178          4          0          0          0       2688   stm32h7xx_hal_sdram.o
       104          4          0          0          0       1208   stm32h7xx_hal_sram.o
      3360        256          0          0          0      20313   stm32h7xx_hal_tim.o
       292         18          0          0          0       3398   stm32h7xx_hal_tim_ex.o
      4128        142         48          0          0      13228   stm32h7xx_hal_uart.o
         2          0          0          0          0        964   stm32h7xx_hal_uart_ex.o
        18          0          0          0          0       2523   stm32h7xx_it.o
       618         14          0          0          0       5600   stm32h7xx_ll_fmc.o
      1144         66          0          0          0      38182   sys.o
       258         10         52          0          0       4057   sys_arch.o
         0          0         64          8          0    1015437   system_stm32h7xx.o
        96          0          0         36          0      12672   tcp.o
        68         22         49         24          0      10860   tcp_client_demo.o
         0          0          0         32          0       9955   tcp_in.o
      2278         10          0          0          0       9174   tcp_out.o
        64          4          0          0         48       6979   tcpip.o
       882        148          0         13        200       6852   timer.o
         8          0          0          0          0       1774   trans_byhand.o
      5696        218          0         11        712       5764   transplant.o
       880        114          0         11        656       6895   usart.o
      2170        538        120         28         74       6226   usmart.o
         0          0        279        332          0       4165   usmart_config.o
      1400         20          0          0          0       8717   usmart_str.o

    ----------------------------------------------------------------------
     74966       4692      20198        840   58327860    2976001   Object Totals
       740          0         32          0          0          0   (incl. Generated)
        56          0          7         11          5          0   (incl. Padding)

    ----------------------------------------------------------------------

      Code (inc. data)   RO Data    RW Data    ZI Data      Debug   Library Member Name

        90          0          0          0          0          0   __dczerorl2.o
         8          0          0          0          0         68   __main.o
       392          4         17          0          0         92   __printf_flags_ss_wp.o
        14          0          0          0          0         68   __printf_wp.o
         0          0          0          0          0          0   __rtentry.o
        12          0          0          0          0          0   __rtentry2.o
         6          0          0          0          0          0   __rtentry4.o
        52          8          0          0          0          0   __scatter.o
        28          0          0          0          0          0   __scatter_zi.o
         6          0          0          0          0          0   _printf_c.o
        44          0          0          0          0        108   _printf_char.o
        48          6          0          0          0         96   _printf_char_common.o
        36          4          0          0          0         80   _printf_char_file.o
         6          0          0          0          0          0   _printf_d.o
       120         16          0          0          0         92   _printf_dec.o
        88          4         40          0          0         88   _printf_hex_int.o
       178          0          0          0          0         88   _printf_intcommon.o
        78          0          0          0          0        108   _printf_pad.o
         0          0          0          0          0          0   _printf_percent.o
         4          0          0          0          0          0   _printf_percent_end.o
         6          0          0          0          0          0   _printf_s.o
        82          0          0          0          0         80   _printf_str.o
         6          0          0          0          0          0   _printf_u.o
         6          0          0          0          0          0   _printf_x.o
        10          0          0          0          0         68   _sputc.o
        18          0          0          0          0         80   exit.o
         8          0          0          0          0         68   ferror.o
         6          0          0          0          0        152   heapauxi.o
         2          0          0          0          0          0   libinit.o
         2          0          0          0          0          0   libinit2.o
         2          0          0          0          0          0   libshutdown.o
         2          0          0          0          0          0   libshutdown2.o
         8          4          0          0         96         68   libspace.o
       238          0          0          0          0        100   lludivv7m.o
        24          4          0          0          0         84   noretval__2printf.o
        40          6          0          0          0         84   noretval__2sprintf.o
       138          0          0          0          0         68   rt_memcpy_v6.o
       100          0          0          0          0         80   rt_memcpy_w.o
         2          0          0          0          0          0   rtexit.o
        10          0          0          0          0          0   rtexit2.o
       104          0          0          0          0         68   strcmpv7m_pel.o
        62          0          0          0          0         76   strlen.o
        74          0          0          0          0         80   sys_stackheap_outer.o
        90          4          0          0          0         92   dfixu.o
        38          0          0          0          0         68   dflt_clz.o
       340         12          0          0          0        104   dmul.o
       156          4          0          0          0         92   dnaninf.o
        12          0          0          0          0         68   dretinf.o
       430          8          0          0          0        168   faddsub_clz.o
       388         76          0          0          0         96   fdiv.o
        62          4          0          0          0         84   ffixu.o
        38          0          0          0          0         68   fflt_clz.o
       258          4          0          0          0         84   fmul.o
       140          4          0          0          0         84   fnaninf.o
        10          0          0          0          0         68   fretinf.o
         0          0          0          0          0          0   usenofp.o

    ----------------------------------------------------------------------
      4132        172         60          0        100       3120   Library Totals
        10          0          3          0          4          0   (incl. Padding)

    ----------------------------------------------------------------------

      Code (inc. data)   RO Data    RW Data    ZI Data      Debug   Library Name

      2160         56         57          0         96       2044   c_w.l
      1962        116          0          0          0       1076   fz_ws.l

    ----------------------------------------------------------------------
      4132        172         60          0        100       3120   Library Totals

    ----------------------------------------------------------------------

==============================================================================


      Code (inc. data)   RO Data    RW Data    ZI Data      Debug   

     79098       4864      20258        840   58327960    2956653   Grand Totals
     79098       4864      20258        156   58327960    2956653   ELF Image Totals (compressed)
     79098       4864      20258        156          0          0   ROM Totals

==============================================================================

    Total RO  Size (Code + RO Data)                99356 (  97.03kB)
    Total RW  Size (RW Data + ZI Data)          58328800 (56961.72kB)
    Total ROM Size (Code + RO Data + RW Data)      99512 (  97.18kB)

==============================================================================

