Component: ARM Compiler 5.06 update 4 (build 422) Tool: armlink [4d35d2]

==============================================================================

Section Cross References

    main.o(.text) refers to _printf_percent.o(.ARM.Collect$$_printf_percent$$00000000) for _printf_percent
    main.o(.text) refers to _printf_d.o(.ARM.Collect$$_printf_percent$$00000009) for _printf_d
    main.o(.text) refers to _printf_dec.o(.text) for _printf_int_dec
    main.o(.text) refers to cpu_a.o(.text) for CPU_SR_Save
    main.o(.text) refers to cpu_core.o(.text) for CPU_IntDisMeasStart
    main.o(.text) refers to lcd.o(.text) for LCD_DrawRectangle
    main.o(.text) refers to stm32h7xx_hal_gpio.o(.text) for HAL_GPIO_TogglePin
    main.o(.text) refers to noretval__2printf.o(.text) for __2printf
    main.o(.text) refers to os_time.o(.text) for OSTimeDlyHMSM
    main.o(.text) refers to os_stat.o(.text) for OSStatTaskCPUUsageInit
    main.o(.text) refers to os_core.o(.text) for OSSchedRoundRobinCfg
    main.o(.text) refers to os_task.o(.text) for OSTaskCreate
    main.o(.text) refers to sys.o(.text) for Cache_Enable
    main.o(.text) refers to stm32h7xx_hal.o(.text) for HAL_Init
    main.o(.text) refers to delay.o(.text) for delay_init
    main.o(.text) refers to usart.o(.text) for uart_init
    main.o(.text) refers to mpu.o(.text) for MPU_Memory_Protection
    main.o(.text) refers to led.o(.text) for LED_Init
    main.o(.text) refers to sdram.o(.text) for SDRAM_Init
    main.o(.text) refers to timer.o(.text) for PWM_gpio
    main.o(.text) refers to usmart.o(.text) for usmart_init
    main.o(.text) refers to lcd.o(.data) for POINT_COLOR
    main.o(.text) refers to main.o(.data) for lcd_discolor
    main.o(.text) refers to timer.o(.data) for PLUS_NUM
    main.o(.text) refers to main.o(.bss) for TASK1_TASK_STK
    system_stm32h7xx.o(.text) refers to system_stm32h7xx.o(.data) for SystemCoreClock
    system_stm32h7xx.o(.text) refers to system_stm32h7xx.o(.constdata) for D1CorePrescTable
    startup_stm32h750xx.o(STACK) refers (Special) to heapauxi.o(.text) for __use_two_region_memory
    startup_stm32h750xx.o(HEAP) refers (Special) to heapauxi.o(.text) for __use_two_region_memory
    startup_stm32h750xx.o(RESET) refers (Special) to heapauxi.o(.text) for __use_two_region_memory
    startup_stm32h750xx.o(RESET) refers to startup_stm32h750xx.o(STACK) for __initial_sp
    startup_stm32h750xx.o(RESET) refers to startup_stm32h750xx.o(.text) for Reset_Handler
    startup_stm32h750xx.o(RESET) refers to stm32h7xx_it.o(.text) for NMI_Handler
    startup_stm32h750xx.o(RESET) refers to mpu.o(.text) for MemManage_Handler
    startup_stm32h750xx.o(RESET) refers to os_cpu_a.o(CODE) for PendSV_Handler
    startup_stm32h750xx.o(RESET) refers to delay.o(.text) for SysTick_Handler
    startup_stm32h750xx.o(RESET) refers to timer.o(.text) for TIM2_IRQHandler
    startup_stm32h750xx.o(RESET) refers to usmart.o(.text) for TIM4_IRQHandler
    startup_stm32h750xx.o(RESET) refers to usart.o(.text) for USART1_IRQHandler
    startup_stm32h750xx.o(.text) refers (Special) to heapauxi.o(.text) for __use_two_region_memory
    startup_stm32h750xx.o(.text) refers to system_stm32h7xx.o(.text) for SystemInit
    startup_stm32h750xx.o(.text) refers to __main.o(!!!main) for __main
    startup_stm32h750xx.o(.text) refers to startup_stm32h750xx.o(HEAP) for Heap_Mem
    startup_stm32h750xx.o(.text) refers to startup_stm32h750xx.o(STACK) for Stack_Mem
    delay.o(.text) refers to os_core.o(.text) for OSSchedLock
    delay.o(.text) refers to os_time.o(.text) for OSTimeDly
    delay.o(.text) refers to stm32h7xx_hal.o(.text) for HAL_IncTick
    delay.o(.text) refers to stm32h7xx_hal_cortex.o(.text) for HAL_SYSTICK_CLKSourceConfig
    delay.o(.text) refers to os_var.o(.data) for OSRunning
    delay.o(.text) refers to delay.o(.data) for fac_us
    delay.o(.text) refers to os_cfg_app.o(.constdata) for OSCfg_TickRate_Hz
    sys.o(.text) refers to stm32h7xx_hal_gpio.o(.text) for HAL_GPIO_Init
    sys.o(.text) refers to stm32h7xx_hal_rcc.o(.text) for HAL_RCC_OscConfig
    sys.o(.text) refers to stm32h7xx_hal.o(.text) for HAL_EnableCompensationCell
    usart.o(.text) refers to stm32h7xx_hal_uart.o(.text) for HAL_UART_Init
    usart.o(.text) refers to stm32h7xx_hal_gpio.o(.text) for HAL_GPIO_Init
    usart.o(.text) refers to stm32h7xx_hal_cortex.o(.text) for HAL_NVIC_EnableIRQ
    usart.o(.text) refers to os_core.o(.text) for OSIntEnter
    usart.o(.text) refers to usart.o(.bss) for UART1_Handler
    usart.o(.text) refers to usart.o(.data) for aRxBuffer
    stm32h7xx_hal.o(.text) refers to stm32h7xx_hal_cortex.o(.text) for HAL_SYSTICK_Config
    stm32h7xx_hal.o(.text) refers to stm32h7xx_hal_msp.o(.text) for HAL_MspInit
    stm32h7xx_hal.o(.text) refers to stm32h7xx_hal.o(.data) for uwTickFreq
    stm32h7xx_hal.o(.text) refers to system_stm32h7xx.o(.data) for SystemCoreClock
    stm32h7xx_hal_dma.o(.text) refers to stm32h7xx_hal.o(.text) for HAL_GetTick
[...]
    HAL_MDMA_GenerateSWRequest               0x90007501   Thumb Code    72  stm32h7xx_hal_mdma.o(.text)
    HAL_MDMA_IRQHandler                      0x90007549   Thumb Code   474  stm32h7xx_hal_mdma.o(.text)
    HAL_MDMA_GetState                        0x90007723   Thumb Code     8  stm32h7xx_hal_mdma.o(.text)
    HAL_MDMA_GetError                        0x9000772b   Thumb Code     6  stm32h7xx_hal_mdma.o(.text)
    TIM_Base_SetConfig                       0x90007739   Thumb Code   172  stm32h7xx_hal_tim.o(.text)
    HAL_TIM_Base_Init                        0x900077e7   Thumb Code    52  stm32h7xx_hal_tim.o(.text)
    HAL_TIM_Base_MspDeInit                   0x9000781b   Thumb Code     2  stm32h7xx_hal_tim.o(.text)
    HAL_TIM_Base_DeInit                      0x9000781d   Thumb Code    70  stm32h7xx_hal_tim.o(.text)
    HAL_TIM_Base_Start                       0x90007863   Thumb Code    30  stm32h7xx_hal_tim.o(.text)
    HAL_TIM_Base_Stop                        0x90007881   Thumb Code    56  stm32h7xx_hal_tim.o(.text)
    HAL_TIM_Base_Start_IT                    0x900078b9   Thumb Code    30  stm32h7xx_hal_tim.o(.text)
    HAL_TIM_Base_Stop_IT                     0x900078d7   Thumb Code    56  stm32h7xx_hal_tim.o(.text)
    HAL_TIM_ErrorCallback                    0x9000790f   Thumb Code     2  stm32h7xx_hal_tim.o(.text)
    TIM_DMAError                             0x90007911   Thumb Code    20  stm32h7xx_hal_tim.o(.text)
    HAL_TIM_Base_Start_DMA                   0x9000793b   Thumb Code    98  stm32h7xx_hal_tim.o(.text)
    HAL_TIM_Base_Stop_DMA                    0x9000799d   Thumb Code    62  stm32h7xx_hal_tim.o(.text)
    HAL_TIM_OC_MspInit                       0x900079db   Thumb Code     2  stm32h7xx_hal_tim.o(.text)
    HAL_TIM_OC_Init                          0x900079dd   Thumb Code    52  stm32h7xx_hal_tim.o(.text)
    HAL_TIM_OC_MspDeInit                     0x90007a11   Thumb Code     2  stm32h7xx_hal_tim.o(.text)
    HAL_TIM_OC_DeInit                        0x90007a13   Thumb Code    70  stm32h7xx_hal_tim.o(.text)
    TIM_CCxChannelCmd                        0x90007a59   Thumb Code    28  stm32h7xx_hal_tim.o(.text)
    HAL_TIM_OC_Start                         0x90007a75   Thumb Code    92  stm32h7xx_hal_tim.o(.text)
    HAL_TIM_OC_Stop                          0x90007ad1   Thumb Code   182  stm32h7xx_hal_tim.o(.text)
    HAL_TIM_OC_Start_IT                      0x90007b87   Thumb Code   168  stm32h7xx_hal_tim.o(.text)
    HAL_TIM_OC_Stop_IT                       0x90007c2f   Thumb Code   220  stm32h7xx_hal_tim.o(.text)
    HAL_TIM_PWM_PulseFinishedCallback        0x90007d0b   Thumb Code     2  stm32h7xx_hal_tim.o(.text)
    TIM_DMADelayPulseCplt                    0x90007d0d   Thumb Code    70  stm32h7xx_hal_tim.o(.text)
    HAL_TIM_OC_Start_DMA                     0x90007d53   Thumb Code   336  stm32h7xx_hal_tim.o(.text)
    HAL_TIM_OC_Stop_DMA                      0x90007ea3   Thumb Code   226  stm32h7xx_hal_tim.o(.text)
    HAL_TIM_PWM_MspInit                      0x90007f85   Thumb Code     2  stm32h7xx_hal_tim.o(.text)
    HAL_TIM_PWM_Init                         0x90007f87   Thumb Code    52  stm32h7xx_hal_tim.o(.text)
    HAL_TIM_PWM_MspDeInit                    0x90007fbb   Thumb Code    22  stm32h7xx_hal_tim.o(.text)
    HAL_TIM_PWM_DeInit                       0x90007fd1   Thumb Code    70  stm32h7xx_hal_tim.o(.text)
    HAL_TIM_PWM_Start                        0x90008017   Thumb Code    92  stm32h7xx_hal_tim.o(.text)
    HAL_TIM_PWM_Stop                         0x90008073   Thumb Code   150  stm32h7xx_hal_tim.o(.text)
    HAL_TIM_PWM_Start_IT                     0x90008109   Thumb Code   168  stm32h7xx_hal_tim.o(.text)
    HAL_TIM_PWM_Stop_IT                      0x900081b1   Thumb Code   220  stm32h7xx_hal_tim.o(.text)
    HAL_TIM_PWM_Start_DMA                    0x9000828d   Thumb Code   336  stm32h7xx_hal_tim.o(.text)
    HAL_TIM_PWM_Stop_DMA                     0x900083dd   Thumb Code   248  stm32h7xx_hal_tim.o(.text)
    HAL_TIM_IC_MspInit                       0x900084d5   Thumb Code     2  stm32h7xx_hal_tim.o(.text)
    HAL_TIM_IC_Init                          0x900084d7   Thumb Code    52  stm32h7xx_hal_tim.o(.text)
    HAL_TIM_IC_MspDeInit                     0x9000850b   Thumb Code     2  stm32h7xx_hal_tim.o(.text)
    HAL_TIM_IC_DeInit                        0x9000850d   Thumb Code    70  stm32h7xx_hal_tim.o(.text)
    HAL_TIM_IC_Start                         0x90008553   Thumb Code    32  stm32h7xx_hal_tim.o(.text)
    HAL_TIM_IC_Stop                          0x90008573   Thumb Code    58  stm32h7xx_hal_tim.o(.text)
    HAL_TIM_IC_Start_IT                      0x900085ad   Thumb Code   108  stm32h7xx_hal_tim.o(.text)
    HAL_TIM_IC_Stop_IT                       0x90008619   Thumb Code   134  stm32h7xx_hal_tim.o(.text)
    HAL_TIM_IC_CaptureCallback               0x9000869f   Thumb Code     2  stm32h7xx_hal_tim.o(.text)
    TIM_DMACaptureCplt                       0x900086a1   Thumb Code    70  stm32h7xx_hal_tim.o(.text)
    HAL_TIM_IC_Start_DMA                     0x900086e7   Thumb Code   276  stm32h7xx_hal_tim.o(.text)
    HAL_TIM_IC_Stop_DMA                      0x900087fb   Thumb Code   160  stm32h7xx_hal_tim.o(.text)
    HAL_TIM_OnePulse_MspInit                 0x9000889b   Thumb Code     2  stm32h7xx_hal_tim.o(.text)
    HAL_TIM_OnePulse_Init                    0x9000889d   Thumb Code    76  stm32h7xx_hal_tim.o(.text)
    HAL_TIM_OnePulse_MspDeInit               0x900088e9   Thumb Code     2  stm32h7xx_hal_tim.o(.text)
    HAL_TIM_OnePulse_DeInit                  0x900088eb   Thumb Code    70  stm32h7xx_hal_tim.o(.text)
    HAL_TIM_OnePulse_Start                   0x90008931   Thumb Code    90  stm32h7xx_hal_tim.o(.text)
    HAL_TIM_OnePulse_Stop                    0x9000898b   Thumb Code   154  stm32h7xx_hal_tim.o(.text)
    HAL_TIM_OnePulse_Start_IT                0x90008a25   Thumb Code   114  stm32h7xx_hal_tim.o(.text)
    HAL_TIM_OnePulse_Stop_IT                 0x90008a97   Thumb Code   178  stm32h7xx_hal_tim.o(.text)
    HAL_TIM_Encoder_MspInit                  0x90008b49   Thumb Code     2  stm32h7xx_hal_tim.o(.text)
    HAL_TIM_Encoder_Init                     0x90008b4b   Thumb Code   180  stm32h7xx_hal_tim.o(.text)
    HAL_TIM_Encoder_MspDeInit                0x90008bff   Thumb Code     2  stm32h7xx_hal_tim.o(.text)
    HAL_TIM_Encoder_DeInit                   0x90008c01   Thumb Code    70  stm32h7xx_hal_tim.o(.text)
    HAL_TIM_Encoder_Start                    0x90008c47   Thumb Code    78  stm32h7xx_hal_tim.o(.text)
    HAL_TIM_Encoder_Stop                     0x90008c95   Thumb Code   104  stm32h7xx_hal_tim.o(.text)
    HAL_TIM_Encoder_Start_IT                 0x90008cfd   Thumb Code   152  stm32h7xx_hal_tim.o(.text)
    HAL_TIM_Encoder_Stop_IT                  0x90008d95   Thumb Code   152  stm32h7xx_hal_tim.o(.text)
    HAL_TIM_Encoder_Start_DMA                0x90008e2d   Thumb Code   328  stm32h7xx_hal_tim.o(.text)
    HAL_TIM_Encoder_Stop_DMA                 0x90008f75   Thumb Code   152  stm32h7xx_hal_tim.o(.text)
    HAL_TIM_TriggerCallback                  0x9000900d   Thumb Code     2  stm32h7xx_hal_tim.o(.text)
    HAL_TIM_OC_DelayElapsedCallback          0x9000900f   Thumb Code     2  stm32h7xx_hal_tim.o(.text)
    HAL_TIM_IRQHandler                       0x90009011   Thumb Code   440  stm32h7xx_hal_tim.o(.text)
    TIM_OC4_SetConfig                        0x9000929d   Thumb Code    98  stm32h7xx_hal_tim.o(.text)
    TIM_OC3_SetConfig                        0x900092ff   Thumb Code   160  stm32h7xx_hal_tim.o(.text)
    TIM_OC2_SetConfig                        0x9000939f   Thumb Code   162  stm32h7xx_hal_tim.o(.text)
    TIM_OC1_SetConfig                        0x90009441   Thumb Code   152  stm32h7xx_hal_tim.o(.text)
    HAL_TIM_OC_ConfigChannel                 0x900094d9   Thumb Code   148  stm32h7xx_hal_tim.o(.text)
    TIM_TI1_SetConfig                        0x90009627   Thumb Code   118  stm32h7xx_hal_tim.o(.text)
    HAL_TIM_IC_ConfigChannel                 0x9000969d   Thumb Code   272  stm32h7xx_hal_tim.o(.text)
    HAL_TIM_PWM_ConfigChannel                0x900097ad   Thumb Code   372  stm32h7xx_hal_tim.o(.text)
    HAL_TIM_OnePulse_ConfigChannel           0x90009921   Thumb Code   286  stm32h7xx_hal_tim.o(.text)
    HAL_TIM_DMABurst_WriteStart              0x90009a53   Thumb Code   368  stm32h7xx_hal_tim.o(.text)
    HAL_TIM_DMABurst_WriteStop               0x90009bc3   Thumb Code   128  stm32h7xx_hal_tim.o(.text)
    HAL_TIM_DMABurst_ReadStart               0x90009c43   Thumb Code   400  stm32h7xx_hal_tim.o(.text)
    HAL_TIM_DMABurst_ReadStop                0x90009dd3   Thumb Code   128  stm32h7xx_hal_tim.o(.text)
    HAL_TIM_GenerateEvent                    0x90009e53   Thumb Code    54  stm32h7xx_hal_tim.o(.text)
    TIM_ETR_SetConfig                        0x90009e89   Thumb Code    24  stm32h7xx_hal_tim.o(.text)
    HAL_TIM_ConfigOCrefClear                 0x90009ea1   Thumb Code   318  stm32h7xx_hal_tim.o(.text)
    HAL_TIM_ConfigClockSource                0x9000a049   Thumb Code   306  stm32h7xx_hal_tim.o(.text)
    HAL_TIM_ConfigTI1Input                   0x9000a17b   Thumb Code    24  stm32h7xx_hal_tim.o(.text)
    HAL_TIM_SlaveConfigSynchronization       0x9000a237   Thumb Code    86  stm32h7xx_hal_tim.o(.text)
    HAL_TIM_SlaveConfigSynchronization_IT    0x9000a28d   Thumb Code    86  stm32h7xx_hal_tim.o(.text)
    HAL_TIM_ReadCapturedValue                0x9000a2e3   Thumb Code    84  stm32h7xx_hal_tim.o(.text)
    HAL_TIM_Base_GetState                    0x9000a337   Thumb Code     8  stm32h7xx_hal_tim.o(.text)
    HAL_TIM_OC_GetState                      0x9000a33f   Thumb Code     8  stm32h7xx_hal_tim.o(.text)
    HAL_TIM_PWM_GetState                     0x9000a347   Thumb Code     8  stm32h7xx_hal_tim.o(.text)
    HAL_TIM_IC_GetState                      0x9000a34f   Thumb Code     8  stm32h7xx_hal_tim.o(.text)
    HAL_TIM_OnePulse_GetState                0x9000a357   Thumb Code     8  stm32h7xx_hal_tim.o(.text)
    HAL_TIM_Encoder_GetState                 0x9000a35f   Thumb Code     8  stm32h7xx_hal_tim.o(.text)
    HAL_TIMEx_HallSensor_MspInit             0x9000a375   Thumb Code     2  stm32h7xx_hal_tim_ex.o(.text)
    HAL_TIMEx_HallSensor_Init                0x9000a377   Thumb Code   208  stm32h7xx_hal_tim_ex.o(.text)
    HAL_TIMEx_HallSensor_MspDeInit           0x9000a447   Thumb Code     2  stm32h7xx_hal_tim_ex.o(.text)
    HAL_TIMEx_HallSensor_DeInit              0x9000a449   Thumb Code    70  stm32h7xx_hal_tim_ex.o(.text)
    HAL_TIMEx_HallSensor_Start               0x9000a48f   Thumb Code    30  stm32h7xx_hal_tim_ex.o(.text)
    HAL_TIMEx_HallSensor_Stop                0x9000a4ad   Thumb Code    56  stm32h7xx_hal_tim_ex.o(.text)
    HAL_TIMEx_HallSensor_Start_IT            0x9000a4e5   Thumb Code    42  stm32h7xx_hal_tim_ex.o(.text)
    HAL_TIMEx_HallSensor_Stop_IT             0x9000a50f   Thumb Code    68  stm32h7xx_hal_tim_ex.o(.text)
    HAL_TIMEx_HallSensor_Start_DMA           0x9000a553   Thumb Code   106  stm32h7xx_hal_tim_ex.o(.text)
    HAL_TIMEx_HallSensor_Stop_DMA            0x9000a5bd   Thumb Code    68  stm32h7xx_hal_tim_ex.o(.text)
    HAL_TIMEx_OCN_Start                      0x9000a61d   Thumb Code    44  stm32h7xx_hal_tim_ex.o(.text)
    HAL_TIMEx_OCN_Stop                       0x9000a649   Thumb Code    96  stm32h7xx_hal_tim_ex.o(.text)
    HAL_TIMEx_OCN_Start_IT                   0x9000a6a9   Thumb Code   114  stm32h7xx_hal_tim_ex.o(.text)
    HAL_TIMEx_OCN_Stop_IT                    0x9000a71b   Thumb Code   198  stm32h7xx_hal_tim_ex.o(.text)
    HAL_TIMEx_OCN_Start_DMA                  0x9000a7e1   Thumb Code   226  stm32h7xx_hal_tim_ex.o(.text)
    HAL_TIMEx_OCN_Stop_DMA                   0x9000a8c3   Thumb Code   160  stm32h7xx_hal_tim_ex.o(.text)
    HAL_TIMEx_PWMN_Start                     0x9000a963   Thumb Code    44  stm32h7xx_hal_tim_ex.o(.text)
    HAL_TIMEx_PWMN_Stop                      0x9000a98f   Thumb Code    96  stm32h7xx_hal_tim_ex.o(.text)
    HAL_TIMEx_PWMN_Start_IT                  0x9000a9ef   Thumb Code   114  stm32h7xx_hal_tim_ex.o(.text)
    HAL_TIMEx_PWMN_Stop_IT                   0x9000aa61   Thumb Code   180  stm32h7xx_hal_tim_ex.o(.text)
    HAL_TIMEx_PWMN_Start_DMA                 0x9000ab15   Thumb Code   236  stm32h7xx_hal_tim_ex.o(.text)
    HAL_TIMEx_PWMN_Stop_DMA                  0x9000ac01   Thumb Code   160  stm32h7xx_hal_tim_ex.o(.text)
    HAL_TIMEx_OnePulseN_Start                0x9000aca1   Thumb Code    32  stm32h7xx_hal_tim_ex.o(.text)
    HAL_TIMEx_OnePulseN_Stop                 0x9000acc1   Thumb Code    96  stm32h7xx_hal_tim_ex.o(.text)
    HAL_TIMEx_OnePulseN_Start_IT             0x9000ad21   Thumb Code    56  stm32h7xx_hal_tim_ex.o(.text)
    HAL_TIMEx_OnePulseN_Stop_IT              0x9000ad59   Thumb Code   120  stm32h7xx_hal_tim_ex.o(.text)
    HAL_TIMEx_ConfigCommutationEvent         0x9000add1   Thumb Code   110  stm32h7xx_hal_tim_ex.o(.text)
    HAL_TIMEx_ConfigCommutationEvent_IT      0x9000ae3f   Thumb Code   122  stm32h7xx_hal_tim_ex.o(.text)
    HAL_TIMEx_CommutationCallback            0x9000aeb9   Thumb Code     2  stm32h7xx_hal_tim_ex.o(.text)
    TIMEx_DMACommutationCplt                 0x9000aebb   Thumb Code    20  stm32h7xx_hal_tim_ex.o(.text)
    HAL_TIMEx_ConfigCommutationEvent_DMA     0x9000aecf   Thumb Code   136  stm32h7xx_hal_tim_ex.o(.text)
    HAL_TIMEx_MasterConfigSynchronization    0x9000af57   Thumb Code    98  stm32h7xx_hal_tim_ex.o(.text)
    HAL_TIMEx_ConfigBreakDeadTime            0x9000afb9   Thumb Code   172  stm32h7xx_hal_tim_ex.o(.text)
    HAL_TIMEx_ConfigBreakInput               0x9000b065   Thumb Code   218  stm32h7xx_hal_tim_ex.o(.text)
    HAL_TIMEx_RemapConfig                    0x9000b13f   Thumb Code    66  stm32h7xx_hal_tim_ex.o(.text)
    HAL_TIMEx_TISelection                    0x9000b181   Thumb Code    68  stm32h7xx_hal_tim_ex.o(.text)
    HAL_TIMEx_GroupChannel5                  0x9000b1c5   Thumb Code    90  stm32h7xx_hal_tim_ex.o(.text)
    HAL_TIMEx_BreakCallback                  0x9000b21f   Thumb Code     2  stm32h7xx_hal_tim_ex.o(.text)
    HAL_TIMEx_HallSensor_GetState            0x9000b221   Thumb Code     8  stm32h7xx_hal_tim_ex.o(.text)
    LED_Init                                 0x9000b229   Thumb Code    78  led.o(.text)
    LCD_WR_REG                               0x9000b281   Thumb Code    18  lcd.o(.text)
    LCD_WR_DATA                              0x9000b293   Thumb Code    20  lcd.o(.text)
    LCD_RD_DATA                              0x9000b2a7   Thumb Code    16  lcd.o(.text)
    LCD_WriteReg                             0x9000b2b7   Thumb Code    10  lcd.o(.text)
    LCD_ReadReg                              0x9000b2c1   Thumb Code    22  lcd.o(.text)
    LCD_WriteRAM_Prepare                     0x9000b2d7   Thumb Code    10  lcd.o(.text)
    LCD_WriteRAM                             0x9000b2e1   Thumb Code     8  lcd.o(.text)
    LCD_BGR2RGB                              0x9000b2e9   Thumb Code    26  lcd.o(.text)
    opt_delay                                0x9000b303   Thumb Code    14  lcd.o(.text)
    LCD_SetCursor                            0x9000b311   Thumb Code   306  lcd.o(.text)
    LCD_ReadPoint                            0x9000b443   Thumb Code   196  lcd.o(.text)
    LCD_DisplayOn                            0x9000b507   Thumb Code    82  lcd.o(.text)
    LCD_DisplayOff                           0x9000b559   Thumb Code    82  lcd.o(.text)
    LCD_Scan_Dir                             0x9000b5ab   Thumb Code   636  lcd.o(.text)
    LCD_DrawPoint                            0x9000b827   Thumb Code    48  lcd.o(.text)
    LCD_Fast_DrawPoint                       0x9000b857   Thumb Code   280  lcd.o(.text)
    LCD_SSD_BackLightSet                     0x9000b96f   Thumb Code    72  lcd.o(.text)
    LCD_Display_Dir                          0x9000b9b7   Thumb Code   402  lcd.o(.text)
    LCD_Set_Window                           0x9000bb49   Thumb Code   398  lcd.o(.text)
    HAL_SRAM_MspInit                         0x9000bcd7   Thumb Code   140  lcd.o(.text)
    LCD_Clear                                0x9000bd63   Thumb Code    58  lcd.o(.text)
    LCD_Init                                 0x9000bd9d   Thumb Code  9362  lcd.o(.text)
    LCD_Fill                                 0x9000e22f   Thumb Code   104  lcd.o(.text)
    LCD_Color_Fill                           0x9000e297   Thumb Code   114  lcd.o(.text)
    LCD_DrawLine                             0x9000e309   Thumb Code   176  lcd.o(.text)
    LCD_DrawRectangle                        0x9000e3b9   Thumb Code    64  lcd.o(.text)
    LCD_Draw_Circle                          0x9000e3f9   Thumb Code   178  lcd.o(.text)
    LCD_ShowChar                             0x9000e4ab   Thumb Code   288  lcd.o(.text)
    LCD_Pow                                  0x9000e5cb   Thumb Code    22  lcd.o(.text)
    LCD_ShowNum                              0x9000e5e1   Thumb Code   148  lcd.o(.text)
    LCD_ShowxNum                             0x9000e675   Thumb Code   190  lcd.o(.text)
    LCD_ShowString                           0x9000e733   Thumb Code   102  lcd.o(.text)
    LTDC_Switch                              0x9000e7b5   Thumb Code    42  ltdc.o(.text)
    LTDC_Layer_Switch                        0x9000e7df   Thumb Code    76  ltdc.o(.text)
    LTDC_Select_Layer                        0x9000e82b   Thumb Code     6  ltdc.o(.text)
    LTDC_Display_Dir                         0x9000e831   Thumb Code    40  ltdc.o(.text)
    LTDC_Draw_Point                          0x9000e859   Thumb Code    70  ltdc.o(.text)
    LTDC_Read_Point                          0x9000e89f   Thumb Code    72  ltdc.o(.text)
    LTDC_Fill                                0x9000e8e7   Thumb Code   310  ltdc.o(.text)
    LTDC_Color_Fill                          0x9000ea1d   Thumb Code   318  ltdc.o(.text)
    LTDC_Clear                               0x9000eb5b   Thumb Code    32  ltdc.o(.text)
    LTDC_Clk_Set                             0x9000eb7b   Thumb Code    66  ltdc.o(.text)
    LTDC_Layer_Window_Config                 0x9000ebbd   Thumb Code    44  ltdc.o(.text)
    LTDC_Layer_Parameter_Config              0x9000ebe9   Thumb Code   114  ltdc.o(.text)
    LTDC_PanelID_Read                        0x9000ec5b   Thumb Code   194  ltdc.o(.text)
    LTDC_Init                                0x9000ed1d   Thumb Code  1000  ltdc.o(.text)
    HAL_LTDC_MspInit                         0x9000f105   Thumb Code   232  ltdc.o(.text)
    SDRAM_Send_Cmd                           0x9000f215   Thumb Code    68  sdram.o(.text)
    SDRAM_Initialization_Sequence            0x9000f259   Thumb Code    78  sdram.o(.text)
    SDRAM_Init                               0x9000f2a7   Thumb Code    94  sdram.o(.text)
    HAL_SDRAM_MspInit                        0x9000f305   Thumb Code   370  sdram.o(.text)
    FMC_SDRAM_WriteBuffer                    0x9000f477   Thumb Code    24  sdram.o(.text)
    FMC_SDRAM_ReadBuffer                     0x9000f48f   Thumb Code    22  sdram.o(.text)
    MPU_Set_Protection                       0x9000f4cd   Thumb Code   142  mpu.o(.text)
    MPU_Memory_Protection                    0x9000f55b   Thumb Code   184  mpu.o(.text)
    MemManage_Handler                        0x9000f613   Thumb Code   102  mpu.o(.text)
    TIM2_Init                                0x9000f6b1   Thumb Code    90  timer.o(.text)
    PWM_gpio                                 0x9000f70b   Thumb Code   146  timer.o(.text)
    TIM8_Init                                0x9000f7cd   Thumb Code   220  timer.o(.text)
    TIM2_IRQHandler                          0x9000f8a9   Thumb Code    10  timer.o(.text)
    HAL_TIM_Base_MspInit                     0x9000f8b3   Thumb Code    22  timer.o(.text)
    HAL_TIM_PeriodElapsedCallback            0x9000f8c9   Thumb Code    62  timer.o(.text)
    Plus_out_stop                            0x9000f907   Thumb Code    94  timer.o(.text)
    Plus_out                                 0x9000f965   Thumb Code   106  timer.o(.text)
    BSP_CPU_ClkFreq                          0x9000fa21   Thumb Code    12  bsp.o(.text)
    CPU_TS_TmrInit                           0x9000fa2d   Thumb Code    44  bsp.o(.text)
    CPU_TS_TmrRd                             0x9000fa59   Thumb Code     6  bsp.o(.text)
    CPU_TS32_to_uSec                         0x9000fa5f   Thumb Code    54  bsp.o(.text)
    CPU_IntDisMeasStop                       0x9000faa1   Thumb Code    62  cpu_core.o(.text)
    CPU_IntDisMeasStart                      0x9000fadf   Thumb Code    38  cpu_core.o(.text)
    CPU_NameClr                              0x9000fb05   Thumb Code    50  cpu_core.o(.text)
    CPU_Init                                 0x9000fbb5   Thumb Code    16  cpu_core.o(.text)
    CPU_SW_Exception                         0x9000fbc5   Thumb Code     4  cpu_core.o(.text)
    CPU_NameGet                              0x9000fbc9   Thumb Code    78  cpu_core.o(.text)
    CPU_NameSet                              0x9000fc17   Thumb Code   104  cpu_core.o(.text)
    CPU_TS_Get32                             0x9000fc7f   Thumb Code    12  cpu_core.o(.text)
    CPU_TS_Update                            0x9000fc8b   Thumb Code     2  cpu_core.o(.text)
    CPU_TS_TmrFreqGet                        0x9000fc8d   Thumb Code    30  cpu_core.o(.text)
    CPU_TS_TmrFreqSet                        0x9000fcab   Thumb Code     6  cpu_core.o(.text)
    CPU_IntDisMeasMaxCurGet                  0x9000fcc9   Thumb Code    40  cpu_core.o(.text)
    CPU_IntDisMeasMaxCurReset                0x9000fcf1   Thumb Code    40  cpu_core.o(.text)
    CPU_IntDisMeasMaxGet                     0x9000fd19   Thumb Code    40  cpu_core.o(.text)
    CPU_CntLeadZeros08                       0x9000fd41   Thumb Code    18  cpu_core.o(.text)
    CPU_CntLeadZeros16                       0x9000fd53   Thumb Code    18  cpu_core.o(.text)
    CPU_CntLeadZeros32                       0x9000fd65   Thumb Code    18  cpu_core.o(.text)
    CPU_CntLeadZeros64                       0x9000fd77   Thumb Code   188  cpu_core.o(.text)
    CPU_CntTrailZeros08                      0x9000fe33   Thumb Code    22  cpu_core.o(.text)
    CPU_CntTrailZeros16                      0x9000fe49   Thumb Code    22  cpu_core.o(.text)
    CPU_CntTrailZeros32                      0x9000fe5f   Thumb Code    22  cpu_core.o(.text)
    CPU_CntTrailZeros64                      0x9000fe75   Thumb Code   104  cpu_core.o(.text)
    CPU_PopCnt32                             0x9000fedd   Thumb Code    56  cpu_core.o(.text)
    CPU_IntDis                               0x9000ff15   Thumb Code     0  cpu_a.o(.text)
    CPU_IntEn                                0x9000ff19   Thumb Code     0  cpu_a.o(.text)
    CPU_SR_Save                              0x9000ff1d   Thumb Code     0  cpu_a.o(.text)
    CPU_SR_Restore                           0x9000ff25   Thumb Code     0  cpu_a.o(.text)
    CPU_WaitForInt                           0x9000ff2b   Thumb Code     0  cpu_a.o(.text)
    CPU_WaitForExcept                        0x9000ff2f   Thumb Code     0  cpu_a.o(.text)
    CPU_CntLeadZeros                         0x9000ff33   Thumb Code     0  cpu_a.o(.text)
    CPU_CntTrailZeros                        0x9000ff39   Thumb Code     0  cpu_a.o(.text)
    CPU_RevBits                              0x9000ff43   Thumb Code     0  cpu_a.o(.text)
    ASCII_IsAlpha                            0x9000ff49   Thumb Code    48  lib_ascii.o(.text)
    ASCII_IsAlphaNum                         0x9000ff79   Thumb Code    76  lib_ascii.o(.text)
    ASCII_IsLower                            0x9000ffc5   Thumb Code    20  lib_ascii.o(.text)
    ASCII_IsUpper                            0x9000ffd9   Thumb Code    20  lib_ascii.o(.text)
    ASCII_IsDig                              0x9000ffed   Thumb Code    20  lib_ascii.o(.text)
    ASCII_IsDigOct                           0x90010001   Thumb Code    20  lib_ascii.o(.text)
    ASCII_IsDigHex                           0x90010015   Thumb Code    36  lib_ascii.o(.text)
    ASCII_IsBlank                            0x90010039   Thumb Code    20  lib_ascii.o(.text)
    ASCII_IsSpace                            0x9001004d   Thumb Code    36  lib_ascii.o(.text)
    ASCII_IsPrint                            0x90010071   Thumb Code    20  lib_ascii.o(.text)
    ASCII_IsGraph                            0x90010085   Thumb Code    20  lib_ascii.o(.text)
    ASCII_IsPunct                            0x90010099   Thumb Code   134  lib_ascii.o(.text)
    ASCII_IsCtrl                             0x9001011f   Thumb Code    26  lib_ascii.o(.text)
    ASCII_ToLower                            0x90010139   Thumb Code    32  lib_ascii.o(.text)
    ASCII_ToUpper                            0x90010159   Thumb Code    32  lib_ascii.o(.text)
    ASCII_Cmp                                0x90010179   Thumb Code    38  lib_ascii.o(.text)
    Mem_SegCreate                            0x900101bd   Thumb Code    82  lib_mem.o(.text)
    Mem_Init                                 0x9001020f   Thumb Code    52  lib_mem.o(.text)
    Mem_Set                                  0x90010243   Thumb Code    84  lib_mem.o(.text)
    Mem_Clr                                  0x90010297   Thumb Code    18  lib_mem.o(.text)
    Mem_Move                                 0x900102a9   Thumb Code   186  lib_mem.o(.text)
    Mem_Cmp                                  0x90010363   Thumb Code   192  lib_mem.o(.text)
    Mem_HeapAlloc                            0x90010537   Thumb Code    56  lib_mem.o(.text)
    Mem_SegRemSizeGet                        0x9001056f   Thumb Code   150  lib_mem.o(.text)
    Mem_HeapGetSizeRem                       0x90010605   Thumb Code    38  lib_mem.o(.text)
    Mem_SegClr                               0x9001062b   Thumb Code    56  lib_mem.o(.text)
    Mem_SegAlloc                             0x90010663   Thumb Code    46  lib_mem.o(.text)
    Mem_SegAllocExt                          0x90010691   Thumb Code    46  lib_mem.o(.text)
    Mem_SegAllocHW                           0x900106bf   Thumb Code    46  lib_mem.o(.text)
    Mem_PoolClr                              0x9001073f   Thumb Code    22  lib_mem.o(.text)
    Mem_PoolCreate                           0x90010755   Thumb Code   378  lib_mem.o(.text)
    Mem_PoolBlkGet                           0x900108cf   Thumb Code   100  lib_mem.o(.text)
    Mem_PoolBlkFree                          0x90010933   Thumb Code   108  lib_mem.o(.text)
    Mem_PoolBlkGetNbrAvail                   0x9001099f   Thumb Code    60  lib_mem.o(.text)
    Mem_DynPoolCreate                        0x90010aef   Thumb Code    58  lib_mem.o(.text)
    Mem_DynPoolCreateHW                      0x90010b29   Thumb Code    58  lib_mem.o(.text)
    Mem_DynPoolBlkGet                        0x90010b63   Thumb Code   210  lib_mem.o(.text)
    Mem_DynPoolBlkFree                       0x90010c35   Thumb Code   142  lib_mem.o(.text)
    Mem_DynPoolBlkNbrAvailGet                0x90010cc3   Thumb Code    78  lib_mem.o(.text)
    Str_Len_N                                0x90010d15   Thumb Code    28  lib_str.o(.text)
    Str_Len                                  0x90010d31   Thumb Code    20  lib_str.o(.text)
    Str_Copy_N                               0x90010d45   Thumb Code    70  lib_str.o(.text)
    Str_Copy                                 0x90010d8b   Thumb Code    24  lib_str.o(.text)
    Str_Cat_N                                0x90010da3   Thumb Code    90  lib_str.o(.text)
    Str_Cat                                  0x90010dfd   Thumb Code    24  lib_str.o(.text)
    Str_Cmp_N                                0x90010e15   Thumb Code   156  lib_str.o(.text)
    Str_Cmp                                  0x90010eb1   Thumb Code    24  lib_str.o(.text)
    Str_CmpIgnoreCase_N                      0x90010ec9   Thumb Code   264  lib_str.o(.text)
    Str_CmpIgnoreCase                        0x90010fd1   Thumb Code    24  lib_str.o(.text)
    Str_Char_N                               0x90010fe9   Thumb Code    74  lib_str.o(.text)
    Str_Char                                 0x90011033   Thumb Code    24  lib_str.o(.text)
    Str_Char_Last_N                          0x9001104b   Thumb Code    76  lib_str.o(.text)
    Str_Char_Last                            0x90011097   Thumb Code    24  lib_str.o(.text)
    Str_Char_Replace_N                       0x900110af   Thumb Code    52  lib_str.o(.text)
    Str_Char_Replace                         0x900110e3   Thumb Code    28  lib_str.o(.text)
    Str_Str_N                                0x900110ff   Thumb Code   182  lib_str.o(.text)
    Str_Str                                  0x900111b5   Thumb Code    24  lib_str.o(.text)
    Str_FmtNbr_Int32U                        0x900113a7   Thumb Code    46  lib_str.o(.text)
    Str_FmtNbr_Int32S                        0x900113d5   Thumb Code    62  lib_str.o(.text)
    Str_ParseNbr_Int32U                      0x900115d1   Thumb Code    30  lib_str.o(.text)
    Str_ParseNbr_Int32S                      0x900115ef   Thumb Code    74  lib_str.o(.text)
    Mem_Copy                                 0x9001163d   Thumb Code     0  lib_mem_a.o(.text)
    OSCfg_Init                               0x9001185d   Thumb Code     2  os_cfg_app.o(.text)
    OS_IdleTask                              0x90011861   Thumb Code    66  os_core.o(.text)
    OS_IdleTaskInit                          0x900118a3   Thumb Code    68  os_core.o(.text)
    OS_RdyListInit                           0x900118e7   Thumb Code    32  os_core.o(.text)
    OSInit                                   0x90011907   Thumb Code   276  os_core.o(.text)
    OSIntEnter                               0x90011a1b   Thumb Code    34  os_core.o(.text)
    OSIntExit                                0x90011a3d   Thumb Code   188  os_core.o(.text)
    OSSched                                  0x90011af9   Thumb Code   134  os_core.o(.text)
    OSSchedLock                              0x90011b7f   Thumb Code    92  os_core.o(.text)
    OSSchedUnlock                            0x90011bdb   Thumb Code   266  os_core.o(.text)
    OSSchedRoundRobinCfg                     0x90011ce5   Thumb Code    96  os_core.o(.text)
    OS_RdyListMoveHeadToTail                 0x90011d45   Thumb Code    68  os_core.o(.text)
    OSSchedRoundRobinYield                   0x90011d89   Thumb Code   160  os_core.o(.text)
    OSStart                                  0x90011e29   Thumb Code    78  os_core.o(.text)
    OSVersion                                0x90011e77   Thumb Code    12  os_core.o(.text)
    OS_PendDbgNameAdd                        0x90011e83   Thumb Code    66  os_core.o(.text)
    OS_PendListInsertPrio                    0x90011ec5   Thumb Code   102  os_core.o(.text)
    OS_PendDataInit                          0x90011f2b   Thumb Code    40  os_core.o(.text)
    OS_RdyListRemove                         0x90011f53   Thumb Code    86  os_core.o(.text)
    OS_TaskBlock                             0x90011fa9   Thumb Code    40  os_core.o(.text)
    OS_Pend                                  0x90011fd1   Thumb Code   100  os_core.o(.text)
    OS_PendListRemove1                       0x90012035   Thumb Code    66  os_core.o(.text)
    OS_PendListRemove                        0x90012077   Thumb Code    52  os_core.o(.text)
    OS_PendAbort1                            0x900120ab   Thumb Code    38  os_core.o(.text)
    OS_RdyListInsertHead                     0x900120d1   Thumb Code   128  os_core.o(.text)
    OS_RdyListInsertTail                     0x90012151   Thumb Code    56  os_core.o(.text)
    OS_RdyListInsert                         0x90012189   Thumb Code    40  os_core.o(.text)
    OS_PendAbort                             0x900121b1   Thumb Code   188  os_core.o(.text)
    OS_PendDbgNameRemove                     0x9001226d   Thumb Code    34  os_core.o(.text)
    OS_PendListChangePrio                    0x9001228f   Thumb Code    58  os_core.o(.text)
    OS_PendListInit                          0x900122c9   Thumb Code    10  os_core.o(.text)
    OS_PendListInsertHead                    0x900122d3   Thumb Code    32  os_core.o(.text)
    OS_PendObjDel1                           0x900122f3   Thumb Code    38  os_core.o(.text)
    OS_PendObjDel                            0x90012319   Thumb Code   184  os_core.o(.text)
    OS_Post1                                 0x900123d1   Thumb Code    44  os_core.o(.text)
    OS_Post                                  0x900123fd   Thumb Code   214  os_core.o(.text)
    OS_SchedRoundRobin                       0x900124d3   Thumb Code   234  os_core.o(.text)
    OS_Dbg_Init                              0x900125c5   Thumb Code   146  os_dbg.o(.text)
    OS_FlagDbgListAdd                        0x9001276d   Thumb Code    38  os_flag.o(.text)
    OSFlagCreate                             0x90012793   Thumb Code    96  os_flag.o(.text)
    OS_FlagBlock                             0x900127f3   Thumb Code    58  os_flag.o(.text)
    OSFlagPend                               0x9001282d   Thumb Code   762  os_flag.o(.text)
    OSFlagPendGetFlagsRdy                    0x90012b27   Thumb Code    82  os_flag.o(.text)
    OS_FlagTaskRdy                           0x90012b79   Thumb Code   100  os_flag.o(.text)
    OS_FlagPost                              0x90012bdd   Thumb Code   378  os_flag.o(.text)
    OSFlagPost                               0x90012d57   Thumb Code    58  os_flag.o(.text)
    OS_FlagClr                               0x90012d91   Thumb Code    28  os_flag.o(.text)
    OS_FlagInit                              0x90012dad   Thumb Code    14  os_flag.o(.text)
    OS_FlagDbgListRemove                     0x90012dbb   Thumb Code    44  os_flag.o(.text)
    OS_MemDbgListAdd                         0x90012e01   Thumb Code    34  os_mem.o(.text)
    OSMemCreate                              0x90012e23   Thumb Code   146  os_mem.o(.text)
    OSMemGet                                 0x90012eb5   Thumb Code   100  os_mem.o(.text)
    OSMemPut                                 0x90012f19   Thumb Code   104  os_mem.o(.text)
    OS_MemInit                               0x90012f81   Thumb Code    14  os_mem.o(.text)
    OS_MsgPoolInit                           0x90012f9d   Thumb Code    80  os_msg.o(.text)
    OS_MsgQFreeAll                           0x90012fed   Thumb Code    62  os_msg.o(.text)
    OS_MsgQInit                              0x9001302b   Thumb Code    14  os_msg.o(.text)
    OS_MsgQGet                               0x90013039   Thumb Code    98  os_msg.o(.text)
    OS_MsgQPut                               0x9001309b   Thumb Code   254  os_msg.o(.text)
    OS_MutexDbgListAdd                       0x900131a5   Thumb Code    38  os_mutex.o(.text)
    OSMutexCreate                            0x900131cb   Thumb Code    98  os_mutex.o(.text)
    OS_MutexClr                              0x9001322d   Thumb Code    34  os_mutex.o(.text)
    OS_MutexGrpPrioFindHighest               0x9001324f   Thumb Code    44  os_mutex.o(.text)
    OS_MutexGrpRemove                        0x9001327b   Thumb Code    28  os_mutex.o(.text)
    OS_MutexDbgListRemove                    0x90013297   Thumb Code    44  os_mutex.o(.text)
    OSMutexDel                               0x900132c3   Thumb Code   350  os_mutex.o(.text)
    OS_MutexGrpAdd                           0x90013421   Thumb Code     8  os_mutex.o(.text)
    OSMutexPend                              0x90013429   Thumb Code   518  os_mutex.o(.text)
    OSMutexPendAbort                         0x9001362f   Thumb Code   246  os_mutex.o(.text)
    OSMutexPost                              0x90013725   Thumb Code   366  os_mutex.o(.text)
    OS_MutexInit                             0x90013893   Thumb Code    14  os_mutex.o(.text)
    OS_MutexGrpPostAll                       0x900138a1   Thumb Code    96  os_mutex.o(.text)
    OS_PrioInit                              0x90013915   Thumb Code    20  os_prio.o(.text)
    OS_PrioGetHighest                        0x90013929   Thumb Code    36  os_prio.o(.text)
    OS_PrioInsert                            0x9001394d   Thumb Code    32  os_prio.o(.text)
    OS_PrioRemove                            0x9001396d   Thumb Code    32  os_prio.o(.text)
    OS_QDbgListAdd                           0x90013991   Thumb Code    38  os_q.o(.text)
    OSQCreate                                0x900139b7   Thumb Code   100  os_q.o(.text)
    OS_QClr                                  0x90013a1b   Thumb Code    40  os_q.o(.text)
    OS_QDbgListRemove                        0x90013a43   Thumb Code    44  os_q.o(.text)
    OSQDel                                   0x90013a6f   Thumb Code   266  os_q.o(.text)
    OSQFlush                                 0x90013b79   Thumb Code    84  os_q.o(.text)
    OSQPend                                  0x90013bcd   Thumb Code   402  os_q.o(.text)
    OSQPendAbort                             0x90013d5f   Thumb Code   208  os_q.o(.text)
    OS_QPost                                 0x90013e2f   Thumb Code   202  os_q.o(.text)
    OSQPost                                  0x90013ef9   Thumb Code    58  os_q.o(.text)
    OS_QInit                                 0x90013f33   Thumb Code    14  os_q.o(.text)
    OS_SemDbgListAdd                         0x90013f4d   Thumb Code    38  os_sem.o(.text)
    OSSemCreate                              0x90013f73   Thumb Code    96  os_sem.o(.text)
    OS_SemClr                                0x90013fd3   Thumb Code    28  os_sem.o(.text)
    OS_SemDbgListRemove                      0x90013fef   Thumb Code    44  os_sem.o(.text)
    OSSemDel                                 0x9001401b   Thumb Code   266  os_sem.o(.text)
    OSSemPend                                0x90014125   Thumb Code   378  os_sem.o(.text)
    OSSemPendAbort                           0x9001429f   Thumb Code   214  os_sem.o(.text)
    OS_SemPost                               0x90014375   Thumb Code   318  os_sem.o(.text)
    OSSemPost                                0x900144b3   Thumb Code    54  os_sem.o(.text)
    OSSemSet                                 0x900144e9   Thumb Code   102  os_sem.o(.text)
    OS_SemInit                               0x9001454f   Thumb Code    14  os_sem.o(.text)
    OSStatReset                              0x90014569   Thumb Code   294  os_stat.o(.text)
    OSStatTaskCPUUsageInit                   0x9001468f   Thumb Code   228  os_stat.o(.text)
    OS_StatTask                              0x90014773   Thumb Code   822  os_stat.o(.text)
    OS_StatTaskInit                          0x90014aa9   Thumb Code   138  os_stat.o(.text)
    OS_TaskChangePrio                        0x90014b81   Thumb Code   232  os_task.o(.text)
    OSTaskChangePrio                         0x90014c69   Thumb Code   156  os_task.o(.text)
    OS_TaskDbgListAdd                        0x90014d05   Thumb Code    42  os_task.o(.text)
    OS_TaskInitTCB                           0x90014d2f   Thumb Code   190  os_task.o(.text)
    OSTaskCreate                             0x90014ded   Thumb Code   332  os_task.o(.text)
    OS_TaskDbgListRemove                     0x90014f39   Thumb Code    64  os_task.o(.text)
    OSTaskDel                                0x90014f79   Thumb Code   436  os_task.o(.text)
    OSTaskQFlush                             0x9001512d   Thumb Code   108  os_task.o(.text)
    OSTaskQPend                              0x90015199   Thumb Code   430  os_task.o(.text)
    OSTaskQPendAbort                         0x90015347   Thumb Code   134  os_task.o(.text)
    OS_TaskQPost                             0x900153cd   Thumb Code   240  os_task.o(.text)
    OSTaskQPost                              0x900154bd   Thumb Code    42  os_task.o(.text)
    OSTaskRegGet                             0x900154e7   Thumb Code    74  os_task.o(.text)
    OSTaskRegGetID                           0x90015531   Thumb Code    96  os_task.o(.text)
    OSTaskRegSet                             0x90015591   Thumb Code    74  os_task.o(.text)
    OS_TaskResume                            0x900155db   Thumb Code   284  os_task.o(.text)
    OSTaskResume                             0x900156f7   Thumb Code    54  os_task.o(.text)
    OSTaskSemPend                            0x9001572d   Thumb Code   456  os_task.o(.text)
    OSTaskSemPendAbort                       0x900158f5   Thumb Code   194  os_task.o(.text)
    OS_TaskSemPost                           0x900159b7   Thumb Code   492  os_task.o(.text)
    OSTaskSemPost                            0x90015ba3   Thumb Code    36  os_task.o(.text)
    OSTaskSemSet                             0x90015bc7   Thumb Code    80  os_task.o(.text)
    OSTaskStkChk                             0x90015c17   Thumb Code   184  os_task.o(.text)
    OS_TaskSuspend                           0x90015ccf   Thumb Code   304  os_task.o(.text)
    OSTaskSuspend                            0x90015dff   Thumb Code    32  os_task.o(.text)
    OSTaskTimeQuantaSet                      0x90015e1f   Thumb Code    86  os_task.o(.text)
    OS_TaskInit                              0x90015e75   Thumb Code    18  os_task.o(.text)
    OS_TaskReturn                            0x90015e87   Thumb Code    20  os_task.o(.text)
    OS_TickTask                              0x9001606b   Thumb Code    98  os_tick.o(.text)
    OS_TickTaskInit                          0x900160cd   Thumb Code   142  os_tick.o(.text)
    OS_TickListInsert                        0x9001615b   Thumb Code   134  os_tick.o(.text)
    OS_TickListInsertDly                     0x900161e1   Thumb Code   180  os_tick.o(.text)
    OS_TickListRemove                        0x90016295   Thumb Code   150  os_tick.o(.text)
    OSTimeDly                                0x9001632d   Thumb Code   168  os_time.o(.text)
    OSTimeDlyHMSM                            0x900163d5   Thumb Code   262  os_time.o(.text)
    OSTimeGet                                0x900164db   Thumb Code    54  os_time.o(.text)
    OSTimeSet                                0x90016511   Thumb Code    54  os_time.o(.text)
    OSTimeTick                               0x90016547   Thumb Code    68  os_time.o(.text)
    OS_TmrDbgListAdd                         0x900165c3   Thumb Code    34  os_tmr.o(.text)
    OSTmrCreate                              0x900165f9   Thumb Code   106  os_tmr.o(.text)
    OSTmrSet                                 0x90016663   Thumb Code    64  os_tmr.o(.text)
    OSTmrRemainGet                           0x900166a3   Thumb Code   120  os_tmr.o(.text)
    OSTmrStart                               0x9001671b   Thumb Code   178  os_tmr.o(.text)
    OSTmrStateGet                            0x900167cd   Thumb Code    78  os_tmr.o(.text)
    OS_TmrUnlink                             0x9001681b   Thumb Code    58  os_tmr.o(.text)
    OSTmrStop                                0x90016855   Thumb Code   192  os_tmr.o(.text)
    OS_TmrClr                                0x90016915   Thumb Code    34  os_tmr.o(.text)
    OS_TmrDbgListRemove                      0x90016937   Thumb Code    44  os_tmr.o(.text)
    OS_TmrTask                               0x90016963   Thumb Code   178  os_tmr.o(.text)
    OS_TmrInit                               0x90016a15   Thumb Code   202  os_tmr.o(.text)
    OSIdleTaskHook                           0x90016b49   Thumb Code    16  os_cpu_c.o(.text)
    OSInitHook                               0x90016b59   Thumb Code    28  os_cpu_c.o(.text)
    OSStatTaskHook                           0x90016b75   Thumb Code    16  os_cpu_c.o(.text)
    OSTaskCreateHook                         0x90016b85   Thumb Code    20  os_cpu_c.o(.text)
    OSTaskDelHook                            0x90016b99   Thumb Code    20  os_cpu_c.o(.text)
    OSTaskReturnHook                         0x90016bad   Thumb Code    20  os_cpu_c.o(.text)
    OSTaskStkInit                            0x90016bc1   Thumb Code   600  os_cpu_c.o(.text)
    OSTaskSwHook                             0x90016e19   Thumb Code   160  os_cpu_c.o(.text)
    OSTimeTickHook                           0x90016eb9   Thumb Code    16  os_cpu_c.o(.text)
    OS_CPU_SysTickHandler                    0x90016ec9   Thumb Code    60  os_cpu_c.o(.text)
    OS_CPU_SysTickInit                       0x90016f05   Thumb Code   208  os_cpu_c.o(.text)
    usmart_sys_cmd_exe                       0x90016fd5   Thumb Code  1570  usmart.o(.text)
    usmart_reset_runtime                     0x900175f7   Thumb Code    44  usmart.o(.text)
    usmart_get_runtime                       0x90017623   Thumb Code    58  usmart.o(.text)
    TIM4_IRQHandler                          0x9001765d   Thumb Code    58  usmart.o(.text)
    Timer4_Init                              0x90017697   Thumb Code    80  usmart.o(.text)
    usmart_init                              0x900176e7   Thumb Code    36  usmart.o(.text)
    usmart_cmd_rec                           0x9001770b   Thumb Code   170  usmart.o(.text)
    usmart_exe                               0x900177b5   Thumb Code   878  usmart.o(.text)
    usmart_scan                              0x90017b23   Thumb Code   120  usmart.o(.text)
    read_addr                                0x90017b9b   Thumb Code     6  usmart.o(.text)
    write_addr                               0x90017ba1   Thumb Code     4  usmart.o(.text)
    usmart_strcmp                            0x90017c2d   Thumb Code    34  usmart_str.o(.text)
    usmart_strcopy                           0x90017c4f   Thumb Code    22  usmart_str.o(.text)
    usmart_strlen                            0x90017c65   Thumb Code    24  usmart_str.o(.text)
    usmart_pow                               0x90017c7d   Thumb Code    22  usmart_str.o(.text)
    usmart_str2num                           0x90017c93   Thumb Code   262  usmart_str.o(.text)
    usmart_get_cmdname                       0x90017d99   Thumb Code    54  usmart_str.o(.text)
    usmart_search_nextc                      0x90017dcf   Thumb Code    22  usmart_str.o(.text)
    usmart_get_fname                         0x90017de5   Thumb Code   440  usmart_str.o(.text)
    usmart_get_aparm                         0x90017f9d   Thumb Code   212  usmart_str.o(.text)
    usmart_get_parmpos                       0x90018071   Thumb Code    26  usmart_str.o(.text)
    usmart_get_fparam                        0x9001808b   Thumb Code   262  usmart_str.o(.text)
    __2printf                                0x9001819d   Thumb Code    20  noretval__2printf.o(.text)
    _printf_pre_padding                      0x900181b5   Thumb Code    44  _printf_pad.o(.text)
    _printf_post_padding                     0x900181e1   Thumb Code    34  _printf_pad.o(.text)
    _printf_str                              0x90018203   Thumb Code    82  _printf_str.o(.text)
    _printf_int_dec                          0x90018255   Thumb Code   104  _printf_dec.o(.text)
    _printf_int_hex                          0x900182cd   Thumb Code    84  _printf_hex_int.o(.text)
    _printf_longlong_hex                     0x900182cd   Thumb Code     0  _printf_hex_int.o(.text)
    __printf                                 0x90018325   Thumb Code   388  __printf_flags_ss_wp.o(.text)
    __aeabi_memcpy4                          0x900184ad   Thumb Code     0  rt_memcpy_w.o(.text)
    __aeabi_memcpy8                          0x900184ad   Thumb Code     0  rt_memcpy_w.o(.text)
    __rt_memcpy_w                            0x900184ad   Thumb Code   100  rt_memcpy_w.o(.text)
    _memcpy_lastbytes_aligned                0x900184f5   Thumb Code     0  rt_memcpy_w.o(.text)
    _printf_int_common                       0x90018511   Thumb Code   178  _printf_intcommon.o(.text)
    _printf_cs_common                        0x900185c3   Thumb Code    20  _printf_char.o(.text)
    _printf_char                             0x900185d7   Thumb Code    16  _printf_char.o(.text)
    _printf_string                           0x900185e7   Thumb Code     8  _printf_char.o(.text)
    _printf_char_file                        0x900185f1   Thumb Code    32  _printf_char_file.o(.text)
    _printf_char_common                      0x9001861f   Thumb Code    32  _printf_char_common.o(.text)
    ferror                                   0x90018645   Thumb Code     8  ferror.o(.text)
    OS_CPU_FP_Reg_Push                       0x9001864d   Thumb Code     0  os_cpu_a.o(CODE)
    OS_CPU_FP_Reg_Pop                        0x90018667   Thumb Code     0  os_cpu_a.o(CODE)
    OSStartHighRdy                           0x90018679   Thumb Code     0  os_cpu_a.o(CODE)
    OSCtxSw                                  0x900186f5   Thumb Code     0  os_cpu_a.o(CODE)
    OSIntCtxSw                               0x900186ff   Thumb Code     0  os_cpu_a.o(CODE)
    PendSV_Handler                           0x90018709   Thumb Code     0  os_cpu_a.o(CODE)
    Long Thumb to Thumb Veneer to HAL_GetTick 0x90018765   Thumb Code    10  anon$$obj.o(Veneer$$Code)
    Long Thumb to Thumb Veneer to HAL_RCC_GetHCLKFreq 0x9001876f   Thumb Code    10  anon$$obj.o(Veneer$$Code)
    Long Thumb to Thumb Veneer to HAL_RCC_GetSysClockFreq 0x90018779   Thumb Code    10  anon$$obj.o(Veneer$$Code)
    Long Thumb to Thumb Veneer to __aeabi_uldivmod 0x90018783   Thumb Code    10  anon$$obj.o(Veneer$$Code)
    Long Thumb to Thumb Veneer to HAL_RCC_GetPCLK1Freq 0x9001878d   Thumb Code    10  anon$$obj.o(Veneer$$Code)
    Long Thumb to Thumb Veneer to HAL_RCC_GetPCLK2Freq 0x90018797   Thumb Code    10  anon$$obj.o(Veneer$$Code)
    Long Thumb to Thumb Veneer to HAL_UART_MspInit 0x900187a1   Thumb Code    10  anon$$obj.o(Veneer$$Code)
    Long Thumb to Thumb Veneer to HAL_UART_RxCpltCallback 0x900187ab   Thumb Code    10  anon$$obj.o(Veneer$$Code)
    Long Thumb to Thumb Veneer to HAL_GPIO_Init 0x900187b5   Thumb Code    10  anon$$obj.o(Veneer$$Code)
    Long Thumb to Thumb Veneer to HAL_GPIO_WritePin 0x900187bf   Thumb Code    10  anon$$obj.o(Veneer$$Code)
    Long Thumb to Thumb Veneer to delay_us   0x900187c9   Thumb Code    10  anon$$obj.o(Veneer$$Code)
    Long Thumb to Thumb Veneer to delay_ms   0x900187d3   Thumb Code    10  anon$$obj.o(Veneer$$Code)
    Long Thumb to Thumb Veneer to HAL_GPIO_ReadPin 0x900187dd   Thumb Code    10  anon$$obj.o(Veneer$$Code)
    Long Thumb to Thumb Veneer to HAL_MPU_ConfigRegion 0x900187e7   Thumb Code    10  anon$$obj.o(Veneer$$Code)
    Long Thumb to Thumb Veneer to HAL_NVIC_SetPriority 0x900187f1   Thumb Code    10  anon$$obj.o(Veneer$$Code)
    Long Thumb to Thumb Veneer to HAL_NVIC_EnableIRQ 0x900187fb   Thumb Code    10  anon$$obj.o(Veneer$$Code)
    _is_digit                                0x90018805   Thumb Code    14  __printf_wp.o(i._is_digit)
    asc2_1206                                0x900188aa   Data        1140  lcd.o(.constdata)
    asc2_1608                                0x90018d1e   Data        1520  lcd.o(.constdata)
    asc2_2412                                0x9001930e   Data        3420  lcd.o(.constdata)
    asc2_3216                                0x9001a06a   Data       12160  lcd.o(.constdata)
    CPU_EndiannessTest                       0x9001d0ec   Data           4  cpu_core.o(.constdata)
    OSCfg_IdleTaskStkBasePtr                 0x9001d184   Data           4  os_cfg_app.o(.constdata)
    OSCfg_IdleTaskStkLimit                   0x9001d188   Data           4  os_cfg_app.o(.constdata)
    OSCfg_IdleTaskStkSize                    0x9001d18c   Data           4  os_cfg_app.o(.constdata)
    OSCfg_IdleTaskStkSizeRAM                 0x9001d190   Data           4  os_cfg_app.o(.constdata)
    OSCfg_IntQBasePtr                        0x9001d194   Data           4  os_cfg_app.o(.constdata)
    OSCfg_IntQSize                           0x9001d198   Data           2  os_cfg_app.o(.constdata)
    OSCfg_IntQSizeRAM                        0x9001d19c   Data           4  os_cfg_app.o(.constdata)
    OSCfg_IntQTaskStkBasePtr                 0x9001d1a0   Data           4  os_cfg_app.o(.constdata)
    OSCfg_IntQTaskStkLimit                   0x9001d1a4   Data           4  os_cfg_app.o(.constdata)
    OSCfg_IntQTaskStkSize                    0x9001d1a8   Data           4  os_cfg_app.o(.constdata)
    OSCfg_IntQTaskStkSizeRAM                 0x9001d1ac   Data           4  os_cfg_app.o(.constdata)
    OSCfg_ISRStkBasePtr                      0x9001d1b0   Data           4  os_cfg_app.o(.constdata)
    OSCfg_ISRStkSize                         0x9001d1b4   Data           4  os_cfg_app.o(.constdata)
    OSCfg_ISRStkSizeRAM                      0x9001d1b8   Data           4  os_cfg_app.o(.constdata)
    OSCfg_MsgPoolSize                        0x9001d1bc   Data           2  os_cfg_app.o(.constdata)
    OSCfg_MsgPoolSizeRAM                     0x9001d1c0   Data           4  os_cfg_app.o(.constdata)
    OSCfg_MsgPoolBasePtr                     0x9001d1c4   Data           4  os_cfg_app.o(.constdata)
    OSCfg_StatTaskPrio                       0x9001d1c8   Data           1  os_cfg_app.o(.constdata)
    OSCfg_StatTaskRate_Hz                    0x9001d1cc   Data           4  os_cfg_app.o(.constdata)
    OSCfg_StatTaskStkBasePtr                 0x9001d1d0   Data           4  os_cfg_app.o(.constdata)
    OSCfg_StatTaskStkLimit                   0x9001d1d4   Data           4  os_cfg_app.o(.constdata)
    OSCfg_StatTaskStkSize                    0x9001d1d8   Data           4  os_cfg_app.o(.constdata)
    OSCfg_StatTaskStkSizeRAM                 0x9001d1dc   Data           4  os_cfg_app.o(.constdata)
    OSCfg_StkSizeMin                         0x9001d1e0   Data           4  os_cfg_app.o(.constdata)
    OSCfg_TickRate_Hz                        0x9001d1e4   Data           4  os_cfg_app.o(.constdata)
    OSCfg_TickTaskPrio                       0x9001d1e8   Data           1  os_cfg_app.o(.constdata)
    OSCfg_TickTaskStkBasePtr                 0x9001d1ec   Data           4  os_cfg_app.o(.constdata)
    OSCfg_TickTaskStkLimit                   0x9001d1f0   Data           4  os_cfg_app.o(.constdata)
    OSCfg_TickTaskStkSize                    0x9001d1f4   Data           4  os_cfg_app.o(.constdata)
    OSCfg_TickTaskStkSizeRAM                 0x9001d1f8   Data           4  os_cfg_app.o(.constdata)
    OSCfg_TmrTaskPrio                        0x9001d1fc   Data           1  os_cfg_app.o(.constdata)
    OSCfg_TmrTaskRate_Hz                     0x9001d200   Data           4  os_cfg_app.o(.constdata)
    OSCfg_TmrTaskStkBasePtr                  0x9001d204   Data           4  os_cfg_app.o(.constdata)
    OSCfg_TmrTaskStkLimit                    0x9001d208   Data           4  os_cfg_app.o(.constdata)
    OSCfg_TmrTaskStkSize                     0x9001d20c   Data           4  os_cfg_app.o(.constdata)
    OSCfg_TmrTaskStkSizeRAM                  0x9001d210   Data           4  os_cfg_app.o(.constdata)
    OSCfg_DataSizeRAM                        0x9001d214   Data           4  os_cfg_app.o(.constdata)
    OSDbg_DbgEn                              0x9001d218   Data           1  os_dbg.o(.constdata)
    OSDbg_ArgChkEn                           0x9001d219   Data           1  os_dbg.o(.constdata)
    OSDbg_AppHooksEn                         0x9001d21a   Data           1  os_dbg.o(.constdata)
    OSDbg_EndiannessTest                     0x9001d21c   Data           4  os_dbg.o(.constdata)
    OSDbg_CalledFromISRChkEn                 0x9001d220   Data           1  os_dbg.o(.constdata)
    OSDbg_FlagEn                             0x9001d221   Data           1  os_dbg.o(.constdata)
    OSDbg_FlagGrp                            0x9001d224   Data          40  os_dbg.o(.constdata)
    OSDbg_FlagDelEn                          0x9001d24c   Data           1  os_dbg.o(.constdata)
    OSDbg_FlagModeClrEn                      0x9001d24d   Data           1  os_dbg.o(.constdata)
    OSDbg_FlagPendAbortEn                    0x9001d24e   Data           1  os_dbg.o(.constdata)
    OSDbg_FlagGrpSize                        0x9001d250   Data           2  os_dbg.o(.constdata)
    OSDbg_FlagWidth                          0x9001d252   Data           2  os_dbg.o(.constdata)
    OSDbg_IntQ                               0x9001d254   Data           2  os_dbg.o(.constdata)
    OSDbg_ISRPostDeferredEn                  0x9001d256   Data           1  os_dbg.o(.constdata)
    OSDbg_Mem                                0x9001d258   Data          32  os_dbg.o(.constdata)
    OSDbg_MemEn                              0x9001d278   Data           1  os_dbg.o(.constdata)
    OSDbg_MemSize                            0x9001d27a   Data           2  os_dbg.o(.constdata)
    OSDbg_MsgEn                              0x9001d27c   Data           1  os_dbg.o(.constdata)
    OSDbg_MsgSize                            0x9001d27e   Data           2  os_dbg.o(.constdata)
    OSDbg_MsgPoolSize                        0x9001d280   Data           2  os_dbg.o(.constdata)
    OSDbg_MsgQSize                           0x9001d282   Data           2  os_dbg.o(.constdata)
    OSDbg_Mutex                              0x9001d284   Data          48  os_dbg.o(.constdata)
    OSDbg_MutexEn                            0x9001d2b4   Data           1  os_dbg.o(.constdata)
    OSDbg_MutexDelEn                         0x9001d2b5   Data           1  os_dbg.o(.constdata)
    OSDbg_MutexPendAbortEn                   0x9001d2b6   Data           1  os_dbg.o(.constdata)
    OSDbg_MutexSize                          0x9001d2b8   Data           2  os_dbg.o(.constdata)
    OSDbg_ObjTypeChkEn                       0x9001d2ba   Data           1  os_dbg.o(.constdata)
    OSDbg_PendMultiEn                        0x9001d2bb   Data           1  os_dbg.o(.constdata)
    OSDbg_PendDataSize                       0x9001d2bc   Data           2  os_dbg.o(.constdata)
    OSDbg_PendListSize                       0x9001d2be   Data           2  os_dbg.o(.constdata)
    OSDbg_PendObjSize                        0x9001d2c0   Data           2  os_dbg.o(.constdata)
    OSDbg_PrioMax                            0x9001d2c2   Data           2  os_dbg.o(.constdata)
    OSDbg_PrioTblSize                        0x9001d2c4   Data           2  os_dbg.o(.constdata)
    OSDbg_PtrSize                            0x9001d2c6   Data           2  os_dbg.o(.constdata)
    OSDbg_Q                                  0x9001d2c8   Data          48  os_dbg.o(.constdata)
    OSDbg_QEn                                0x9001d2f8   Data           1  os_dbg.o(.constdata)
    OSDbg_QDelEn                             0x9001d2f9   Data           1  os_dbg.o(.constdata)
    OSDbg_QFlushEn                           0x9001d2fa   Data           1  os_dbg.o(.constdata)
    OSDbg_QPendAbortEn                       0x9001d2fb   Data           1  os_dbg.o(.constdata)
    OSDbg_QSize                              0x9001d2fc   Data           2  os_dbg.o(.constdata)
    OSDbg_SchedRoundRobinEn                  0x9001d2fe   Data           1  os_dbg.o(.constdata)
    OSDbg_Sem                                0x9001d300   Data          40  os_dbg.o(.constdata)
    OSDbg_SemEn                              0x9001d328   Data           1  os_dbg.o(.constdata)
    OSDbg_SemDelEn                           0x9001d329   Data           1  os_dbg.o(.constdata)
    OSDbg_SemPendAbortEn                     0x9001d32a   Data           1  os_dbg.o(.constdata)
    OSDbg_SemSetEn                           0x9001d32b   Data           1  os_dbg.o(.constdata)
    OSDbg_SemSize                            0x9001d32c   Data           2  os_dbg.o(.constdata)
    OSDbg_RdyList                            0x9001d32e   Data           2  os_dbg.o(.constdata)
    OSDbg_RdyListSize                        0x9001d330   Data           4  os_dbg.o(.constdata)
    OSDbg_StkWidth                           0x9001d334   Data           1  os_dbg.o(.constdata)
    OSDbg_StatTaskEn                         0x9001d335   Data           1  os_dbg.o(.constdata)
    OSDbg_StatTaskStkChkEn                   0x9001d336   Data           1  os_dbg.o(.constdata)
    OSDbg_TaskChangePrioEn                   0x9001d337   Data           1  os_dbg.o(.constdata)
    OSDbg_TaskDelEn                          0x9001d338   Data           1  os_dbg.o(.constdata)
    OSDbg_TaskQEn                            0x9001d339   Data           1  os_dbg.o(.constdata)
    OSDbg_TaskQPendAbortEn                   0x9001d33a   Data           1  os_dbg.o(.constdata)
    OSDbg_TaskProfileEn                      0x9001d33b   Data           1  os_dbg.o(.constdata)
    OSDbg_TaskRegTblSize                     0x9001d33c   Data           2  os_dbg.o(.constdata)
    OSDbg_TaskSemPendAbortEn                 0x9001d33e   Data           1  os_dbg.o(.constdata)
    OSDbg_TaskSuspendEn                      0x9001d33f   Data           1  os_dbg.o(.constdata)
    OSDbg_TCBSize                            0x9001d340   Data           2  os_dbg.o(.constdata)
    OSDbg_TickListSize                       0x9001d342   Data           2  os_dbg.o(.constdata)
    OSDbg_TimeDlyHMSMEn                      0x9001d344   Data           1  os_dbg.o(.constdata)
    OSDbg_TimeDlyResumeEn                    0x9001d345   Data           1  os_dbg.o(.constdata)
    OSDbg_TLS_TblSize                        0x9001d346   Data           2  os_dbg.o(.constdata)
    OSDbg_Tmr                                0x9001d348   Data          48  os_dbg.o(.constdata)
    OSDbg_TmrEn                              0x9001d378   Data           1  os_dbg.o(.constdata)
    OSDbg_TmrDelEn                           0x9001d379   Data           1  os_dbg.o(.constdata)
    OSDbg_TmrSize                            0x9001d37a   Data           2  os_dbg.o(.constdata)
    OSDbg_VersionNbr                         0x9001d37c   Data           2  os_dbg.o(.constdata)
    OSDbg_DataSize                           0x9001d380   Data           4  os_dbg.o(.constdata)
    ltdc_lcd_framebuf                        0xc0000000   Data       2048000  ltdc.o(.ARM.__AT_0xC0000000)



==============================================================================

Memory Map of the image

  Image Entry point : 0x08000299

  Load Region LR_m_stmflash (Base: 0x08000000, Size: 0x00003488, Max: 0x00020000, ABSOLUTE, COMPRESSED[0x00003250])

    Execution Region ER_m_stmflash (Base: 0x08000000, Size: 0x0000313c, Max: 0x00020000, ABSOLUTE)

    Base Addr    Size         Type   Attr      Idx    E Section Name        Object

    0x08000000   0x00000298   Data   RO          671    RESET               startup_stm32h750xx.o
    0x08000298   0x00000008   Code   RO         2431  * !!!main             c_w.l(__main.o)
    0x080002a0   0x00000034   Code   RO         2613    !!!scatter          c_w.l(__scatter.o)
    0x080002d4   0x0000005a   Code   RO         2611    !!dczerorl2         c_w.l(__dczerorl2.o)
    0x0800032e   0x00000002   PAD
    0x08000330   0x0000001c   Code   RO         2615    !!handler_zi        c_w.l(__scatter_zi.o)
    0x0800034c   0x00000002   Code   RO         2483    .ARM.Collect$$libinit$$00000000  c_w.l(libinit.o)
    0x0800034e   0x00000004   Code   RO         2495    .ARM.Collect$$libinit$$00000001  c_w.l(libinit2.o)
    0x08000352   0x00000000   Code   RO         2498    .ARM.Collect$$libinit$$00000004  c_w.l(libinit2.o)
    0x08000352   0x00000000   Code   RO         2501    .ARM.Collect$$libinit$$0000000A  c_w.l(libinit2.o)
    0x08000352   0x00000000   Code   RO         2503    .ARM.Collect$$libinit$$0000000C  c_w.l(libinit2.o)
    0x08000352   0x00000000   Code   RO         2505    .ARM.Collect$$libinit$$0000000E  c_w.l(libinit2.o)
    0x08000352   0x00000000   Code   RO         2508    .ARM.Collect$$libinit$$00000011  c_w.l(libinit2.o)
    0x08000352   0x00000000   Code   RO         2510    .ARM.Collect$$libinit$$00000013  c_w.l(libinit2.o)
    0x08000352   0x00000000   Code   RO         2512    .ARM.Collect$$libinit$$00000015  c_w.l(libinit2.o)
    0x08000352   0x00000000   Code   RO         2514    .ARM.Collect$$libinit$$00000017  c_w.l(libinit2.o)
    0x08000352   0x00000000   Code   RO         2516    .ARM.Collect$$libinit$$00000019  c_w.l(libinit2.o)
    0x08000352   0x00000000   Code   RO         2518    .ARM.Collect$$libinit$$0000001B  c_w.l(libinit2.o)
    0x08000352   0x00000000   Code   RO         2520    .ARM.Collect$$libinit$$0000001D  c_w.l(libinit2.o)
    0x08000352   0x00000000   Code   RO         2522    .ARM.Collect$$libinit$$0000001F  c_w.l(libinit2.o)
    0x08000352   0x00000000   Code   RO         2524    .ARM.Collect$$libinit$$00000021  c_w.l(libinit2.o)
    0x08000352   0x00000000   Code   RO         2526    .ARM.Collect$$libinit$$00000023  c_w.l(libinit2.o)
    0x08000352   0x00000000   Code   RO         2528    .ARM.Collect$$libinit$$00000025  c_w.l(libinit2.o)
    0x08000352   0x00000000   Code   RO         2532    .ARM.Collect$$libinit$$0000002C  c_w.l(libinit2.o)
    0x08000352   0x00000000   Code   RO         2534    .ARM.Collect$$libinit$$0000002E  c_w.l(libinit2.o)
    0x08000352   0x00000000   Code   RO         2536    .ARM.Collect$$libinit$$00000030  c_w.l(libinit2.o)
    0x08000352   0x00000000   Code   RO         2538    .ARM.Collect$$libinit$$00000032  c_w.l(libinit2.o)
    0x08000352   0x00000002   Code   RO         2539    .ARM.Collect$$libinit$$00000033  c_w.l(libinit2.o)
    0x08000354   0x00000002   Code   RO         2565    .ARM.Collect$$libshutdown$$00000000  c_w.l(libshutdown.o)
    0x08000356   0x00000000   Code   RO         2594    .ARM.Collect$$libshutdown$$00000002  c_w.l(libshutdown2.o)
    0x08000356   0x00000000   Code   RO         2596    .ARM.Collect$$libshutdown$$00000004  c_w.l(libshutdown2.o)
    0x08000356   0x00000000   Code   RO         2599    .ARM.Collect$$libshutdown$$00000007  c_w.l(libshutdown2.o)
    0x08000356   0x00000000   Code   RO         2602    .ARM.Collect$$libshutdown$$0000000A  c_w.l(libshutdown2.o)
    0x08000356   0x00000000   Code   RO         2604    .ARM.Collect$$libshutdown$$0000000C  c_w.l(libshutdown2.o)
    0x08000356   0x00000000   Code   RO         2607    .ARM.Collect$$libshutdown$$0000000F  c_w.l(libshutdown2.o)
    0x08000356   0x00000002   Code   RO         2608    .ARM.Collect$$libshutdown$$00000010  c_w.l(libshutdown2.o)
    0x08000358   0x00000000   Code   RO         2433    .ARM.Collect$$rtentry$$00000000  c_w.l(__rtentry.o)
    0x08000358   0x00000000   Code   RO         2446    .ARM.Collect$$rtentry$$00000002  c_w.l(__rtentry2.o)
    0x08000358   0x00000006   Code   RO         2458    .ARM.Collect$$rtentry$$00000004  c_w.l(__rtentry4.o)
    0x0800035e   0x00000000   Code   RO         2448    .ARM.Collect$$rtentry$$00000009  c_w.l(__rtentry2.o)
    0x0800035e   0x00000004   Code   RO         2449    .ARM.Collect$$rtentry$$0000000A  c_w.l(__rtentry2.o)
    0x08000362   0x00000000   Code   RO         2451    .ARM.Collect$$rtentry$$0000000C  c_w.l(__rtentry2.o)
    0x08000362   0x00000008   Code   RO         2452    .ARM.Collect$$rtentry$$0000000D  c_w.l(__rtentry2.o)
    0x0800036a   0x00000002   Code   RO         2487    .ARM.Collect$$rtexit$$00000000  c_w.l(rtexit.o)
    0x0800036c   0x00000000   Code   RO         2541    .ARM.Collect$$rtexit$$00000002  c_w.l(rtexit2.o)
    0x0800036c   0x00000004   Code   RO         2542    .ARM.Collect$$rtexit$$00000003  c_w.l(rtexit2.o)
    0x08000370   0x00000006   Code   RO         2543    .ARM.Collect$$rtexit$$00000004  c_w.l(rtexit2.o)
    0x08000376   0x00000002   PAD
    0x08000378   0x0000035c   Code   RO            4    .text               main.o
    0x080006d4   0x000002a0   Code   RO          461    .text               system_stm32h7xx.o
    0x08000974   0x00000004   Code   RO          646    .text               stm32h7xx_hal_msp.o
    0x08000978   0x00000068   Code   RO          672    .text               startup_stm32h750xx.o
    0x080009e0   0x00000138   Code   RO          679    .text               delay.o
    0x08000b18   0x00000488   Code   RO          707    .text               sys.o
    0x08000fa0   0x000001b4   Code   RO          740    .text               usart.o
    0x08001154   0x000005b8   Code   RO          776    .text               stm32h7xx_hal.o
    0x0800170c   0x00000370   Code   RO          803    .text               stm32h7xx_hal_cortex.o
    0x08001a7c   0x0000040c   Code   RO          885    .text               stm32h7xx_hal_gpio.o
    0x08001e88   0x00000f6c   Code   RO          963    .text               stm32h7xx_hal_rcc.o
    0x08002df4   0x000000ee   Code   RO         2366    .text               c_w.l(lludivv7m.o)
    0x08002ee2   0x00000006   Code   RO         2429    .text               c_w.l(heapauxi.o)
    0x08002ee8   0x0000004a   Code   RO         2468    .text               c_w.l(sys_stackheap_outer.o)
    0x08002f32   0x00000012   Code   RO         2472    .text               c_w.l(exit.o)
    0x08002f44   0x00000008   Code   RO         2484    .text               c_w.l(libspace.o)
    0x08002f4c   0x0000000a   Ven    RO         2617    Veneer$$Code        anon$$obj.o
    0x08002f56   0x0000000a   Ven    RO         2618    Veneer$$Code        anon$$obj.o
    0x08002f60   0x0000000a   Ven    RO         2619    Veneer$$Code        anon$$obj.o
    0x08002f6a   0x0000000a   Ven    RO         2620    Veneer$$Code        anon$$obj.o
    0x08002f74   0x0000000a   Ven    RO         2621    Veneer$$Code        anon$$obj.o
    0x08002f7e   0x0000000a   Ven    RO         2622    Veneer$$Code        anon$$obj.o
    0x08002f88   0x0000000a   Ven    RO         2623    Veneer$$Code        anon$$obj.o
    0x08002f92   0x0000000a   Ven    RO         2624    Veneer$$Code        anon$$obj.o
    0x08002f9c   0x0000000a   Ven    RO         2625    Veneer$$Code        anon$$obj.o
    0x08002fa6   0x0000000a   Ven    RO         2626    Veneer$$Code        anon$$obj.o
    0x08002fb0   0x0000000a   Ven    RO         2627    Veneer$$Code        anon$$obj.o
    0x08002fba   0x0000000a   Ven    RO         2628    Veneer$$Code        anon$$obj.o
    0x08002fc4   0x0000000a   Ven    RO         2629    Veneer$$Code        anon$$obj.o
    0x08002fce   0x0000000a   Ven    RO         2630    Veneer$$Code        anon$$obj.o
    0x08002fd8   0x0000000a   Ven    RO         2631    Veneer$$Code        anon$$obj.o
    0x08002fe2   0x0000000a   Ven    RO         2632    Veneer$$Code        anon$$obj.o
    0x08002fec   0x0000000a   Ven    RO         2633    Veneer$$Code        anon$$obj.o
    0x08002ff6   0x0000000a   Ven    RO         2634    Veneer$$Code        anon$$obj.o
    0x08003000   0x0000000a   Ven    RO         2635    Veneer$$Code        anon$$obj.o
    0x0800300a   0x0000000a   Ven    RO         2636    Veneer$$Code        anon$$obj.o
    0x08003014   0x0000000a   Ven    RO         2637    Veneer$$Code        anon$$obj.o
    0x0800301e   0x0000000a   Ven    RO         2638    Veneer$$Code        anon$$obj.o
    0x08003028   0x0000000a   Ven    RO         2639    Veneer$$Code        anon$$obj.o
    0x08003032   0x0000000a   Ven    RO         2640    Veneer$$Code        anon$$obj.o
    0x0800303c   0x0000000a   Ven    RO         2641    Veneer$$Code        anon$$obj.o
    0x08003046   0x0000000a   Ven    RO         2642    Veneer$$Code        anon$$obj.o
    0x08003050   0x0000000a   Ven    RO         2643    Veneer$$Code        anon$$obj.o
    0x0800305a   0x0000000a   Ven    RO         2644    Veneer$$Code        anon$$obj.o
    0x08003064   0x0000000a   Ven    RO         2645    Veneer$$Code        anon$$obj.o
    0x0800306e   0x0000000a   Ven    RO         2646    Veneer$$Code        anon$$obj.o
    0x08003078   0x0000000a   Ven    RO         2647    Veneer$$Code        anon$$obj.o
    0x08003082   0x0000000a   Ven    RO         2648    Veneer$$Code        anon$$obj.o
    0x0800308c   0x0000000a   Ven    RO         2649    Veneer$$Code        anon$$obj.o
    0x08003096   0x0000000a   Ven    RO         2650    Veneer$$Code        anon$$obj.o
    0x080030a0   0x0000000a   Ven    RO         2651    Veneer$$Code        anon$$obj.o
    0x080030aa   0x0000000a   Ven    RO         2652    Veneer$$Code        anon$$obj.o
    0x080030b4   0x0000000a   Ven    RO         2653    Veneer$$Code        anon$$obj.o
    0x080030be   0x0000000a   Ven    RO         2654    Veneer$$Code        anon$$obj.o
    0x080030c8   0x0000000a   Ven    RO         2655    Veneer$$Code        anon$$obj.o
    0x080030d2   0x0000000a   Code   RO         2553    x$fpl$fpinit        fz_wv.l(fpinit.o)
    0x080030dc   0x00000040   Data   RO          462    .constdata          system_stm32h7xx.o
    0x0800311c   0x00000020   Data   RO         2609    Region$$Table       anon$$obj.o


    Execution Region RW_m_stmsram (Base: 0x24000000, Size: 0x00002ff0, Max: 0x00080000, ABSOLUTE, COMPRESSED[0x00000114])

    Base Addr    Size         Type   Attr      Idx    E Section Name        Object

    0x24000000   0x00000038   Data   RW            7    .data               main.o
    0x24000038   0x00000008   Data   RW          463    .data               system_stm32h7xx.o
    0x24000040   0x00000006   Data   RW          681    .data               delay.o
    0x24000046   0x00000002   PAD
    0x24000048   0x00000007   Data   RW          743    .data               usart.o
    0x2400004f   0x00000001   PAD
    0x24000050   0x00000009   Data   RW          778    .data               stm32h7xx_hal.o
    0x24000059   0x00000003   PAD
    0x2400005c   0x00000008   Data   RW         1434    .data               lcd.o
    0x24000064   0x00000008   Data   RW         1470    .data               ltdc.o
    0x2400006c   0x0000000d   Data   RW         1596    .data               timer.o
    0x24000079   0x00000003   PAD
    0x2400007c   0x0000001c   Data   RW         1774    .data               cpu_core.o
    0x24000098   0x00000004   Data   RW         1829    .data               lib_mem.o
    0x2400009c   0x00000008   Data   RW         1986    .data               os_prio.o
    0x240000a4   0x000000c4   Data   RW         2089    .data               os_var.o
    0x24000168   0x00000004   Data   RW         2103    .data               os_cpu_c.o
    0x2400016c   0x0000001c   Data   RW         2166    .data               usmart.o
    0x24000188   0x000001c4   Data   RW         2194    .data               usmart_config.o
    0x2400034c   0x00000858   Zero   RW            5    .bss                main.o
    0x24000ba4   0x00000148   Zero   RW          741    .bss                usart.o
    0x24000cec   0x0000005a   Zero   RW         1432    .bss                lcd.o
    0x24000d46   0x00000002   PAD
    0x24000d48   0x00000128   Zero   RW         1468    .bss                ltdc.o
    0x24000e70   0x00000034   Zero   RW         1500    .bss                sdram.o
    0x24000ea4   0x000000c8   Zero   RW         1594    .bss                timer.o
    0x24000f6c   0x00000010   Zero   RW         1772    .bss                cpu_core.o
    0x24000f7c   0x00000414   Zero   RW         1828    .bss                lib_mem.o
    0x24001390   0x00000f60   Zero   RW         1870    .bss                os_cfg_app.o
    0x240022f0   0x0000065c   Zero   RW         2088    .bss                os_var.o
    0x2400294c   0x00000040   Zero   RW         2163    .bss                usmart.o
    0x2400298c   0x00000060   Zero   RW         2485    .bss                c_w.l(libspace.o)
    0x240029ec   0x00000004   PAD
    0x240029f0   0x00000200   Zero   RW          670    HEAP                startup_stm32h750xx.o
    0x24002bf0   0x00000400   Zero   RW          669    STACK               startup_stm32h750xx.o



  Load Region LR_m_qspiflash (Base: 0x90000000, Size: 0x0001d824, Max: 0x00800000, ABSOLUTE)

    Execution Region ER_m_qspiflash (Base: 0x90000000, Size: 0x0001d824, Max: 0x00800000, ABSOLUTE)

    Base Addr    Size         Type   Attr      Idx    E Section Name        Object

    0x90000000   0x00000000   Code   RO         2426    .ARM.Collect$$_printf_percent$$00000000  c_w.l(_printf_percent.o)
    0x90000000   0x00000006   Code   RO         2424    .ARM.Collect$$_printf_percent$$00000009  c_w.l(_printf_d.o)
    0x90000006   0x00000006   Code   RO         2425    .ARM.Collect$$_printf_percent$$0000000A  c_w.l(_printf_u.o)
    0x9000000c   0x00000006   Code   RO         2423    .ARM.Collect$$_printf_percent$$0000000C  c_w.l(_printf_x.o)
    0x90000012   0x00000006   Code   RO         2421    .ARM.Collect$$_printf_percent$$00000013  c_w.l(_printf_c.o)
    0x90000018   0x00000006   Code   RO         2422    .ARM.Collect$$_printf_percent$$00000014  c_w.l(_printf_s.o)
    0x9000001e   0x00000004   Code   RO         2444    .ARM.Collect$$_printf_percent$$00000017  c_w.l(_printf_percent_end.o)
    0x90000022   0x00000012   Code   RO          425    .text               stm32h7xx_it.o
    0x90000034   0x00001190   Code   RO          833    .text               stm32h7xx_hal_dma.o
    0x900011c4   0x00001da0   Code   RO          989    .text               stm32h7xx_hal_rcc_ex.o
    0x90002f64   0x00001d14   Code   RO         1015    .text               stm32h7xx_hal_uart.o
    0x90004c78   0x0000029c   Code   RO         1041    .text               stm32h7xx_hal_uart_ex.o
    0x90004f14   0x00000452   Code   RO         1093    .text               stm32h7xx_hal_sdram.o
    0x90005366   0x00000002   PAD
    0x90005368   0x0000042a   Code   RO         1119    .text               stm32h7xx_ll_fmc.o
    0x90005792   0x00000002   PAD
    0x90005794   0x00000f3c   Code   RO         1145    .text               stm32h7xx_hal_ltdc.o
    0x900066d0   0x00000390   Code   RO         1197    .text               stm32h7xx_hal_sram.o
    0x90006a60   0x00000cd8   Code   RO         1249    .text               stm32h7xx_hal_mdma.o
    0x90007738   0x00002c3c   Code   RO         1275    .text               stm32h7xx_hal_tim.o
    0x9000a374   0x00000eb4   Code   RO         1301    .text               stm32h7xx_hal_tim_ex.o
    0x9000b228   0x00000058   Code   RO         1405    .text               led.o
    0x9000b280   0x00003534   Code   RO         1431    .text               lcd.o
    0x9000e7b4   0x00000a60   Code   RO         1466    .text               ltdc.o
    0x9000f214   0x000002b8   Code   RO         1499    .text               sdram.o
    0x9000f4cc   0x000001e4   Code   RO         1560    .text               mpu.o
    0x9000f6b0   0x00000370   Code   RO         1593    .text               timer.o
    0x9000fa20   0x00000080   Code   RO         1723    .text               bsp.o
    0x9000faa0   0x00000474   Code   RO         1771    .text               cpu_core.o
    0x9000ff14   0x00000034   Code   RO         1791    .text               cpu_a.o
    0x9000ff48   0x00000256   Code   RO         1794    .text               lib_ascii.o
    0x9001019e   0x00000002   PAD
    0x900101a0   0x00000b74   Code   RO         1827    .text               lib_mem.o
    0x90010d14   0x00000928   Code   RO         1849    .text               lib_str.o
    0x9001163c   0x00000220   Code   RO         1866    .text               lib_mem_a.o
    0x9001185c   0x00000002   Code   RO         1869    .text               os_cfg_app.o
    0x9001185e   0x00000002   PAD
    0x90011860   0x00000d64   Code   RO         1892    .text               os_core.o
    0x900125c4   0x000001a8   Code   RO         1904    .text               os_dbg.o
    0x9001276c   0x00000694   Code   RO         1919    .text               os_flag.o
    0x90012e00   0x0000019c   Code   RO         1937    .text               os_mem.o
    0x90012f9c   0x00000208   Code   RO         1949    .text               os_msg.o
    0x900131a4   0x00000770   Code   RO         1961    .text               os_mutex.o
    0x90013914   0x0000007c   Code   RO         1985    .text               os_prio.o
    0x90013990   0x000005bc   Code   RO         2004    .text               os_q.o
    0x90013f4c   0x0000061c   Code   RO         2016    .text               os_sem.o
    0x90014568   0x00000618   Code   RO         2028    .text               os_stat.o
    0x90014b80   0x00001338   Code   RO         2040    .text               os_task.o
    0x90015eb8   0x00000472   Code   RO         2052    .text               os_tick.o
    0x9001632a   0x00000002   PAD
    0x9001632c   0x00000288   Code   RO         2064    .text               os_time.o
    0x900165b4   0x00000594   Code   RO         2076    .text               os_tmr.o
    0x90016b48   0x0000048c   Code   RO         2102    .text               os_cpu_c.o
    0x90016fd4   0x00000c58   Code   RO         2162    .text               usmart.o
    0x90017c2c   0x00000570   Code   RO         2218    .text               usmart_str.o
    0x9001819c   0x00000018   Code   RO         2370    .text               c_w.l(noretval__2printf.o)
    0x900181b4   0x0000004e   Code   RO         2374    .text               c_w.l(_printf_pad.o)
    0x90018202   0x00000052   Code   RO         2376    .text               c_w.l(_printf_str.o)
    0x90018254   0x00000078   Code   RO         2378    .text               c_w.l(_printf_dec.o)
    0x900182cc   0x00000058   Code   RO         2383    .text               c_w.l(_printf_hex_int.o)
    0x90018324   0x00000188   Code   RO         2418    .text               c_w.l(__printf_flags_ss_wp.o)
    0x900184ac   0x00000064   Code   RO         2427    .text               c_w.l(rt_memcpy_w.o)
    0x90018510   0x000000b2   Code   RO         2438    .text               c_w.l(_printf_intcommon.o)
    0x900185c2   0x0000002c   Code   RO         2440    .text               c_w.l(_printf_char.o)
    0x900185ee   0x00000002   PAD
    0x900185f0   0x00000024   Code   RO         2442    .text               c_w.l(_printf_char_file.o)
    0x90018614   0x00000030   Code   RO         2462    .text               c_w.l(_printf_char_common.o)
    0x90018644   0x00000008   Code   RO         2464    .text               c_w.l(ferror.o)
    0x9001864c   0x00000118   Code   RO         2127    CODE                os_cpu_a.o
    0x90018764   0x0000000a   Ven    RO         2656    Veneer$$Code        anon$$obj.o
    0x9001876e   0x0000000a   Ven    RO         2657    Veneer$$Code        anon$$obj.o
    0x90018778   0x0000000a   Ven    RO         2658    Veneer$$Code        anon$$obj.o
    0x90018782   0x0000000a   Ven    RO         2659    Veneer$$Code        anon$$obj.o
    0x9001878c   0x0000000a   Ven    RO         2660    Veneer$$Code        anon$$obj.o
    0x90018796   0x0000000a   Ven    RO         2661    Veneer$$Code        anon$$obj.o
    0x900187a0   0x0000000a   Ven    RO         2662    Veneer$$Code        anon$$obj.o
    0x900187aa   0x0000000a   Ven    RO         2663    Veneer$$Code        anon$$obj.o
    0x900187b4   0x0000000a   Ven    RO         2664    Veneer$$Code        anon$$obj.o
    0x900187be   0x0000000a   Ven    RO         2665    Veneer$$Code        anon$$obj.o
    0x900187c8   0x0000000a   Ven    RO         2666    Veneer$$Code        anon$$obj.o
    0x900187d2   0x0000000a   Ven    RO         2667    Veneer$$Code        anon$$obj.o
    0x900187dc   0x0000000a   Ven    RO         2668    Veneer$$Code        anon$$obj.o
    0x900187e6   0x0000000a   Ven    RO         2669    Veneer$$Code        anon$$obj.o
    0x900187f0   0x0000000a   Ven    RO         2670    Veneer$$Code        anon$$obj.o
    0x900187fa   0x0000000a   Ven    RO         2671    Veneer$$Code        anon$$obj.o
    0x90018804   0x0000000e   Code   RO         2411    i._is_digit         c_w.l(__printf_wp.o)
    0x90018812   0x00000038   Data   RO          834    .constdata          stm32h7xx_hal_dma.o
    0x9001884a   0x00000030   Data   RO         1016    .constdata          stm32h7xx_hal_uart.o
    0x9001887a   0x00004770   Data   RO         1433    .constdata          lcd.o
    0x9001cfea   0x00000002   PAD
    0x9001cfec   0x00000104   Data   RO         1773    .constdata          cpu_core.o
    0x9001d0f0   0x00000094   Data   RO         1850    .constdata          lib_str.o
    0x9001d184   0x00000094   Data   RO         1871    .constdata          os_cfg_app.o
    0x9001d218   0x0000016c   Data   RO         1905    .constdata          os_dbg.o
    0x9001d384   0x00000028   Data   RO         2384    .constdata          c_w.l(_printf_hex_int.o)
    0x9001d3ac   0x00000011   Data   RO         2419    .constdata          c_w.l(__printf_flags_ss_wp.o)
    0x9001d3bd   0x00000003   PAD
    0x9001d3c0   0x00000028   Data   RO         2165    .conststring        usmart.o
    0x9001d3e8   0x0000043b   Data   RO         2193    .conststring        usmart_config.o



  Load Region LR$$.ARM.__AT_0xC0000000 (Base: 0xc0000000, Size: 0x00000000, Max: 0x001f4000, ABSOLUTE)

    Execution Region ER$$.ARM.__AT_0xC0000000 (Base: 0xc0000000, Size: 0x001f4000, Max: 0x001f4000, ABSOLUTE, UNINIT)

    Base Addr    Size         Type   Attr      Idx    E Section Name        Object

    0xc0000000   0x001f4000   Zero   RW         1467    .ARM.__AT_0xC0000000  ltdc.o


==============================================================================

Image component sizes


      Code (inc. data)   RO Data    RW Data    ZI Data      Debug   Object Name

       128         12          0          0          0      10799   bsp.o
        52          0          0          0          0        328   cpu_a.o
      1140         42        260         28         16       9513   cpu_core.o
       312         24          0          6          0       1977   delay.o
     13620        172      18288          8         90      20158   lcd.o
        88         10          0          0          0        879   led.o
       598          0          0          0          0       3980   lib_ascii.o
      2932         92          0          4       1044      26128   lib_mem.o
       544          0          0          0          0        476   lib_mem_a.o
      2344          4        148          0          0      13934   lib_str.o
      2656         84          0          8    2048296       8128   ltdc.o
       860        136          0         56       2136    1320911   main.o
       484         56          0          0          0      42324   mpu.o
         2          0        148          0       3936      19349   os_cfg_app.o
      3428        254          0          0          0      11937   os_core.o
       280         14          0          0          0        420   os_cpu_a.o
      1164        164          0          4          0      22617   os_cpu_c.o
       424        278        364          0          0       4769   os_dbg.o
      1684         58          0          0          0       6009   os_flag.o
       412         14          0          0          0       2596   os_mem.o
       520         12          0          0          0       2650   os_msg.o
      1904         56          0          0          0       6621   os_mutex.o
       124          4          0          8          0       1948   os_prio.o
      1468         44          0          0          0       6164   os_q.o
      1564         48          0          0          0       6232   os_sem.o
      1560        160          0          0          0       2929   os_stat.o
      4920        160          0          0          0      13700   os_task.o
      1138         60          0          0          0       3763   os_tick.o
       648         42          0          0          0       2529   os_time.o
      1428        150          0          0          0       5831   os_tmr.o
         0          0          0        196       1628      17954   os_var.o
       696         40          0          0         52       3251   sdram.o
       104         34        664          0       1536        840   startup_stm32h750xx.o
      1464         46          0          9          0       9927   stm32h7xx_hal.o
       880         22          0          0          0      40555   stm32h7xx_hal_cortex.o
      4496        106         56          0          0      10053   stm32h7xx_hal_dma.o
      1036         54          0          0          0       3823   stm32h7xx_hal_gpio.o
      3900         18          0          0          0      14878   stm32h7xx_hal_ltdc.o
      3288         30          0          0          0      10116   stm32h7xx_hal_mdma.o
         4          0          0          0          0        548   stm32h7xx_hal_msp.o
      3948         90          0          0          0       5760   stm32h7xx_hal_rcc.o
      7584        134          0          0          0       9717   stm32h7xx_hal_rcc_ex.o
      1106         12          0          0          0       8529   stm32h7xx_hal_sdram.o
       912         12          0          0          0       6436   stm32h7xx_hal_sram.o
     11324        248          0          0          0      33926   stm32h7xx_hal_tim.o
      3764         44          0          0          0      14115   stm32h7xx_hal_tim_ex.o
      7444        192         48          0          0      18554   stm32h7xx_hal_uart.o
       668          6          0          0          0       3179   stm32h7xx_hal_uart_ex.o
        18          0          0          0          0        945   stm32h7xx_it.o
      1066         18          0          0          0       7527   stm32h7xx_ll_fmc.o
      1160         48          0          0          0      37238   sys.o
       672         44         64          8          0    1016416   system_stm32h7xx.o
       880         82          0         13        200       4258   timer.o
       436         34          0          7        328       3887   usart.o
      3160       1312         40         28         64       4495   usmart.o
         0          0       1083        452          0       1704   usmart_config.o
      1392         12          0          0          0       5533   usmart_str.o

    ----------------------------------------------------------------------
    110388       4788      21198        844    2059328    2873763   Object Totals
       550          0         32          0          0          0   (incl. Generated)
        10          0          3          9          2          0   (incl. Padding)

    ----------------------------------------------------------------------

      Code (inc. data)   RO Data    RW Data    ZI Data      Debug   Library Member Name

        90          0          0          0          0          0   __dczerorl2.o
         8          0          0          0          0         68   __main.o
       392          4         17          0          0         92   __printf_flags_ss_wp.o
        14          0          0          0          0         68   __printf_wp.o
         0          0          0          0          0          0   __rtentry.o
        12          0          0          0          0          0   __rtentry2.o
         6          0          0          0          0          0   __rtentry4.o
        52          8          0          0          0          0   __scatter.o
        28          0          0          0          0          0   __scatter_zi.o
         6          0          0          0          0          0   _printf_c.o
        44          0          0          0          0        108   _printf_char.o
        48          6          0          0          0         96   _printf_char_common.o
        36          4          0          0          0         80   _printf_char_file.o
         6          0          0          0          0          0   _printf_d.o
       120         16          0          0          0         92   _printf_dec.o
        88          4         40          0          0         88   _printf_hex_int.o
       178          0          0          0          0         88   _printf_intcommon.o
        78          0          0          0          0        108   _printf_pad.o
         0          0          0          0          0          0   _printf_percent.o
         4          0          0          0          0          0   _printf_percent_end.o
         6          0          0          0          0          0   _printf_s.o
        82          0          0          0          0         80   _printf_str.o
         6          0          0          0          0          0   _printf_u.o
         6          0          0          0          0          0   _printf_x.o
        18          0          0          0          0         80   exit.o
         8          0          0          0          0         68   ferror.o
         6          0          0          0          0        152   heapauxi.o
         2          0          0          0          0          0   libinit.o
         6          0          0          0          0          0   libinit2.o
         2          0          0          0          0          0   libshutdown.o
         2          0          0          0          0          0   libshutdown2.o
         8          4          0          0         96         68   libspace.o
       238          0          0          0          0        100   lludivv7m.o
        24          4          0          0          0         84   noretval__2printf.o
       100          0          0          0          0         80   rt_memcpy_w.o
         2          0          0          0          0          0   rtexit.o
        10          0          0          0          0          0   rtexit2.o
        74          0          0          0          0         80   sys_stackheap_outer.o
        10          0          0          0          0        116   fpinit.o

    ----------------------------------------------------------------------
      1826         50         60          0        100       1796   Library Totals
         6          0          3          0          4          0   (incl. Padding)

    ----------------------------------------------------------------------

      Code (inc. data)   RO Data    RW Data    ZI Data      Debug   Library Name

      1810         50         57          0         96       1680   c_w.l
        10          0          0          0          0        116   fz_wv.l

    ----------------------------------------------------------------------
      1826         50         60          0        100       1796   Library Totals

    ----------------------------------------------------------------------

==============================================================================


      Code (inc. data)   RO Data    RW Data    ZI Data      Debug   

    112214       4838      21258        844    2059428    2861379   Grand Totals
    112214       4838      21258        276    2059428    2861379   ELF Image Totals (compressed)
    112214       4838      21258        276          0          0   ROM Totals

==============================================================================

    Total RO  Size (Code + RO Data)               133472 ( 130.34kB)
    Total RW  Size (RW Data + ZI Data)           2060272 (2011.98kB)
    Total ROM Size (Code + RO Data + RW Data)     133748 ( 130.61kB)

==============================================================================

