Component: ARM Compiler 5.06 update 4 (build 422) Tool: armlink [4d35d2]

==============================================================================

Section Cross References

    main.o(i.ekey_task) refers to relay.o(i.Relay_Init) for Relay_Init
    main.o(i.ekey_task) refers to ekey.o(i.EKEY_Scan) for EKEY_Scan
    main.o(i.ekey_task) refers to noretval__2printf.o(.text) for __2printf
    main.o(i.ekey_task) refers to tasks.o(i.vTaskDelay) for vTaskDelay
    main.o(i.main) refers to misc.o(i.NVIC_PriorityGroupConfig) for NVIC_PriorityGroupConfig
    main.o(i.main) refers to delay.o(i.delay_init) for delay_init
    main.o(i.main) refers to usart.o(i.uart_init) for uart_init
    main.o(i.main) refers to led.o(i.LED_Init) for LED_Init
    main.o(i.main) refers to key.o(i.KEY_Init) for KEY_Init
    main.o(i.main) refers to ekey.o(i.EKEY_GPIO) for EKEY_GPIO
    main.o(i.main) refers to can.o(i.CAN1_Configuration) for CAN1_Configuration
    main.o(i.main) refers to rs485.o(i.RS485_Init) for RS485_Init
    main.o(i.main) refers to timer.o(i.TIM5_Int_Init) for TIM5_Int_Init
    main.o(i.main) refers to tasks.o(i.xTaskCreate) for xTaskCreate
    main.o(i.main) refers to tasks.o(i.vTaskStartScheduler) for vTaskStartScheduler
    main.o(i.main) refers to system_stm32f10x.o(.data) for SystemCoreClock
    main.o(i.main) refers to usmart_config.o(.data) for usmart_dev
    main.o(i.main) refers to main.o(.data) for StartTask_Handler
    main.o(i.main) refers to main.o(i.start_task) for start_task
    main.o(i.plus_task) refers to tasks.o(i.vTaskDelay) for vTaskDelay
    main.o(i.start_task) refers to port.o(i.vPortEnterCritical) for vPortEnterCritical
    main.o(i.start_task) refers to tasks.o(i.xTaskCreate) for xTaskCreate
    main.o(i.start_task) refers to tasks.o(i.vTaskSuspend) for vTaskSuspend
    main.o(i.start_task) refers to tasks.o(i.vTaskDelete) for vTaskDelete
    main.o(i.start_task) refers to port.o(i.vPortExitCritical) for vPortExitCritical
    main.o(i.start_task) refers to main.o(.data) for UsmartTask_Handler
    main.o(i.start_task) refers to main.o(i.usmart_task) for usmart_task
    main.o(i.start_task) refers to main.o(i.ekey_task) for ekey_task
    main.o(i.start_task) refers to main.o(i.plus_task) for plus_task
    main.o(i.start_task) refers to yizai2.o(.data) for YZTask2_Handler
    main.o(i.start_task) refers to yizai2.o(i.yizai2) for yizai2
    main.o(i.usmart_task) refers to tasks.o(i.vTaskDelay) for vTaskDelay
    main.o(i.usmart_task) refers to usmart_config.o(.data) for usmart_dev
    system_stm32f10x.o(i.SetSysClock) refers to system_stm32f10x.o(i.SetSysClockTo72) for SetSysClockTo72
    system_stm32f10x.o(i.SystemCoreClockUpdate) refers to system_stm32f10x.o(.data) for SystemCoreClock
    system_stm32f10x.o(i.SystemInit) refers to system_stm32f10x.o(i.SetSysClock) for SetSysClock
    byhandle.o(i.Break_) refers to noretval__2printf.o(.text) for __2printf
    byhandle.o(i.Handle_down_start) refers to advance_time.o(i.Pulse_output) for Pulse_output
    byhandle.o(i.Handle_down_start) refers to noretval__2printf.o(.text) for __2printf
    byhandle.o(i.Handle_down_start) refers to yizai2.o(.data) for yizai2_runing
    byhandle.o(i.Handle_left_start) refers to advance_time.o(i.Pulse_output) for Pulse_output
    byhandle.o(i.Handle_left_start) refers to noretval__2printf.o(.text) for __2printf
    byhandle.o(i.Handle_left_start) refers to yizai2.o(.data) for yizai2_runing
    byhandle.o(i.Handle_right_start) refers to advance_time.o(i.Pulse_output) for Pulse_output
    byhandle.o(i.Handle_right_start) refers to noretval__2printf.o(.text) for __2printf
    byhandle.o(i.Handle_right_start) refers to yizai2.o(.data) for yizai2_runing
    byhandle.o(i.Handle_stop) refers to advance_time.o(i.TIM_dis) for TIM_dis
    byhandle.o(i.Handle_stop) refers to noretval__2printf.o(.text) for __2printf
    byhandle.o(i.Handle_stop) refers to yizai2.o(.data) for yizai2_runing
    byhandle.o(i.Handle_up_start) refers to advance_time.o(i.Pulse_output) for Pulse_output
    byhandle.o(i.Handle_up_start) refers to noretval__2printf.o(.text) for __2printf
    byhandle.o(i.Handle_up_start) refers to yizai2.o(.data) for yizai2_runing
    byhandle.o(i.Set_F) refers to yizai2.o(.data) for F_Z_f
    yizai2.o(i.START_DSF) refers to relay.o(i.Relay_test) for Relay_test
    yizai2.o(i.START_DSF) refers to tasks.o(i.vTaskDelay) for vTaskDelay
    yizai2.o(i.dasifu_daowei) refers to _printf_percent.o(.ARM.Collect$$_printf_percent$$00000000) for _printf_percent
    yizai2.o(i.dasifu_daowei) refers to _printf_d.o(.ARM.Collect$$_printf_percent$$00000009) for _printf_d
    yizai2.o(i.dasifu_daowei) refers to _printf_dec.o(.text) for _printf_int_dec
    yizai2.o(i.dasifu_daowei) refers to tasks.o(i.vTaskDelay) for vTaskDelay
    yizai2.o(i.dasifu_daowei) refers to noretval__2printf.o(.text) for __2printf
    yizai2.o(i.dasifu_daowei) refers to advance_time.o(.data) for TIM2_IRQ
[...]
    xSuspendedTaskList                       0x20000760   Data          20  tasks.o(.bss)
    .bss                                     0x20000774   Section       40  timers.o(.bss)
    xActiveTimerList1                        0x20000774   Data          20  timers.o(.bss)
    xActiveTimerList2                        0x20000788   Data          20  timers.o(.bss)
    .bss                                     0x2000079c   Section    20480  heap_4.o(.bss)
    ucHeap                                   0x2000079c   Data       20480  heap_4.o(.bss)
    .bss                                     0x200057a0   Section    21760  malloc.o(.bss)
    .bss                                     0x2000aca0   Section       96  libspace.o(.bss)
    HEAP                                     0x2000ad00   Section      512  startup_stm32f10x_hd.o(HEAP)
    Heap_Mem                                 0x2000ad00   Data         512  startup_stm32f10x_hd.o(HEAP)
    STACK                                    0x2000af00   Section     1024  startup_stm32f10x_hd.o(STACK)
    Stack_Mem                                0x2000af00   Data        1024  startup_stm32f10x_hd.o(STACK)
    __initial_sp                             0x2000b300   Data           0  startup_stm32f10x_hd.o(STACK)
    .ARM.__AT_0x68000000                     0x68000000   Section       32  malloc.o(.ARM.__AT_0x68000000)
    .ARM.__AT_0x68000020                     0x68000020   Section        2  malloc.o(.ARM.__AT_0x68000020)

    Global Symbols

    Symbol Name                              Value     Ov Type        Size  Object(Section)

    BuildAttributes$$THM_ISAv4$P$D$K$B$S$PE$A:L22UL41UL21$X:L11$S22US41US21$IEEE1$IW$USESV6$~STKCKD$USESV7$~SHL$OSPACE$ROPI$EBA8$UX$STANDARDLIB$REQ8$PRES8$EABIv2 0x00000000   Number         0  anon$$obj.o ABSOLUTE
    __ARM_use_no_argv                        0x00000000   Number         0  main.o ABSOLUTE
    _printf_flags                            0x00000000   Number         0  printf_stubs.o ABSOLUTE
    _printf_return_value                     0x00000000   Number         0  printf_stubs.o ABSOLUTE
    _printf_sizespec                         0x00000000   Number         0  printf_stubs.o ABSOLUTE
    _printf_widthprec                        0x00000000   Number         0  printf_stubs.o ABSOLUTE
    __ARM_exceptions_init                     - Undefined Weak Reference
    __alloca_initialize                       - Undefined Weak Reference
    __arm_preinit_                            - Undefined Weak Reference
    __cpp_initialize__aeabi_                  - Undefined Weak Reference
    __cxa_finalize                            - Undefined Weak Reference
    __rt_locale                               - Undefined Weak Reference
    __sigvec_lookup                           - Undefined Weak Reference
    _atexit_init                              - Undefined Weak Reference
    _call_atexit_fns                          - Undefined Weak Reference
    _clock_init                               - Undefined Weak Reference
    _fp_trap_init                             - Undefined Weak Reference
    _fp_trap_shutdown                         - Undefined Weak Reference
    _get_lc_collate                           - Undefined Weak Reference
    _get_lc_ctype                             - Undefined Weak Reference
    _get_lc_monetary                          - Undefined Weak Reference
    _get_lc_numeric                           - Undefined Weak Reference
    _get_lc_time                              - Undefined Weak Reference
    _getenv_init                              - Undefined Weak Reference
    _handle_redirection                       - Undefined Weak Reference
    _init_alloc                               - Undefined Weak Reference
    _init_user_alloc                          - Undefined Weak Reference
    _initio                                   - Undefined Weak Reference
    _mutex_acquire                            - Undefined Weak Reference
    _mutex_release                            - Undefined Weak Reference
    _printf_mbtowc                            - Undefined Weak Reference
    _printf_truncate_signed                   - Undefined Weak Reference
    _printf_truncate_unsigned                 - Undefined Weak Reference
    _rand_init                                - Undefined Weak Reference
    _signal_finish                            - Undefined Weak Reference
    _signal_init                              - Undefined Weak Reference
    _terminate_alloc                          - Undefined Weak Reference
    _terminate_user_alloc                     - Undefined Weak Reference
    _terminateio                              - Undefined Weak Reference
    __Vectors_Size                           0x00000130   Number         0  startup_stm32f10x_hd.o ABSOLUTE
    __Vectors                                0x08000000   Data           4  startup_stm32f10x_hd.o(RESET)
    __Vectors_End                            0x08000130   Data           0  startup_stm32f10x_hd.o(RESET)
    __main                                   0x08000131   Thumb Code     8  __main.o(!!!main)
    __scatterload                            0x08000139   Thumb Code     0  __scatter.o(!!!scatter)
    __scatterload_rt2                        0x08000139   Thumb Code    44  __scatter.o(!!!scatter)
    __scatterload_rt2_thumb_only             0x08000139   Thumb Code     0  __scatter.o(!!!scatter)
    __scatterload_null                       0x08000147   Thumb Code     0  __scatter.o(!!!scatter)
    __decompress                             0x0800016d   Thumb Code    90  __dczerorl2.o(!!dczerorl2)
    __decompress1                            0x0800016d   Thumb Code     0  __dczerorl2.o(!!dczerorl2)
    __scatterload_zeroinit                   0x080001c9   Thumb Code    28  __scatter_zi.o(!!handler_zi)
    _printf_d                                0x080001e5   Thumb Code     0  _printf_d.o(.ARM.Collect$$_printf_percent$$00000009)
    _printf_percent                          0x080001e5   Thumb Code     0  _printf_percent.o(.ARM.Collect$$_printf_percent$$00000000)
    _printf_u                                0x080001eb   Thumb Code     0  _printf_u.o(.ARM.Collect$$_printf_percent$$0000000A)
    _printf_x                                0x080001f1   Thumb Code     0  _printf_x.o(.ARM.Collect$$_printf_percent$$0000000C)
    _printf_c                                0x080001f7   Thumb Code     0  _printf_c.o(.ARM.Collect$$_printf_percent$$00000013)
    _printf_s                                0x080001fd   Thumb Code     0  _printf_s.o(.ARM.Collect$$_printf_percent$$00000014)
    _printf_percent_end                      0x08000203   Thumb Code     0  _printf_percent_end.o(.ARM.Collect$$_printf_percent$$00000017)
    __rt_lib_init                            0x08000207   Thumb Code     0  libinit.o(.ARM.Collect$$libinit$$00000000)
    __rt_lib_init_alloca_1                   0x08000209   Thumb Code     0  libinit2.o(.ARM.Collect$$libinit$$0000002E)
    __rt_lib_init_argv_1                     0x08000209   Thumb Code     0  libinit2.o(.ARM.Collect$$libinit$$0000002C)
    __rt_lib_init_atexit_1                   0x08000209   Thumb Code     0  libinit2.o(.ARM.Collect$$libinit$$0000001B)
    __rt_lib_init_clock_1                    0x08000209   Thumb Code     0  libinit2.o(.ARM.Collect$$libinit$$00000021)
    __rt_lib_init_cpp_1                      0x08000209   Thumb Code     0  libinit2.o(.ARM.Collect$$libinit$$00000032)
    __rt_lib_init_exceptions_1               0x08000209   Thumb Code     0  libinit2.o(.ARM.Collect$$libinit$$00000030)
    __rt_lib_init_fp_1                       0x08000209   Thumb Code     0  libinit2.o(.ARM.Collect$$libinit$$00000002)
    __rt_lib_init_fp_trap_1                  0x08000209   Thumb Code     0  libinit2.o(.ARM.Collect$$libinit$$0000001F)
    __rt_lib_init_getenv_1                   0x08000209   Thumb Code     0  libinit2.o(.ARM.Collect$$libinit$$00000023)
    __rt_lib_init_heap_1                     0x08000209   Thumb Code     0  libinit2.o(.ARM.Collect$$libinit$$0000000A)
    __rt_lib_init_lc_collate_1               0x08000209   Thumb Code     0  libinit2.o(.ARM.Collect$$libinit$$00000011)
    __rt_lib_init_lc_ctype_1                 0x08000209   Thumb Code     0  libinit2.o(.ARM.Collect$$libinit$$00000013)
    __rt_lib_init_lc_monetary_1              0x08000209   Thumb Code     0  libinit2.o(.ARM.Collect$$libinit$$00000015)
    __rt_lib_init_lc_numeric_1               0x08000209   Thumb Code     0  libinit2.o(.ARM.Collect$$libinit$$00000017)
    __rt_lib_init_lc_time_1                  0x08000209   Thumb Code     0  libinit2.o(.ARM.Collect$$libinit$$00000019)
    __rt_lib_init_preinit_1                  0x08000209   Thumb Code     0  libinit2.o(.ARM.Collect$$libinit$$00000004)
    __rt_lib_init_rand_1                     0x08000209   Thumb Code     0  libinit2.o(.ARM.Collect$$libinit$$0000000E)
    __rt_lib_init_return                     0x08000209   Thumb Code     0  libinit2.o(.ARM.Collect$$libinit$$00000033)
    __rt_lib_init_signal_1                   0x08000209   Thumb Code     0  libinit2.o(.ARM.Collect$$libinit$$0000001D)
    __rt_lib_init_stdio_1                    0x08000209   Thumb Code     0  libinit2.o(.ARM.Collect$$libinit$$00000025)
    __rt_lib_init_user_alloc_1               0x08000209   Thumb Code     0  libinit2.o(.ARM.Collect$$libinit$$0000000C)
    __rt_lib_shutdown                        0x0800020b   Thumb Code     0  libshutdown.o(.ARM.Collect$$libshutdown$$00000000)
    __rt_lib_shutdown_cpp_1                  0x0800020d   Thumb Code     0  libshutdown2.o(.ARM.Collect$$libshutdown$$00000002)
    __rt_lib_shutdown_fp_trap_1              0x0800020d   Thumb Code     0  libshutdown2.o(.ARM.Collect$$libshutdown$$00000007)
    __rt_lib_shutdown_heap_1                 0x0800020d   Thumb Code     0  libshutdown2.o(.ARM.Collect$$libshutdown$$0000000F)
    __rt_lib_shutdown_return                 0x0800020d   Thumb Code     0  libshutdown2.o(.ARM.Collect$$libshutdown$$00000010)
    __rt_lib_shutdown_signal_1               0x0800020d   Thumb Code     0  libshutdown2.o(.ARM.Collect$$libshutdown$$0000000A)
    __rt_lib_shutdown_stdio_1                0x0800020d   Thumb Code     0  libshutdown2.o(.ARM.Collect$$libshutdown$$00000004)
    __rt_lib_shutdown_user_alloc_1           0x0800020d   Thumb Code     0  libshutdown2.o(.ARM.Collect$$libshutdown$$0000000C)
    __rt_entry                               0x0800020f   Thumb Code     0  __rtentry.o(.ARM.Collect$$rtentry$$00000000)
    __rt_entry_presh_1                       0x0800020f   Thumb Code     0  __rtentry2.o(.ARM.Collect$$rtentry$$00000002)
    __rt_entry_sh                            0x0800020f   Thumb Code     0  __rtentry4.o(.ARM.Collect$$rtentry$$00000004)
    __rt_entry_li                            0x08000215   Thumb Code     0  __rtentry2.o(.ARM.Collect$$rtentry$$0000000A)
    __rt_entry_postsh_1                      0x08000215   Thumb Code     0  __rtentry2.o(.ARM.Collect$$rtentry$$00000009)
    __rt_entry_main                          0x08000219   Thumb Code     0  __rtentry2.o(.ARM.Collect$$rtentry$$0000000D)
    __rt_entry_postli_1                      0x08000219   Thumb Code     0  __rtentry2.o(.ARM.Collect$$rtentry$$0000000C)
    __rt_exit                                0x08000221   Thumb Code     0  rtexit.o(.ARM.Collect$$rtexit$$00000000)
    __rt_exit_ls                             0x08000223   Thumb Code     0  rtexit2.o(.ARM.Collect$$rtexit$$00000003)
    __rt_exit_prels_1                        0x08000223   Thumb Code     0  rtexit2.o(.ARM.Collect$$rtexit$$00000002)
    __rt_exit_exit                           0x08000227   Thumb Code     0  rtexit2.o(.ARM.Collect$$rtexit$$00000004)
    SVC_Handler                              0x0800022d   Thumb Code    32  port.o(.emb_text)
    __asm___6_port_c_39a90d8d__prvStartFirstTask 0x08000251   Thumb Code    28  port.o(.emb_text)
    PendSV_Handler                           0x08000271   Thumb Code    72  port.o(.emb_text)
    vPortGetIPSR                             0x080002bd   Thumb Code     6  port.o(.emb_text)
    Reset_Handler                            0x080002c5   Thumb Code     8  startup_stm32f10x_hd.o(.text)
    ADC1_2_IRQHandler                        0x080002df   Thumb Code     0  startup_stm32f10x_hd.o(.text)
    ADC3_IRQHandler                          0x080002df   Thumb Code     0  startup_stm32f10x_hd.o(.text)
    CAN1_RX1_IRQHandler                      0x080002df   Thumb Code     0  startup_stm32f10x_hd.o(.text)
    CAN1_SCE_IRQHandler                      0x080002df   Thumb Code     0  startup_stm32f10x_hd.o(.text)
    DMA1_Channel1_IRQHandler                 0x080002df   Thumb Code     0  startup_stm32f10x_hd.o(.text)
    DMA1_Channel2_IRQHandler                 0x080002df   Thumb Code     0  startup_stm32f10x_hd.o(.text)
    DMA1_Channel3_IRQHandler                 0x080002df   Thumb Code     0  startup_stm32f10x_hd.o(.text)
    DMA1_Channel4_IRQHandler                 0x080002df   Thumb Code     0  startup_stm32f10x_hd.o(.text)
    DMA1_Channel5_IRQHandler                 0x080002df   Thumb Code     0  startup_stm32f10x_hd.o(.text)
    DMA1_Channel6_IRQHandler                 0x080002df   Thumb Code     0  startup_stm32f10x_hd.o(.text)
    DMA1_Channel7_IRQHandler                 0x080002df   Thumb Code     0  startup_stm32f10x_hd.o(.text)
    DMA2_Channel1_IRQHandler                 0x080002df   Thumb Code     0  startup_stm32f10x_hd.o(.text)
    DMA2_Channel2_IRQHandler                 0x080002df   Thumb Code     0  startup_stm32f10x_hd.o(.text)
    DMA2_Channel3_IRQHandler                 0x080002df   Thumb Code     0  startup_stm32f10x_hd.o(.text)
    DMA2_Channel4_5_IRQHandler               0x080002df   Thumb Code     0  startup_stm32f10x_hd.o(.text)
    EXTI0_IRQHandler                         0x080002df   Thumb Code     0  startup_stm32f10x_hd.o(.text)
    EXTI15_10_IRQHandler                     0x080002df   Thumb Code     0  startup_stm32f10x_hd.o(.text)
    EXTI1_IRQHandler                         0x080002df   Thumb Code     0  startup_stm32f10x_hd.o(.text)
    EXTI2_IRQHandler                         0x080002df   Thumb Code     0  startup_stm32f10x_hd.o(.text)
    EXTI3_IRQHandler                         0x080002df   Thumb Code     0  startup_stm32f10x_hd.o(.text)
    EXTI4_IRQHandler                         0x080002df   Thumb Code     0  startup_stm32f10x_hd.o(.text)
    EXTI9_5_IRQHandler                       0x080002df   Thumb Code     0  startup_stm32f10x_hd.o(.text)
    FLASH_IRQHandler                         0x080002df   Thumb Code     0  startup_stm32f10x_hd.o(.text)
    FSMC_IRQHandler                          0x080002df   Thumb Code     0  startup_stm32f10x_hd.o(.text)
    I2C1_ER_IRQHandler                       0x080002df   Thumb Code     0  startup_stm32f10x_hd.o(.text)
    I2C1_EV_IRQHandler                       0x080002df   Thumb Code     0  startup_stm32f10x_hd.o(.text)
    I2C2_ER_IRQHandler                       0x080002df   Thumb Code     0  startup_stm32f10x_hd.o(.text)
    I2C2_EV_IRQHandler                       0x080002df   Thumb Code     0  startup_stm32f10x_hd.o(.text)
    PVD_IRQHandler                           0x080002df   Thumb Code     0  startup_stm32f10x_hd.o(.text)
    RCC_IRQHandler                           0x080002df   Thumb Code     0  startup_stm32f10x_hd.o(.text)
    RTCAlarm_IRQHandler                      0x080002df   Thumb Code     0  startup_stm32f10x_hd.o(.text)
    SDIO_IRQHandler                          0x080002df   Thumb Code     0  startup_stm32f10x_hd.o(.text)
    SPI1_IRQHandler                          0x080002df   Thumb Code     0  startup_stm32f10x_hd.o(.text)
    SPI2_IRQHandler                          0x080002df   Thumb Code     0  startup_stm32f10x_hd.o(.text)
    SPI3_IRQHandler                          0x080002df   Thumb Code     0  startup_stm32f10x_hd.o(.text)
    TAMPER_IRQHandler                        0x080002df   Thumb Code     0  startup_stm32f10x_hd.o(.text)
    TIM1_BRK_IRQHandler                      0x080002df   Thumb Code     0  startup_stm32f10x_hd.o(.text)
    TIM1_CC_IRQHandler                       0x080002df   Thumb Code     0  startup_stm32f10x_hd.o(.text)
    TIM1_TRG_COM_IRQHandler                  0x080002df   Thumb Code     0  startup_stm32f10x_hd.o(.text)
    TIM1_UP_IRQHandler                       0x080002df   Thumb Code     0  startup_stm32f10x_hd.o(.text)
    TIM3_IRQHandler                          0x080002df   Thumb Code     0  startup_stm32f10x_hd.o(.text)
    TIM8_BRK_IRQHandler                      0x080002df   Thumb Code     0  startup_stm32f10x_hd.o(.text)
    TIM8_CC_IRQHandler                       0x080002df   Thumb Code     0  startup_stm32f10x_hd.o(.text)
    TIM8_TRG_COM_IRQHandler                  0x080002df   Thumb Code     0  startup_stm32f10x_hd.o(.text)
    TIM8_UP_IRQHandler                       0x080002df   Thumb Code     0  startup_stm32f10x_hd.o(.text)
    UART4_IRQHandler                         0x080002df   Thumb Code     0  startup_stm32f10x_hd.o(.text)
    UART5_IRQHandler                         0x080002df   Thumb Code     0  startup_stm32f10x_hd.o(.text)
    USART3_IRQHandler                        0x080002df   Thumb Code     0  startup_stm32f10x_hd.o(.text)
    USBWakeUp_IRQHandler                     0x080002df   Thumb Code     0  startup_stm32f10x_hd.o(.text)
    WWDG_IRQHandler                          0x080002df   Thumb Code     0  startup_stm32f10x_hd.o(.text)
    __user_initial_stackheap                 0x080002e1   Thumb Code     0  startup_stm32f10x_hd.o(.text)
    __use_no_semihosting                     0x08000305   Thumb Code     2  use_no_semi_2.o(.text)
    __2printf                                0x08000309   Thumb Code    20  noretval__2printf.o(.text)
    __2sprintf                               0x08000321   Thumb Code    34  noretval__2sprintf.o(.text)
    _printf_pre_padding                      0x08000349   Thumb Code    44  _printf_pad.o(.text)
    _printf_post_padding                     0x08000375   Thumb Code    34  _printf_pad.o(.text)
    _printf_str                              0x08000397   Thumb Code    82  _printf_str.o(.text)
    _printf_int_dec                          0x080003e9   Thumb Code   104  _printf_dec.o(.text)
    _printf_int_hex                          0x08000461   Thumb Code    84  _printf_hex_int.o(.text)
    _printf_longlong_hex                     0x08000461   Thumb Code     0  _printf_hex_int.o(.text)
    __printf                                 0x080004b9   Thumb Code   388  __printf_flags_ss_wp.o(.text)
    __aeabi_memcpy                           0x08000641   Thumb Code     0  rt_memcpy_v6.o(.text)
    __rt_memcpy                              0x08000641   Thumb Code   138  rt_memcpy_v6.o(.text)
    _memcpy_lastbytes                        0x080006a7   Thumb Code     0  rt_memcpy_v6.o(.text)
    __aeabi_memset                           0x080006cb   Thumb Code    16  aeabi_memset.o(.text)
    __aeabi_memclr                           0x080006db   Thumb Code     0  rt_memclr.o(.text)
    __rt_memclr                              0x080006db   Thumb Code    68  rt_memclr.o(.text)
    _memset                                  0x080006df   Thumb Code     0  rt_memclr.o(.text)
    strcmp                                   0x08000721   Thumb Code   128  strcmpv7m.o(.text)
    __use_two_region_memory                  0x080007a1   Thumb Code     2  heapauxi.o(.text)
    __rt_heap_escrow$2region                 0x080007a3   Thumb Code     2  heapauxi.o(.text)
    __rt_heap_expand$2region                 0x080007a5   Thumb Code     2  heapauxi.o(.text)
    __I$use$semihosting                      0x080007a7   Thumb Code     0  use_no_semi.o(.text)
    __use_no_semihosting_swi                 0x080007a7   Thumb Code     2  use_no_semi.o(.text)
    _printf_int_common                       0x080007a9   Thumb Code   178  _printf_intcommon.o(.text)
    _printf_char_common                      0x08000867   Thumb Code    32  _printf_char_common.o(.text)
    _sputc                                   0x0800088d   Thumb Code    10  _sputc.o(.text)
    _printf_cs_common                        0x08000897   Thumb Code    20  _printf_char.o(.text)
    _printf_char                             0x080008ab   Thumb Code    16  _printf_char.o(.text)
    _printf_string                           0x080008bb   Thumb Code     8  _printf_char.o(.text)
    _printf_char_file                        0x080008c5   Thumb Code    32  _printf_char_file.o(.text)
    __aeabi_memcpy4                          0x080008e9   Thumb Code     0  rt_memcpy_w.o(.text)
    __aeabi_memcpy8                          0x080008e9   Thumb Code     0  rt_memcpy_w.o(.text)
    __rt_memcpy_w                            0x080008e9   Thumb Code   100  rt_memcpy_w.o(.text)
    _memcpy_lastbytes_aligned                0x08000931   Thumb Code     0  rt_memcpy_w.o(.text)
    __aeabi_memclr4                          0x0800094d   Thumb Code     0  rt_memclr_w.o(.text)
    __aeabi_memclr8                          0x0800094d   Thumb Code     0  rt_memclr_w.o(.text)
    __rt_memclr_w                            0x0800094d   Thumb Code    78  rt_memclr_w.o(.text)
    _memset_w                                0x08000951   Thumb Code     0  rt_memclr_w.o(.text)
    ferror                                   0x0800099b   Thumb Code     8  ferror.o(.text)
    __user_setup_stackheap                   0x080009a3   Thumb Code    74  sys_stackheap_outer.o(.text)
    exit                                     0x080009ed   Thumb Code    18  exit.o(.text)
    __user_libspace                          0x08000a01   Thumb Code     8  libspace.o(.text)
    __user_perproc_libspace                  0x08000a01   Thumb Code     0  libspace.o(.text)
    __user_perthread_libspace                0x08000a01   Thumb Code     0  libspace.o(.text)
    Break_                                   0x08000a09   Thumb Code    16  byhandle.o(i.Break_)
    BusFault_Handler                         0x08000a29   Thumb Code     4  stm32f10x_it.o(i.BusFault_Handler)
    CAN1_Configuration                       0x08000a2d   Thumb Code   278  can.o(i.CAN1_Configuration)
    CAN_ClearITPendingBit                    0x08000b4d   Thumb Code   162  stm32f10x_can.o(i.CAN_ClearITPendingBit)
    CAN_DRV_Mode_Choice                      0x08000bf5   Thumb Code   150  can.o(i.CAN_DRV_Mode_Choice)
    CAN_DRV_Reset                            0x08000c99   Thumb Code   148  can.o(i.CAN_DRV_Reset)
    CAN_DRV_Velocity_Position_Mode           0x08000d39   Thumb Code   224  can.o(i.CAN_DRV_Velocity_Position_Mode)
    CAN_DeInit                               0x08000e29   Thumb Code    50  stm32f10x_can.o(i.CAN_DeInit)
    CAN_FilterInit                           0x08000e6d   Thumb Code   258  stm32f10x_can.o(i.CAN_FilterInit)
    CAN_GetITStatus                          0x08000f75   Thumb Code   284  stm32f10x_can.o(i.CAN_GetITStatus)
    CAN_ITConfig                             0x08001095   Thumb Code    18  stm32f10x_can.o(i.CAN_ITConfig)
    CAN_Init                                 0x080010a7   Thumb Code   276  stm32f10x_can.o(i.CAN_Init)
    CAN_Receive                              0x080011bb   Thumb Code   240  stm32f10x_can.o(i.CAN_Receive)
    CAN_Transmit                             0x080012ab   Thumb Code   294  stm32f10x_can.o(i.CAN_Transmit)
    Can_mode                                 0x080013d1   Thumb Code    24  can_motor.o(i.Can_mode)
    Can_rest                                 0x080013e9   Thumb Code    30  can_motor.o(i.Can_rest)
    Can_v0_p0                                0x08001409   Thumb Code    28  can_motor.o(i.Can_v0_p0)
    Can_v1_p1                                0x08001429   Thumb Code    28  can_motor.o(i.Can_v1_p1)
    DebugMon_Handler                         0x0800145b   Thumb Code     2  stm32f10x_it.o(i.DebugMon_Handler)
    EKEY_GPIO                                0x0800145d   Thumb Code    32  ekey.o(i.EKEY_GPIO)
    EKEY_Scan                                0x08001481   Thumb Code   294  ekey.o(i.EKEY_Scan)
    GPIO_Init                                0x080015b1   Thumb Code   278  stm32f10x_gpio.o(i.GPIO_Init)
    GPIO_ReadInputDataBit                    0x080016c7   Thumb Code    18  stm32f10x_gpio.o(i.GPIO_ReadInputDataBit)
    GPIO_ResetBits                           0x080016d9   Thumb Code     4  stm32f10x_gpio.o(i.GPIO_ResetBits)
    GPIO_SetBits                             0x080016dd   Thumb Code     4  stm32f10x_gpio.o(i.GPIO_SetBits)
    Handle_down_start                        0x080016e1   Thumb Code    50  byhandle.o(i.Handle_down_start)
    Handle_left_start                        0x08001731   Thumb Code    48  byhandle.o(i.Handle_left_start)
    Handle_right_start                       0x0800177d   Thumb Code    48  byhandle.o(i.Handle_right_start)
    Handle_stop                              0x080017c9   Thumb Code    22  byhandle.o(i.Handle_stop)
    Handle_up_start                          0x080017f1   Thumb Code    50  byhandle.o(i.Handle_up_start)
    HardFault_Handler                        0x08001841   Thumb Code     4  stm32f10x_it.o(i.HardFault_Handler)
    Is_Leap_Year                             0x08001845   Thumb Code    58  rtc.o(i.Is_Leap_Year)
    KEY_Init                                 0x08001881   Thumb Code    52  key.o(i.KEY_Init)
    LED_Init                                 0x080018bd   Thumb Code   118  led.o(i.LED_Init)
    LowerToCap                               0x08001941   Thumb Code    34  yizai2.o(i.LowerToCap)
    MemManage_Handler                        0x08001963   Thumb Code     4  stm32f10x_it.o(i.MemManage_Handler)
    NMI_Handler                              0x08001967   Thumb Code     2  stm32f10x_it.o(i.NMI_Handler)
    NVIC_Init                                0x08001969   Thumb Code   100  misc.o(i.NVIC_Init)
    NVIC_PriorityGroupConfig                 0x080019d9   Thumb Code    10  misc.o(i.NVIC_PriorityGroupConfig)
    Pulse_output                             0x080019ed   Thumb Code    90  advance_time.o(i.Pulse_output)
    RCC_APB1PeriphClockCmd                   0x08001a7d   Thumb Code    26  stm32f10x_rcc.o(i.RCC_APB1PeriphClockCmd)
    RCC_APB1PeriphResetCmd                   0x08001a9d   Thumb Code    26  stm32f10x_rcc.o(i.RCC_APB1PeriphResetCmd)
    RCC_APB2PeriphClockCmd                   0x08001abd   Thumb Code    26  stm32f10x_rcc.o(i.RCC_APB2PeriphClockCmd)
    RCC_GetClocksFreq                        0x08001add   Thumb Code   192  stm32f10x_rcc.o(i.RCC_GetClocksFreq)
    RS485_Init                               0x08001bb1   Thumb Code   198  rs485.o(i.RS485_Init)
    RS485_Send_Data                          0x08001c89   Thumb Code    72  rs485.o(i.RS485_Send_Data)
    RTC_ClearITPendingBit                    0x08001cdd   Thumb Code    12  stm32f10x_rtc.o(i.RTC_ClearITPendingBit)
    RTC_Get                                  0x08001ced   Thumb Code   240  rtc.o(i.RTC_Get)
    RTC_GetCounter                           0x08001ded   Thumb Code    16  stm32f10x_rtc.o(i.RTC_GetCounter)
    RTC_GetITStatus                          0x08001e01   Thumb Code    32  stm32f10x_rtc.o(i.RTC_GetITStatus)
    RTC_Get_Week                             0x08001e25   Thumb Code   116  rtc.o(i.RTC_Get_Week)
    RTC_IRQHandler                           0x08001e9d   Thumb Code    76  rtc.o(i.RTC_IRQHandler)
    RTC_WaitForLastTask                      0x08001f0d   Thumb Code    16  stm32f10x_rtc.o(i.RTC_WaitForLastTask)
    Relay_Init                               0x08001f21   Thumb Code    84  relay.o(i.Relay_Init)
    Relay_test                               0x08001f7d   Thumb Code   226  relay.o(i.Relay_test)
    START_DSF                                0x08002071   Thumb Code    82  yizai2.o(i.START_DSF)
    Set_F                                    0x080021ad   Thumb Code     6  byhandle.o(i.Set_F)
    SysTick_CLKSourceConfig                  0x080021b9   Thumb Code    40  misc.o(i.SysTick_CLKSourceConfig)
    SysTick_Handler                          0x080021e1   Thumb Code    16  delay.o(i.SysTick_Handler)
    SystemInit                               0x080021f1   Thumb Code    78  system_stm32f10x.o(i.SystemInit)
    TIM2_IRQHandler                          0x08002251   Thumb Code    18  advance_time.o(i.TIM2_IRQHandler)
    TIM2_config                              0x08002263   Thumb Code   108  advance_time.o(i.TIM2_config)
    TIM4_IRQHandler                          0x080022d1   Thumb Code   384  remote.o(i.TIM4_IRQHandler)
    TIM5_IRQHandler                          0x08002469   Thumb Code    38  timer.o(i.TIM5_IRQHandler)
    TIM5_Int_Init                            0x08002499   Thumb Code    90  timer.o(i.TIM5_Int_Init)
    TIM6_IRQHandler                          0x080024f9   Thumb Code    40  usmart.o(i.TIM6_IRQHandler)
    TIM7_IRQHandler                          0x08002525   Thumb Code    30  timer.o(i.TIM7_IRQHandler)
    TIM8_config                              0x08002549   Thumb Code   318  advance_time.o(i.TIM8_config)
    TIM_ARRPreloadConfig                     0x08002695   Thumb Code    24  stm32f10x_tim.o(i.TIM_ARRPreloadConfig)
    TIM_BDTRConfig                           0x080026ad   Thumb Code    32  stm32f10x_tim.o(i.TIM_BDTRConfig)
    TIM_ClearFlag                            0x080026cd   Thumb Code     6  stm32f10x_tim.o(i.TIM_ClearFlag)
    TIM_ClearITPendingBit                    0x080026d3   Thumb Code     6  stm32f10x_tim.o(i.TIM_ClearITPendingBit)
    TIM_Cmd                                  0x080026d9   Thumb Code    24  stm32f10x_tim.o(i.TIM_Cmd)
    TIM_CtrlPWMOutputs                       0x080026f1   Thumb Code    30  stm32f10x_tim.o(i.TIM_CtrlPWMOutputs)
    TIM_GetCapture4                          0x0800270f   Thumb Code     8  stm32f10x_tim.o(i.TIM_GetCapture4)
    TIM_GetCounter                           0x08002717   Thumb Code     6  stm32f10x_tim.o(i.TIM_GetCounter)
    TIM_GetFlagStatus                        0x0800271d   Thumb Code    18  stm32f10x_tim.o(i.TIM_GetFlagStatus)
    TIM_GetITStatus                          0x0800272f   Thumb Code    34  stm32f10x_tim.o(i.TIM_GetITStatus)
    TIM_ITConfig                             0x08002751   Thumb Code    18  stm32f10x_tim.o(i.TIM_ITConfig)
    TIM_OC1Init                              0x08002765   Thumb Code   132  stm32f10x_tim.o(i.TIM_OC1Init)
    TIM_OC1PreloadConfig                     0x080027fd   Thumb Code    18  stm32f10x_tim.o(i.TIM_OC1PreloadConfig)
    TIM_OC4PolarityConfig                    0x0800280f   Thumb Code    26  stm32f10x_tim.o(i.TIM_OC4PolarityConfig)
    TIM_OC4PreloadConfig                     0x08002829   Thumb Code    26  stm32f10x_tim.o(i.TIM_OC4PreloadConfig)
    TIM_SelectInputTrigger                   0x08002843   Thumb Code    18  stm32f10x_tim.o(i.TIM_SelectInputTrigger)
    TIM_SelectMasterSlaveMode                0x08002855   Thumb Code    18  stm32f10x_tim.o(i.TIM_SelectMasterSlaveMode)
    TIM_SelectOutputTrigger                  0x08002867   Thumb Code    18  stm32f10x_tim.o(i.TIM_SelectOutputTrigger)
    TIM_SetAutoreload                        0x08002879   Thumb Code     4  stm32f10x_tim.o(i.TIM_SetAutoreload)
    TIM_SetCounter                           0x0800287d   Thumb Code     4  stm32f10x_tim.o(i.TIM_SetCounter)
    TIM_TimeBaseInit                         0x08002881   Thumb Code   122  stm32f10x_tim.o(i.TIM_TimeBaseInit)
    TIM_dis                                  0x08002925   Thumb Code    58  advance_time.o(i.TIM_dis)
    Timer6_Init                              0x0800296d   Thumb Code    88  usmart.o(i.Timer6_Init)
    USART1_IRQHandler                        0x080029c9   Thumb Code   122  usart.o(i.USART1_IRQHandler)
    USART2_IRQHandler                        0x08002a51   Thumb Code   432  rs485.o(i.USART2_IRQHandler)
    USART_Cmd                                0x08002c39   Thumb Code    24  stm32f10x_usart.o(i.USART_Cmd)
    USART_GetFlagStatus                      0x08002c51   Thumb Code    26  stm32f10x_usart.o(i.USART_GetFlagStatus)
    USART_GetITStatus                        0x08002c6b   Thumb Code    84  stm32f10x_usart.o(i.USART_GetITStatus)
    USART_ITConfig                           0x08002cbf   Thumb Code    74  stm32f10x_usart.o(i.USART_ITConfig)
    USART_Init                               0x08002d09   Thumb Code   210  stm32f10x_usart.o(i.USART_Init)
    USART_ReceiveData                        0x08002de1   Thumb Code    10  stm32f10x_usart.o(i.USART_ReceiveData)
    USART_SendData                           0x08002deb   Thumb Code     8  stm32f10x_usart.o(i.USART_SendData)
    USB_HP_CAN1_TX_IRQHandler                0x08002df5   Thumb Code    28  can.o(i.USB_HP_CAN1_TX_IRQHandler)
    USB_LP_CAN1_RX0_IRQHandler               0x08002e19   Thumb Code   516  can.o(i.USB_LP_CAN1_RX0_IRQHandler)
    UsageFault_Handler                       0x08003039   Thumb Code     4  stm32f10x_it.o(i.UsageFault_Handler)
    _is_digit                                0x0800303d   Thumb Code    14  __printf_wp.o(i._is_digit)
    _sys_exit                                0x0800304b   Thumb Code     4  usart.o(i._sys_exit)
    can_set_relay_out                        0x08003051   Thumb Code   164  can.o(i.can_set_relay_out)
    chushi_weizhi                            0x08003101   Thumb Code     2  yizai2.o(i.chushi_weizhi)
    dasifu_daowei                            0x08003105   Thumb Code    74  yizai2.o(i.dasifu_daowei)
    delay_init                               0x08003171   Thumb Code    74  delay.o(i.delay_init)
    delay_ms                                 0x080031cd   Thumb Code    60  delay.o(i.delay_ms)
    delay_us                                 0x0800320d   Thumb Code    68  delay.o(i.delay_us)
    ekey_task                                0x08003255   Thumb Code   114  main.o(i.ekey_task)
    fputc                                    0x08003339   Thumb Code    24  usart.o(i.fputc)
    main                                     0x08003355   Thumb Code   106  main.o(i.main)
    miao_dj                                  0x080033e1   Thumb Code   136  yizai2.o(i.miao_dj)
    move_x                                   0x08003491   Thumb Code   118  big_motor.o(i.move_x)
    move_y                                   0x08003551   Thumb Code    32  can_motor.o(i.move_y)
    move_z                                   0x0800357d   Thumb Code   118  big_motor.o(i.move_z)
    my_mem_free                              0x08003639   Thumb Code    96  malloc.o(i.my_mem_free)
    my_mem_init                              0x080036a5   Thumb Code    54  malloc.o(i.my_mem_init)
    my_mem_malloc                            0x080036e9   Thumb Code   156  malloc.o(i.my_mem_malloc)
    my_mem_perused                           0x08003791   Thumb Code    54  malloc.o(i.my_mem_perused)
    myfree                                   0x080037d1   Thumb Code    30  malloc.o(i.myfree)
    mymalloc                                 0x080037f5   Thumb Code    34  malloc.o(i.mymalloc)
    mymemset                                 0x0800381d   Thumb Code    20  malloc.o(i.mymemset)
    piaoman_canshu                           0x08003831   Thumb Code    84  yizai2.o(i.piaoman_canshu)
    plus_task                                0x080038e1   Thumb Code    14  main.o(i.plus_task)
    pvPortMalloc                             0x08004459   Thumb Code   262  heap_4.o(i.pvPortMalloc)
    pvTaskIncrementMutexHeldCount            0x080045ad   Thumb Code    26  tasks.o(i.pvTaskIncrementMutexHeldCount)
    pxPortInitialiseStack                    0x080045cd   Thumb Code    30  port.o(i.pxPortInitialiseStack)
    read_addr                                0x080045f1   Thumb Code     6  usmart.o(i.read_addr)
    set_yizai2_F                             0x080045f9   Thumb Code     6  yizai2.o(i.set_yizai2_F)
    start_task                               0x08004605   Thumb Code   110  main.o(i.start_task)
    uart_init                                0x080046c9   Thumb Code   152  usart.o(i.uart_init)
    usmart_cmd_rec                           0x08004769   Thumb Code   170  usmart.o(i.usmart_cmd_rec)
    usmart_exe                               0x08004819   Thumb Code   636  usmart.o(i.usmart_exe)
    usmart_get_aparm                         0x08004af1   Thumb Code   212  usmart_str.o(i.usmart_get_aparm)
    usmart_get_cmdname                       0x08004bc5   Thumb Code    54  usmart_str.o(i.usmart_get_cmdname)
    usmart_get_fname                         0x08004bfd   Thumb Code   440  usmart_str.o(i.usmart_get_fname)
    usmart_get_fparam                        0x08004dbd   Thumb Code   262  usmart_str.o(i.usmart_get_fparam)
    usmart_get_parmpos                       0x08004ec9   Thumb Code    26  usmart_str.o(i.usmart_get_parmpos)
    usmart_get_runtime                       0x08004ee9   Thumb Code    60  usmart.o(i.usmart_get_runtime)
    usmart_init                              0x08004f2d   Thumb Code    36  usmart.o(i.usmart_init)
    usmart_pow                               0x08004f55   Thumb Code    22  usmart_str.o(i.usmart_pow)
    usmart_reset_runtime                     0x08004f6d   Thumb Code    38  usmart.o(i.usmart_reset_runtime)
    usmart_scan                              0x08004f9d   Thumb Code   120  usmart.o(i.usmart_scan)
    usmart_search_nextc                      0x08005059   Thumb Code    22  usmart_str.o(i.usmart_search_nextc)
    usmart_str2num                           0x0800506f   Thumb Code   262  usmart_str.o(i.usmart_str2num)
    usmart_strcmp                            0x08005175   Thumb Code    34  usmart_str.o(i.usmart_strcmp)
    usmart_strcopy                           0x08005197   Thumb Code    22  usmart_str.o(i.usmart_strcopy)
    usmart_strlen                            0x080051ad   Thumb Code    24  usmart_str.o(i.usmart_strlen)
    usmart_sys_cmd_exe                       0x080051c5   Thumb Code   548  usmart.o(i.usmart_sys_cmd_exe)
    usmart_task                              0x08005519   Thumb Code    16  main.o(i.usmart_task)
    uxListRemove                             0x0800552d   Thumb Code    40  list.o(i.uxListRemove)
    vListInitialise                          0x08005555   Thumb Code    26  list.o(i.vListInitialise)
    vListInitialiseItem                      0x0800556f   Thumb Code     6  list.o(i.vListInitialiseItem)
    vListInsert                              0x08005575   Thumb Code    52  list.o(i.vListInsert)
    vListInsertEnd                           0x080055a9   Thumb Code    24  list.o(i.vListInsertEnd)
    vPortEnterCritical                       0x080055c1   Thumb Code    68  port.o(i.vPortEnterCritical)
    vPortExitCritical                        0x08005649   Thumb Code    48  port.o(i.vPortExitCritical)
    vPortFree                                0x080056b9   Thumb Code   120  heap_4.o(i.vPortFree)
    vPortSetupTimerInterrupt                 0x08005771   Thumb Code    26  port.o(i.vPortSetupTimerInterrupt)
    vPortValidateInterruptPriority           0x08005791   Thumb Code    86  port.o(i.vPortValidateInterruptPriority)
    vQueueAddToRegistry                      0x08005831   Thumb Code    38  queue.o(i.vQueueAddToRegistry)
    vQueueWaitForMessageRestricted           0x0800585d   Thumb Code    74  queue.o(i.vQueueWaitForMessageRestricted)
    vTaskDelay                               0x080058a9   Thumb Code    72  tasks.o(i.vTaskDelay)
    vTaskDelete                              0x0800591d   Thumb Code   192  tasks.o(i.vTaskDelete)
    vTaskMissedYield                         0x08005a29   Thumb Code     8  tasks.o(i.vTaskMissedYield)
    vTaskPlaceOnEventList                    0x08005a35   Thumb Code    42  tasks.o(i.vTaskPlaceOnEventList)
    vTaskPlaceOnEventListRestricted          0x08005a89   Thumb Code    50  tasks.o(i.vTaskPlaceOnEventListRestricted)
    vTaskPriorityInherit                     0x08005ae5   Thumb Code   164  tasks.o(i.vTaskPriorityInherit)
    vTaskResume                              0x08005b95   Thumb Code   118  tasks.o(i.vTaskResume)
    vTaskSetTimeOutState                     0x08005c41   Thumb Code    32  tasks.o(i.vTaskSetTimeOutState)
    vTaskStartScheduler                      0x08005c8d   Thumb Code   108  tasks.o(i.vTaskStartScheduler)
    vTaskSuspend                             0x08005d39   Thumb Code   186  tasks.o(i.vTaskSuspend)
    vTaskSuspendAll                          0x08005e39   Thumb Code    12  tasks.o(i.vTaskSuspendAll)
    vTaskSwitchContext                       0x08005e49   Thumb Code   110  tasks.o(i.vTaskSwitchContext)
    write_addr                               0x08005ef1   Thumb Code     4  usmart.o(i.write_addr)
    xPortStartScheduler                      0x08005ef5   Thumb Code   140  port.o(i.xPortStartScheduler)
    xPortSysTickHandler                      0x08005f95   Thumb Code    46  port.o(i.xPortSysTickHandler)
    xQueueGenericCreate                      0x08005fc9   Thumb Code    78  queue.o(i.xQueueGenericCreate)
    xQueueGenericReceive                     0x0800603d   Thumb Code   416  queue.o(i.xQueueGenericReceive)
    xQueueGenericReset                       0x08006205   Thumb Code   136  queue.o(i.xQueueGenericReset)
    xQueueGenericSend                        0x080062b5   Thumb Code   412  queue.o(i.xQueueGenericSend)
    xQueueGenericSendFromISR                 0x08006479   Thumb Code   234  queue.o(i.xQueueGenericSendFromISR)
    xTaskCheckForTimeOut                     0x08006589   Thumb Code   116  tasks.o(i.xTaskCheckForTimeOut)
    xTaskCreate                              0x08006629   Thumb Code    96  tasks.o(i.xTaskCreate)
    xTaskGetSchedulerState                   0x08006689   Thumb Code    24  tasks.o(i.xTaskGetSchedulerState)
    xTaskGetTickCount                        0x080066a9   Thumb Code     6  tasks.o(i.xTaskGetTickCount)
    xTaskIncrementTick                       0x080066b5   Thumb Code   272  tasks.o(i.xTaskIncrementTick)
    xTaskPriorityDisinherit                  0x08006815   Thumb Code   168  tasks.o(i.xTaskPriorityDisinherit)
    xTaskRemoveFromEventList                 0x080068ed   Thumb Code   118  tasks.o(i.xTaskRemoveFromEventList)
    xTaskResumeAll                           0x080069a1   Thumb Code   214  tasks.o(i.xTaskResumeAll)
    xTimerCreateTimerTask                    0x08006ac1   Thumb Code    56  timers.o(i.xTimerCreateTimerTask)
    xTimerGenericCommand                     0x08006b35   Thumb Code   118  timers.o(i.xTimerGenericCommand)
    xiaosifu_v                               0x08006bd9   Thumb Code     6  yizai2.o(i.xiaosifu_v)
    yizai2                                   0x08006be5   Thumb Code   720  yizai2.o(i.yizai2)
    yizai2_restart                           0x08006ef5   Thumb Code    48  yizai2.o(i.yizai2_restart)
    yizai2_shoudong                          0x08006f39   Thumb Code    12  yizai2.o(i.yizai2_shoudong)
    yizai2_stop                              0x08006f49   Thumb Code    40  yizai2.o(i.yizai2_stop)
    yudingwei                                0x08006f79   Thumb Code   152  yizai2.o(i.yudingwei)
    table_week                               0x08007044   Data          12  rtc.o(.constdata)
    mon_table                                0x08007050   Data          12  rtc.o(.constdata)
    memtblsize                               0x0800705c   Data           8  malloc.o(.constdata)
    memblksize                               0x08007064   Data           8  malloc.o(.constdata)
    memsize                                  0x0800706c   Data           8  malloc.o(.constdata)
    Region$$Table$$Base                      0x08007388   Number         0  anon$$obj.o(Region$$Table)
    Region$$Table$$Limit                     0x080073a8   Number         0  anon$$obj.o(Region$$Table)
    StartTask_Handler                        0x20000000   Data           4  main.o(.data)
    UsmartTask_Handler                       0x20000004   Data           4  main.o(.data)
    EKeyTask_Handler                         0x20000008   Data           4  main.o(.data)
    PLUS_Task_Handler                        0x2000000c   Data           4  main.o(.data)
    BinarySemaphore                          0x20000010   Data           4  main.o(.data)
    SystemCoreClock                          0x20000014   Data           4  system_stm32f10x.o(.data)
    AHBPrescTable                            0x20000018   Data          16  system_stm32f10x.o(.data)
    YZTask2_Handler                          0x20000028   Data           4  yizai2.o(.data)
    xiao_v                                   0x2000002c   Data           2  yizai2.o(.data)
    yizai2_hang                              0x2000002e   Data           1  yizai2.o(.data)
    yizai2_lie                               0x2000002f   Data           1  yizai2.o(.data)
    yudingwei_flag                           0x20000030   Data           1  yizai2.o(.data)
    L                                        0x20000031   Data           1  yizai2.o(.data)
    HZ                                       0x20000032   Data           2  yizai2.o(.data)
    F_Z_f                                    0x20000034   Data           2  yizai2.o(.data)
    yizai2_runing                            0x20000036   Data           1  yizai2.o(.data)
    dj_x                                     0x20000037   Data           1  yizai2.o(.data)
    dj_y                                     0x20000038   Data           1  yizai2.o(.data)
    yizai2_flag                              0x20000039   Data           1  yizai2.o(.data)
    D1X                                      0x2000003a   Data           2  yizai2.o(.data)
    D2X                                      0x2000003c   Data           2  yizai2.o(.data)
    TIM2_IRQ                                 0x2000003f   Data           1  advance_time.o(.data)
    X                                        0x20000044   Data           4  big_motor.o(.data)
    Y                                        0x20000048   Data           4  big_motor.o(.data)
    Z                                        0x2000004c   Data           4  big_motor.o(.data)
    RS485_RX_CNT                             0x20000050   Data           1  rs485.o(.data)
    RE_Head_flag                             0x20000051   Data           1  rs485.o(.data)
    RE_Tail_flag                             0x20000052   Data           1  rs485.o(.data)
    DH1_flag                                 0x20000053   Data           1  rs485.o(.data)
    DH2_flag                                 0x20000054   Data           1  rs485.o(.data)
    RS485_flag                               0x20000055   Data           1  rs485.o(.data)
    DH1_dex                                  0x20000056   Data           1  rs485.o(.data)
    DH2_dex                                  0x20000057   Data           1  rs485.o(.data)
    mx                                       0x20000058   Data           3  rs485.o(.data)
    my                                       0x2000005b   Data           3  rs485.o(.data)
    dj                                       0x2000005e   Data           1  rs485.o(.data)
    err                                      0x2000005f   Data           4  rs485.o(.data)
    L_m0                                     0x20000064   Data           4  can_motor.o(.data)
    L_m1                                     0x20000068   Data           4  can_motor.o(.data)
    m1_velocity1                             0x2000006c   Data           2  can_motor.o(.data)
    m2_velocity2                             0x2000006e   Data           2  can_motor.o(.data)
    m1_position1                             0x20000070   Data           4  can_motor.o(.data)
    m2_position2                             0x20000074   Data           4  can_motor.o(.data)
    m1_velocity                              0x20000078   Data           2  can_motor.o(.data)
    m2_velocity                              0x2000007a   Data           2  can_motor.o(.data)
    m1_position                              0x2000007c   Data           4  can_motor.o(.data)
    m2_position                              0x20000080   Data           4  can_motor.o(.data)
    RmtSta                                   0x20000084   Data           1  remote.o(.data)
    Dval                                     0x20000086   Data           2  remote.o(.data)
    RmtRec                                   0x20000088   Data           4  remote.o(.data)
    RmtCnt                                   0x2000008c   Data           1  remote.o(.data)
    CAN_Time_Out                             0x20000090   Data           4  can.o(.data)
    can_tx_success_flag                      0x20000094   Data           1  can.o(.data)
    Real_Current_Value                       0x20000096   Data           8  can.o(.data)
    Real_Velocity_Value                      0x2000009e   Data           8  can.o(.data)
    Real_Position_Value                      0x200000a8   Data          16  can.o(.data)
    Real_Online                              0x200000b8   Data           4  can.o(.data)
    Real_Ctl1_Value                          0x200000bc   Data           4  can.o(.data)
    Real_Ctl2_Value                          0x200000c0   Data           4  can.o(.data)
    __stdout                                 0x200000c8   Data           4  usart.o(.data)
    USART_RX_STA                             0x200000cc   Data           2  usart.o(.data)
    pxCurrentTCB                             0x200000e4   Data           4  tasks.o(.data)
    sys_cmd_tab                              0x20000158   Data          28  usmart.o(.data)
    usmart_nametab                           0x20000174   Data         184  usmart_config.o(.data)
    usmart_dev                               0x2000022c   Data         244  usmart_config.o(.data)
    mallco_dev                               0x20000320   Data          28  malloc.o(.data)
    calendar                                 0x2000033c   Data          10  rtc.o(.bss)
    RS485_RX_BUF                             0x20000346   Data          64  rs485.o(.bss)
    USART_RX_BUF                             0x20000386   Data         200  usart.o(.bss)
    xQueueRegistry                           0x20000450   Data          64  queue.o(.bss)
    mem1base                                 0x200057a0   Data       20480  malloc.o(.bss)
    mem1mapbase                              0x2000a7a0   Data        1280  malloc.o(.bss)
    __libspace_start                         0x2000aca0   Data          96  libspace.o(.bss)
    __temporary_stack_top$libspace           0x2000ad00   Data           0  libspace.o(.bss)
    mem2base                                 0x68000000   Data          32  malloc.o(.ARM.__AT_0x68000000)
    mem2mapbase                              0x68000020   Data           2  malloc.o(.ARM.__AT_0x68000020)



==============================================================================

Memory Map of the image

  Image Entry point : 0x080002c5

  Load Region LR_1 (Base: 0x08000000, Size: 0x000076e4, Max: 0xffffffff, ABSOLUTE, COMPRESSED[0x000074c8])

    Execution Region ER_RO (Base: 0x08000000, Size: 0x000073a8, Max: 0xffffffff, ABSOLUTE)

    Base Addr    Size         Type   Attr      Idx    E Section Name        Object

    0x08000000   0x00000130   Data   RO         1113    RESET               startup_stm32f10x_hd.o
    0x08000130   0x00000008   Code   RO         4098  * !!!main             c_w.l(__main.o)
    0x08000138   0x00000034   Code   RO         4276    !!!scatter          c_w.l(__scatter.o)
    0x0800016c   0x0000005a   Code   RO         4274    !!dczerorl2         c_w.l(__dczerorl2.o)
    0x080001c6   0x00000002   PAD
    0x080001c8   0x0000001c   Code   RO         4278    !!handler_zi        c_w.l(__scatter_zi.o)
    0x080001e4   0x00000000   Code   RO         4083    .ARM.Collect$$_printf_percent$$00000000  c_w.l(_printf_percent.o)
    0x080001e4   0x00000006   Code   RO         4081    .ARM.Collect$$_printf_percent$$00000009  c_w.l(_printf_d.o)
    0x080001ea   0x00000006   Code   RO         4082    .ARM.Collect$$_printf_percent$$0000000A  c_w.l(_printf_u.o)
    0x080001f0   0x00000006   Code   RO         4080    .ARM.Collect$$_printf_percent$$0000000C  c_w.l(_printf_x.o)
    0x080001f6   0x00000006   Code   RO         4078    .ARM.Collect$$_printf_percent$$00000013  c_w.l(_printf_c.o)
    0x080001fc   0x00000006   Code   RO         4079    .ARM.Collect$$_printf_percent$$00000014  c_w.l(_printf_s.o)
    0x08000202   0x00000004   Code   RO         4113    .ARM.Collect$$_printf_percent$$00000017  c_w.l(_printf_percent_end.o)
    0x08000206   0x00000002   Code   RO         4148    .ARM.Collect$$libinit$$00000000  c_w.l(libinit.o)
    0x08000208   0x00000000   Code   RO         4155    .ARM.Collect$$libinit$$00000002  c_w.l(libinit2.o)
    0x08000208   0x00000000   Code   RO         4157    .ARM.Collect$$libinit$$00000004  c_w.l(libinit2.o)
    0x08000208   0x00000000   Code   RO         4160    .ARM.Collect$$libinit$$0000000A  c_w.l(libinit2.o)
    0x08000208   0x00000000   Code   RO         4162    .ARM.Collect$$libinit$$0000000C  c_w.l(libinit2.o)
    0x08000208   0x00000000   Code   RO         4164    .ARM.Collect$$libinit$$0000000E  c_w.l(libinit2.o)
    0x08000208   0x00000000   Code   RO         4167    .ARM.Collect$$libinit$$00000011  c_w.l(libinit2.o)
    0x08000208   0x00000000   Code   RO         4169    .ARM.Collect$$libinit$$00000013  c_w.l(libinit2.o)
    0x08000208   0x00000000   Code   RO         4171    .ARM.Collect$$libinit$$00000015  c_w.l(libinit2.o)
    0x08000208   0x00000000   Code   RO         4173    .ARM.Collect$$libinit$$00000017  c_w.l(libinit2.o)
    0x08000208   0x00000000   Code   RO         4175    .ARM.Collect$$libinit$$00000019  c_w.l(libinit2.o)
    0x08000208   0x00000000   Code   RO         4177    .ARM.Collect$$libinit$$0000001B  c_w.l(libinit2.o)
    0x08000208   0x00000000   Code   RO         4179    .ARM.Collect$$libinit$$0000001D  c_w.l(libinit2.o)
    0x08000208   0x00000000   Code   RO         4181    .ARM.Collect$$libinit$$0000001F  c_w.l(libinit2.o)
    0x08000208   0x00000000   Code   RO         4183    .ARM.Collect$$libinit$$00000021  c_w.l(libinit2.o)
    0x08000208   0x00000000   Code   RO         4185    .ARM.Collect$$libinit$$00000023  c_w.l(libinit2.o)
    0x08000208   0x00000000   Code   RO         4187    .ARM.Collect$$libinit$$00000025  c_w.l(libinit2.o)
    0x08000208   0x00000000   Code   RO         4191    .ARM.Collect$$libinit$$0000002C  c_w.l(libinit2.o)
    0x08000208   0x00000000   Code   RO         4193    .ARM.Collect$$libinit$$0000002E  c_w.l(libinit2.o)
    0x08000208   0x00000000   Code   RO         4195    .ARM.Collect$$libinit$$00000030  c_w.l(libinit2.o)
    0x08000208   0x00000000   Code   RO         4197    .ARM.Collect$$libinit$$00000032  c_w.l(libinit2.o)
    0x08000208   0x00000002   Code   RO         4198    .ARM.Collect$$libinit$$00000033  c_w.l(libinit2.o)
    0x0800020a   0x00000002   Code   RO         4216    .ARM.Collect$$libshutdown$$00000000  c_w.l(libshutdown.o)
    0x0800020c   0x00000000   Code   RO         4226    .ARM.Collect$$libshutdown$$00000002  c_w.l(libshutdown2.o)
    0x0800020c   0x00000000   Code   RO         4228    .ARM.Collect$$libshutdown$$00000004  c_w.l(libshutdown2.o)
    0x0800020c   0x00000000   Code   RO         4231    .ARM.Collect$$libshutdown$$00000007  c_w.l(libshutdown2.o)
    0x0800020c   0x00000000   Code   RO         4234    .ARM.Collect$$libshutdown$$0000000A  c_w.l(libshutdown2.o)
    0x0800020c   0x00000000   Code   RO         4236    .ARM.Collect$$libshutdown$$0000000C  c_w.l(libshutdown2.o)
    0x0800020c   0x00000000   Code   RO         4239    .ARM.Collect$$libshutdown$$0000000F  c_w.l(libshutdown2.o)
    0x0800020c   0x00000002   Code   RO         4240    .ARM.Collect$$libshutdown$$00000010  c_w.l(libshutdown2.o)
    0x0800020e   0x00000000   Code   RO         4102    .ARM.Collect$$rtentry$$00000000  c_w.l(__rtentry.o)
    0x0800020e   0x00000000   Code   RO         4119    .ARM.Collect$$rtentry$$00000002  c_w.l(__rtentry2.o)
    0x0800020e   0x00000006   Code   RO         4131    .ARM.Collect$$rtentry$$00000004  c_w.l(__rtentry4.o)
    0x08000214   0x00000000   Code   RO         4121    .ARM.Collect$$rtentry$$00000009  c_w.l(__rtentry2.o)
    0x08000214   0x00000004   Code   RO         4122    .ARM.Collect$$rtentry$$0000000A  c_w.l(__rtentry2.o)
    0x08000218   0x00000000   Code   RO         4124    .ARM.Collect$$rtentry$$0000000C  c_w.l(__rtentry2.o)
    0x08000218   0x00000008   Code   RO         4125    .ARM.Collect$$rtentry$$0000000D  c_w.l(__rtentry2.o)
    0x08000220   0x00000002   Code   RO         4152    .ARM.Collect$$rtexit$$00000000  c_w.l(rtexit.o)
    0x08000222   0x00000000   Code   RO         4200    .ARM.Collect$$rtexit$$00000002  c_w.l(rtexit2.o)
    0x08000222   0x00000004   Code   RO         4201    .ARM.Collect$$rtexit$$00000003  c_w.l(rtexit2.o)
    0x08000226   0x00000006   Code   RO         4202    .ARM.Collect$$rtexit$$00000004  c_w.l(rtexit2.o)
    0x0800022c   0x00000096   Code   RO         3709    .emb_text           port.o
    0x080002c2   0x00000002   PAD
    0x080002c4   0x00000040   Code   RO         1114  * .text               startup_stm32f10x_hd.o
    0x08000304   0x00000002   Code   RO         4019    .text               c_w.l(use_no_semi_2.o)
    0x08000306   0x00000002   PAD
    0x08000308   0x00000018   Code   RO         4025    .text               c_w.l(noretval__2printf.o)
    0x08000320   0x00000028   Code   RO         4027    .text               c_w.l(noretval__2sprintf.o)
    0x08000348   0x0000004e   Code   RO         4031    .text               c_w.l(_printf_pad.o)
    0x08000396   0x00000052   Code   RO         4033    .text               c_w.l(_printf_str.o)
    0x080003e8   0x00000078   Code   RO         4035    .text               c_w.l(_printf_dec.o)
    0x08000460   0x00000058   Code   RO         4040    .text               c_w.l(_printf_hex_int.o)
    0x080004b8   0x00000188   Code   RO         4075    .text               c_w.l(__printf_flags_ss_wp.o)
    0x08000640   0x0000008a   Code   RO         4088    .text               c_w.l(rt_memcpy_v6.o)
    0x080006ca   0x00000010   Code   RO         4090    .text               c_w.l(aeabi_memset.o)
    0x080006da   0x00000044   Code   RO         4092    .text               c_w.l(rt_memclr.o)
    0x0800071e   0x00000002   PAD
    0x08000720   0x00000080   Code   RO         4094    .text               c_w.l(strcmpv7m.o)
    0x080007a0   0x00000006   Code   RO         4096    .text               c_w.l(heapauxi.o)
    0x080007a6   0x00000002   Code   RO         4100    .text               c_w.l(use_no_semi.o)
    0x080007a8   0x000000b2   Code   RO         4103    .text               c_w.l(_printf_intcommon.o)
    0x0800085a   0x00000002   PAD
    0x0800085c   0x00000030   Code   RO         4105    .text               c_w.l(_printf_char_common.o)
    0x0800088c   0x0000000a   Code   RO         4107    .text               c_w.l(_sputc.o)
    0x08000896   0x0000002c   Code   RO         4109    .text               c_w.l(_printf_char.o)
    0x080008c2   0x00000002   PAD
    0x080008c4   0x00000024   Code   RO         4111    .text               c_w.l(_printf_char_file.o)
    0x080008e8   0x00000064   Code   RO         4114    .text               c_w.l(rt_memcpy_w.o)
    0x0800094c   0x0000004e   Code   RO         4116    .text               c_w.l(rt_memclr_w.o)
    0x0800099a   0x00000008   Code   RO         4135    .text               c_w.l(ferror.o)
    0x080009a2   0x0000004a   Code   RO         4139    .text               c_w.l(sys_stackheap_outer.o)
    0x080009ec   0x00000012   Code   RO         4141    .text               c_w.l(exit.o)
    0x080009fe   0x00000002   PAD
    0x08000a00   0x00000008   Code   RO         4149    .text               c_w.l(libspace.o)
    0x08000a08   0x00000020   Code   RO          327    i.Break_            byhandle.o
    0x08000a28   0x00000004   Code   RO          222    i.BusFault_Handler  stm32f10x_it.o
    0x08000a2c   0x00000120   Code   RO          877    i.CAN1_Configuration  can.o
    0x08000b4c   0x000000a8   Code   RO         2624    i.CAN_ClearITPendingBit  stm32f10x_can.o
    0x08000bf4   0x000000a4   Code   RO          883    i.CAN_DRV_Mode_Choice  can.o
    0x08000c98   0x000000a0   Code   RO          887    i.CAN_DRV_Reset     can.o
    0x08000d38   0x000000f0   Code   RO          889    i.CAN_DRV_Velocity_Position_Mode  can.o
    0x08000e28   0x00000038   Code   RO         2626    i.CAN_DeInit        stm32f10x_can.o
    0x08000e60   0x0000000c   Code   RO          890    i.CAN_Delay_Us      can.o
    0x08000e6c   0x00000108   Code   RO         2628    i.CAN_FilterInit    stm32f10x_can.o
    0x08000f74   0x00000120   Code   RO         2630    i.CAN_GetITStatus   stm32f10x_can.o
    0x08001094   0x00000012   Code   RO         2634    i.CAN_ITConfig      stm32f10x_can.o
    0x080010a6   0x00000114   Code   RO         2635    i.CAN_Init          stm32f10x_can.o
    0x080011ba   0x000000f0   Code   RO         2638    i.CAN_Receive       stm32f10x_can.o
    0x080012aa   0x00000126   Code   RO         2643    i.CAN_Transmit      stm32f10x_can.o
    0x080013d0   0x00000018   Code   RO          795    i.Can_mode          can_motor.o
    0x080013e8   0x0000001e   Code   RO          796    i.Can_rest          can_motor.o
    0x08001406   0x00000002   PAD
    0x08001408   0x00000020   Code   RO          797    i.Can_v0_p0         can_motor.o
    0x08001428   0x00000020   Code   RO          798    i.Can_v1_p1         can_motor.o
    0x08001448   0x00000012   Code   RO         2646    i.CheckITStatus     stm32f10x_can.o
    0x0800145a   0x00000002   Code   RO          223    i.DebugMon_Handler  stm32f10x_it.o
    0x0800145c   0x00000024   Code   RO          579    i.EKEY_GPIO         ekey.o
    0x08001480   0x00000130   Code   RO          580    i.EKEY_Scan         ekey.o
    0x080015b0   0x00000116   Code   RO         1160    i.GPIO_Init         stm32f10x_gpio.o
    0x080016c6   0x00000012   Code   RO         1164    i.GPIO_ReadInputDataBit  stm32f10x_gpio.o
    0x080016d8   0x00000004   Code   RO         1167    i.GPIO_ResetBits    stm32f10x_gpio.o
    0x080016dc   0x00000004   Code   RO         1168    i.GPIO_SetBits      stm32f10x_gpio.o
    0x080016e0   0x00000050   Code   RO          328    i.Handle_down_start  byhandle.o
    0x08001730   0x0000004c   Code   RO          329    i.Handle_left_start  byhandle.o
    0x0800177c   0x0000004c   Code   RO          330    i.Handle_right_start  byhandle.o
    0x080017c8   0x00000028   Code   RO          331    i.Handle_stop       byhandle.o
    0x080017f0   0x00000050   Code   RO          332    i.Handle_up_start   byhandle.o
    0x08001840   0x00000004   Code   RO          224    i.HardFault_Handler  stm32f10x_it.o
    0x08001844   0x0000003a   Code   RO          667    i.Is_Leap_Year      rtc.o
    0x0800187e   0x00000002   PAD
    0x08001880   0x0000003c   Code   RO          560    i.KEY_Init          key.o
    0x080018bc   0x00000084   Code   RO          505    i.LED_Init          led.o
    0x08001940   0x00000022   Code   RO          388    i.LowerToCap        yizai2.o
    0x08001962   0x00000004   Code   RO          225    i.MemManage_Handler  stm32f10x_it.o
    0x08001966   0x00000002   Code   RO          226    i.NMI_Handler       stm32f10x_it.o
    0x08001968   0x00000070   Code   RO         1118    i.NVIC_Init         misc.o
    0x080019d8   0x00000014   Code   RO         1119    i.NVIC_PriorityGroupConfig  misc.o
    0x080019ec   0x00000090   Code   RO          628    i.Pulse_output      advance_time.o
    0x08001a7c   0x00000020   Code   RO         1294    i.RCC_APB1PeriphClockCmd  stm32f10x_rcc.o
    0x08001a9c   0x00000020   Code   RO         1295    i.RCC_APB1PeriphResetCmd  stm32f10x_rcc.o
    0x08001abc   0x00000020   Code   RO         1296    i.RCC_APB2PeriphClockCmd  stm32f10x_rcc.o
    0x08001adc   0x000000d4   Code   RO         1304    i.RCC_GetClocksFreq  stm32f10x_rcc.o
    0x08001bb0   0x000000d8   Code   RO          758    i.RS485_Init        rs485.o
    0x08001c88   0x00000054   Code   RO          760    i.RS485_Send_Data   rs485.o
    0x08001cdc   0x00000010   Code   RO         2533    i.RTC_ClearITPendingBit  stm32f10x_rtc.o
    0x08001cec   0x00000100   Code   RO          670    i.RTC_Get           rtc.o
    0x08001dec   0x00000014   Code   RO         2536    i.RTC_GetCounter    stm32f10x_rtc.o
    0x08001e00   0x00000024   Code   RO         2539    i.RTC_GetITStatus   stm32f10x_rtc.o
    0x08001e24   0x00000078   Code   RO          671    i.RTC_Get_Week      rtc.o
    0x08001e9c   0x00000070   Code   RO          672    i.RTC_IRQHandler    rtc.o
    0x08001f0c   0x00000014   Code   RO         2544    i.RTC_WaitForLastTask  stm32f10x_rtc.o
    0x08001f20   0x0000005c   Code   RO          610    i.Relay_Init        relay.o
    0x08001f7c   0x000000f4   Code   RO          611    i.Relay_test        relay.o
    0x08002070   0x00000052   Code   RO          389    i.START_DSF         yizai2.o
    0x080020c2   0x00000008   Code   RO          293    i.SetSysClock       system_stm32f10x.o
    0x080020ca   0x00000002   PAD
    0x080020cc   0x000000e0   Code   RO          294    i.SetSysClockTo72   system_stm32f10x.o
    0x080021ac   0x0000000c   Code   RO          334    i.Set_F             byhandle.o
    0x080021b8   0x00000028   Code   RO         1122    i.SysTick_CLKSourceConfig  misc.o
    0x080021e0   0x00000010   Code   RO          990    i.SysTick_Handler   delay.o
    0x080021f0   0x00000060   Code   RO          296    i.SystemInit        system_stm32f10x.o
    0x08002250   0x00000012   Code   RO          629    i.TIM2_IRQHandler   advance_time.o
    0x08002262   0x0000006c   Code   RO          630    i.TIM2_config       advance_time.o
    0x080022ce   0x00000002   PAD
    0x080022d0   0x00000198   Code   RO          849    i.TIM4_IRQHandler   remote.o
    0x08002468   0x00000030   Code   RO          523    i.TIM5_IRQHandler   timer.o
    0x08002498   0x00000060   Code   RO          524    i.TIM5_Int_Init     timer.o
    0x080024f8   0x0000002c   Code   RO         3786    i.TIM6_IRQHandler   usmart.o
    0x08002524   0x00000024   Code   RO          525    i.TIM7_IRQHandler   timer.o
    0x08002548   0x0000014c   Code   RO          631    i.TIM8_config       advance_time.o
    0x08002694   0x00000018   Code   RO         1676    i.TIM_ARRPreloadConfig  stm32f10x_tim.o
    0x080026ac   0x00000020   Code   RO         1677    i.TIM_BDTRConfig    stm32f10x_tim.o
    0x080026cc   0x00000006   Code   RO         1682    i.TIM_ClearFlag     stm32f10x_tim.o
    0x080026d2   0x00000006   Code   RO         1683    i.TIM_ClearITPendingBit  stm32f10x_tim.o
    0x080026d8   0x00000018   Code   RO         1688    i.TIM_Cmd           stm32f10x_tim.o
    0x080026f0   0x0000001e   Code   RO         1690    i.TIM_CtrlPWMOutputs  stm32f10x_tim.o
    0x0800270e   0x00000008   Code   RO         1706    i.TIM_GetCapture4   stm32f10x_tim.o
    0x08002716   0x00000006   Code   RO         1707    i.TIM_GetCounter    stm32f10x_tim.o
    0x0800271c   0x00000012   Code   RO         1708    i.TIM_GetFlagStatus  stm32f10x_tim.o
    0x0800272e   0x00000022   Code   RO         1709    i.TIM_GetITStatus   stm32f10x_tim.o
    0x08002750   0x00000012   Code   RO         1713    i.TIM_ITConfig      stm32f10x_tim.o
    0x08002762   0x00000002   PAD
    0x08002764   0x00000098   Code   RO         1717    i.TIM_OC1Init       stm32f10x_tim.o
    0x080027fc   0x00000012   Code   RO         1720    i.TIM_OC1PreloadConfig  stm32f10x_tim.o
    0x0800280e   0x0000001a   Code   RO         1733    i.TIM_OC4PolarityConfig  stm32f10x_tim.o
    0x08002828   0x0000001a   Code   RO         1734    i.TIM_OC4PreloadConfig  stm32f10x_tim.o
    0x08002842   0x00000012   Code   RO         1741    i.TIM_SelectInputTrigger  stm32f10x_tim.o
    0x08002854   0x00000012   Code   RO         1742    i.TIM_SelectMasterSlaveMode  stm32f10x_tim.o
    0x08002866   0x00000012   Code   RO         1745    i.TIM_SelectOutputTrigger  stm32f10x_tim.o
    0x08002878   0x00000004   Code   RO         1747    i.TIM_SetAutoreload  stm32f10x_tim.o
    0x0800287c   0x00000004   Code   RO         1753    i.TIM_SetCounter    stm32f10x_tim.o
    0x08002880   0x000000a4   Code   RO         1759    i.TIM_TimeBaseInit  stm32f10x_tim.o
    0x08002924   0x00000048   Code   RO          632    i.TIM_dis           advance_time.o
    0x0800296c   0x0000005c   Code   RO         3787    i.Timer6_Init       usmart.o
    0x080029c8   0x00000088   Code   RO         1057    i.USART1_IRQHandler  usart.o
    0x08002a50   0x000001e8   Code   RO          761    i.USART2_IRQHandler  rs485.o
    0x08002c38   0x00000018   Code   RO         1496    i.USART_Cmd         stm32f10x_usart.o
    0x08002c50   0x0000001a   Code   RO         1499    i.USART_GetFlagStatus  stm32f10x_usart.o
    0x08002c6a   0x00000054   Code   RO         1500    i.USART_GetITStatus  stm32f10x_usart.o
    0x08002cbe   0x0000004a   Code   RO         1502    i.USART_ITConfig    stm32f10x_usart.o
    0x08002d08   0x000000d8   Code   RO         1503    i.USART_Init        stm32f10x_usart.o
    0x08002de0   0x0000000a   Code   RO         1510    i.USART_ReceiveData  stm32f10x_usart.o
    0x08002dea   0x00000008   Code   RO         1513    i.USART_SendData    stm32f10x_usart.o
    0x08002df2   0x00000002   PAD
    0x08002df4   0x00000024   Code   RO          891    i.USB_HP_CAN1_TX_IRQHandler  can.o
    0x08002e18   0x00000220   Code   RO          892    i.USB_LP_CAN1_RX0_IRQHandler  can.o
    0x08003038   0x00000004   Code   RO          227    i.UsageFault_Handler  stm32f10x_it.o
    0x0800303c   0x0000000e   Code   RO         4068    i._is_digit         c_w.l(__printf_wp.o)
    0x0800304a   0x00000004   Code   RO         1058    i._sys_exit         usart.o
    0x0800304e   0x00000002   PAD
    0x08003050   0x000000b0   Code   RO          893    i.can_set_relay_out  can.o
    0x08003100   0x00000002   Code   RO          390    i.chushi_weizhi     yizai2.o
    0x08003102   0x00000002   PAD
    0x08003104   0x0000006c   Code   RO          391    i.dasifu_daowei     yizai2.o
    0x08003170   0x0000005c   Code   RO          991    i.delay_init        delay.o
    0x080031cc   0x00000040   Code   RO          992    i.delay_ms          delay.o
    0x0800320c   0x00000048   Code   RO          993    i.delay_us          delay.o
    0x08003254   0x000000e4   Code   RO            1    i.ekey_task         main.o
    0x08003338   0x0000001c   Code   RO         1059    i.fputc             usart.o
    0x08003354   0x0000008c   Code   RO            2    i.main              main.o
    0x080033e0   0x000000b0   Code   RO          392    i.miao_dj           yizai2.o
    0x08003490   0x000000c0   Code   RO          734    i.move_x            big_motor.o
    0x08003550   0x0000002c   Code   RO          801    i.move_y            can_motor.o
    0x0800357c   0x000000bc   Code   RO          735    i.move_z            big_motor.o
    0x08003638   0x0000006c   Code   RO         3947    i.my_mem_free       malloc.o
    0x080036a4   0x00000044   Code   RO         3948    i.my_mem_init       malloc.o
    0x080036e8   0x000000a8   Code   RO         3949    i.my_mem_malloc     malloc.o
    0x08003790   0x00000040   Code   RO         3950    i.my_mem_perused    malloc.o
    0x080037d0   0x00000024   Code   RO         3951    i.myfree            malloc.o
    0x080037f4   0x00000028   Code   RO         3952    i.mymalloc          malloc.o
    0x0800381c   0x00000014   Code   RO         3954    i.mymemset          malloc.o
    0x08003830   0x000000b0   Code   RO          393    i.piaoman_canshu    yizai2.o
    0x080038e0   0x0000000e   Code   RO            3    i.plus_task         main.o
    0x080038ee   0x00000002   PAD
    0x080038f0   0x00000098   Code   RO         3170    i.prvAddCurrentTaskToDelayedList  tasks.o
    0x08003988   0x000000b8   Code   RO         3171    i.prvAddNewTaskToReadyList  tasks.o
    0x08003a40   0x00000064   Code   RO         3530    i.prvCheckForValidListAndQueue  timers.o
    0x08003aa4   0x00000064   Code   RO         3172    i.prvCheckTasksWaitingTermination  tasks.o
    0x08003b08   0x0000002a   Code   RO         2937    i.prvCopyDataFromQueue  queue.o
    0x08003b32   0x0000007c   Code   RO         2938    i.prvCopyDataToQueue  queue.o
    0x08003bae   0x00000012   Code   RO         3173    i.prvDeleteTCB      tasks.o
    0x08003bc0   0x00000028   Code   RO         3531    i.prvGetNextExpireTime  timers.o
    0x08003be8   0x0000007c   Code   RO         3660    i.prvHeapInit       heap_4.o
    0x08003c64   0x00000028   Code   RO         3174    i.prvIdleTask       tasks.o
    0x08003c8c   0x0000002e   Code   RO         2940    i.prvInitialiseNewQueue  queue.o
    0x08003cba   0x00000002   PAD
    0x08003cbc   0x000000d0   Code   RO         3175    i.prvInitialiseNewTask  tasks.o
    0x08003d8c   0x00000068   Code   RO         3176    i.prvInitialiseTaskLists  tasks.o
    0x08003df4   0x00000068   Code   RO         3661    i.prvInsertBlockIntoFreeList  heap_4.o
    0x08003e5c   0x00000058   Code   RO         3533    i.prvInsertTimerInActiveList  timers.o
    0x08003eb4   0x0000001a   Code   RO         2941    i.prvIsQueueEmpty   queue.o
    0x08003ece   0x0000001e   Code   RO         2942    i.prvIsQueueFull    queue.o
    0x08003eec   0x000000a0   Code   RO         2943    i.prvNotifyQueueSetContainer  queue.o
    0x08003f8c   0x00000080   Code   RO         3534    i.prvProcessExpiredTimer  timers.o
    0x0800400c   0x0000012c   Code   RO         3535    i.prvProcessReceivedCommands  timers.o
    0x08004138   0x00000074   Code   RO         3536    i.prvProcessTimerOrBlockTask  timers.o
    0x080041ac   0x00000034   Code   RO         3178    i.prvResetNextTaskUnblockTime  tasks.o
    0x080041e0   0x0000002c   Code   RO         3537    i.prvSampleTimeNow  timers.o
    0x0800420c   0x000000bc   Code   RO         3538    i.prvSwitchTimerLists  timers.o
    0x080042c8   0x00000070   Code   RO         3710    i.prvTaskExitError  port.o
    0x08004338   0x00000074   Code   RO         3180    i.prvTaskIsTaskSuspended  tasks.o
    0x080043ac   0x0000001a   Code   RO         3539    i.prvTimerTask      timers.o
    0x080043c6   0x00000092   Code   RO         2944    i.prvUnlockQueue    queue.o
    0x08004458   0x00000154   Code   RO         3662    i.pvPortMalloc      heap_4.o
    0x080045ac   0x00000020   Code   RO         3182    i.pvTaskIncrementMutexHeldCount  tasks.o
    0x080045cc   0x00000024   Code   RO         3711    i.pxPortInitialiseStack  port.o
    0x080045f0   0x00000006   Code   RO         3788    i.read_addr         usmart.o
    0x080045f6   0x00000002   PAD
    0x080045f8   0x0000000c   Code   RO          394    i.set_yizai2_F      yizai2.o
    0x08004604   0x000000c4   Code   RO            4    i.start_task        main.o
    0x080046c8   0x000000a0   Code   RO         1060    i.uart_init         usart.o
    0x08004768   0x000000b0   Code   RO         3789    i.usmart_cmd_rec    usmart.o
    0x08004818   0x000002d8   Code   RO         3790    i.usmart_exe        usmart.o
    0x08004af0   0x000000d4   Code   RO         3875    i.usmart_get_aparm  usmart_str.o
    0x08004bc4   0x00000036   Code   RO         3876    i.usmart_get_cmdname  usmart_str.o
    0x08004bfa   0x00000002   PAD
    0x08004bfc   0x000001c0   Code   RO         3877    i.usmart_get_fname  usmart_str.o
    0x08004dbc   0x0000010c   Code   RO         3878    i.usmart_get_fparam  usmart_str.o
    0x08004ec8   0x00000020   Code   RO         3879    i.usmart_get_parmpos  usmart_str.o
    0x08004ee8   0x00000044   Code   RO         3791    i.usmart_get_runtime  usmart.o
    0x08004f2c   0x00000028   Code   RO         3792    i.usmart_init       usmart.o
    0x08004f54   0x00000016   Code   RO         3880    i.usmart_pow        usmart_str.o
    0x08004f6a   0x00000002   PAD
    0x08004f6c   0x00000030   Code   RO         3793    i.usmart_reset_runtime  usmart.o
    0x08004f9c   0x000000bc   Code   RO         3794    i.usmart_scan       usmart.o
    0x08005058   0x00000016   Code   RO         3881    i.usmart_search_nextc  usmart_str.o
    0x0800506e   0x00000106   Code   RO         3882    i.usmart_str2num    usmart_str.o
    0x08005174   0x00000022   Code   RO         3883    i.usmart_strcmp     usmart_str.o
    0x08005196   0x00000016   Code   RO         3884    i.usmart_strcopy    usmart_str.o
    0x080051ac   0x00000018   Code   RO         3885    i.usmart_strlen     usmart_str.o
    0x080051c4   0x00000354   Code   RO         3795    i.usmart_sys_cmd_exe  usmart.o
    0x08005518   0x00000014   Code   RO            5    i.usmart_task       main.o
    0x0800552c   0x00000028   Code   RO         2900    i.uxListRemove      list.o
    0x08005554   0x0000001a   Code   RO         2901    i.vListInitialise   list.o
    0x0800556e   0x00000006   Code   RO         2902    i.vListInitialiseItem  list.o
    0x08005574   0x00000034   Code   RO         2903    i.vListInsert       list.o
    0x080055a8   0x00000018   Code   RO         2904    i.vListInsertEnd    list.o
    0x080055c0   0x00000088   Code   RO         3713    i.vPortEnterCritical  port.o
    0x08005648   0x00000070   Code   RO         3714    i.vPortExitCritical  port.o
    0x080056b8   0x000000b8   Code   RO         3663    i.vPortFree         heap_4.o
    0x08005770   0x00000020   Code   RO         3715    i.vPortSetupTimerInterrupt  port.o
    0x08005790   0x000000a0   Code   RO         3716    i.vPortValidateInterruptPriority  port.o
    0x08005830   0x0000002c   Code   RO         2950    i.vQueueAddToRegistry  queue.o
    0x0800585c   0x0000004a   Code   RO         2954    i.vQueueWaitForMessageRestricted  queue.o
    0x080058a6   0x00000002   PAD
    0x080058a8   0x00000074   Code   RO         3190    i.vTaskDelay        tasks.o
    0x0800591c   0x0000010c   Code   RO         3192    i.vTaskDelete       tasks.o
    0x08005a28   0x0000000c   Code   RO         3196    i.vTaskMissedYield  tasks.o
    0x08005a34   0x00000054   Code   RO         3198    i.vTaskPlaceOnEventList  tasks.o
    0x08005a88   0x0000005c   Code   RO         3199    i.vTaskPlaceOnEventListRestricted  tasks.o
    0x08005ae4   0x000000b0   Code   RO         3201    i.vTaskPriorityInherit  tasks.o
    0x08005b94   0x000000ac   Code   RO         3203    i.vTaskResume       tasks.o
    0x08005c40   0x0000004c   Code   RO         3205    i.vTaskSetTimeOutState  tasks.o
    0x08005c8c   0x000000ac   Code   RO         3206    i.vTaskStartScheduler  tasks.o
    0x08005d38   0x00000100   Code   RO         3207    i.vTaskSuspend      tasks.o
    0x08005e38   0x00000010   Code   RO         3208    i.vTaskSuspendAll   tasks.o
    0x08005e48   0x000000a8   Code   RO         3209    i.vTaskSwitchContext  tasks.o
    0x08005ef0   0x00000004   Code   RO         3796    i.write_addr        usmart.o
    0x08005ef4   0x000000a0   Code   RO         3717    i.xPortStartScheduler  port.o
    0x08005f94   0x00000034   Code   RO         3718    i.xPortSysTickHandler  port.o
    0x08005fc8   0x00000074   Code   RO         2959    i.xQueueGenericCreate  queue.o
    0x0800603c   0x000001c8   Code   RO         2960    i.xQueueGenericReceive  queue.o
    0x08006204   0x000000b0   Code   RO         2961    i.xQueueGenericReset  queue.o
    0x080062b4   0x000001c4   Code   RO         2962    i.xQueueGenericSend  queue.o
    0x08006478   0x00000110   Code   RO         2963    i.xQueueGenericSendFromISR  queue.o
    0x08006588   0x000000a0   Code   RO         3210    i.xTaskCheckForTimeOut  tasks.o
    0x08006628   0x00000060   Code   RO         3211    i.xTaskCreate       tasks.o
    0x08006688   0x00000020   Code   RO         3215    i.xTaskGetSchedulerState  tasks.o
    0x080066a8   0x0000000c   Code   RO         3216    i.xTaskGetTickCount  tasks.o
    0x080066b4   0x00000160   Code   RO         3218    i.xTaskIncrementTick  tasks.o
    0x08006814   0x000000d8   Code   RO         3221    i.xTaskPriorityDisinherit  tasks.o
    0x080068ec   0x000000b4   Code   RO         3222    i.xTaskRemoveFromEventList  tasks.o
    0x080069a0   0x00000120   Code   RO         3224    i.xTaskResumeAll    tasks.o
    0x08006ac0   0x00000074   Code   RO         3543    i.xTimerCreateTimerTask  timers.o
    0x08006b34   0x000000a4   Code   RO         3544    i.xTimerGenericCommand  timers.o
    0x08006bd8   0x0000000c   Code   RO          396    i.xiaosifu_v        yizai2.o
    0x08006be4   0x00000310   Code   RO          397    i.yizai2            yizai2.o
    0x08006ef4   0x00000044   Code   RO          398    i.yizai2_restart    yizai2.o
    0x08006f38   0x00000010   Code   RO          399    i.yizai2_shoudong   yizai2.o
    0x08006f48   0x00000030   Code   RO          400    i.yizai2_stop       yizai2.o
    0x08006f78   0x000000cc   Code   RO          401    i.yudingwei         yizai2.o
    0x08007044   0x00000018   Data   RO          677    .constdata          rtc.o
    0x0800705c   0x00000018   Data   RO         3959    .constdata          malloc.o
    0x08007074   0x00000028   Data   RO         4041    .constdata          c_w.l(_printf_hex_int.o)
    0x0800709c   0x00000011   Data   RO         4076    .constdata          c_w.l(__printf_flags_ss_wp.o)
    0x080070ad   0x00000003   PAD
    0x080070b0   0x00000028   Data   RO         3797    .conststring        usmart.o
    0x080070d8   0x000002ad   Data   RO         3862    .conststring        usmart_config.o
    0x08007385   0x00000003   PAD
    0x08007388   0x00000020   Data   RO         4272    Region$$Table       anon$$obj.o


    Execution Region ER_RW (Base: 0x20000000, Size: 0x0000033c, Max: 0xffffffff, ABSOLUTE, COMPRESSED[0x00000120])

    Base Addr    Size         Type   Attr      Idx    E Section Name        Object

    0x20000000   0x00000014   Data   RW            6    .data               main.o
    0x20000014   0x00000014   Data   RW          297    .data               system_stm32f10x.o
    0x20000028   0x00000016   Data   RW          402    .data               yizai2.o
    0x2000003e   0x00000001   Data   RW          581    .data               ekey.o
    0x2000003f   0x00000001   Data   RW          633    .data               advance_time.o
    0x20000040   0x00000002   Data   RW          678    .data               rtc.o
    0x20000042   0x00000002   PAD
    0x20000044   0x0000000c   Data   RW          736    .data               big_motor.o
    0x20000050   0x00000013   Data   RW          763    .data               rs485.o
    0x20000063   0x00000001   PAD
    0x20000064   0x00000020   Data   RW          802    .data               can_motor.o
    0x20000084   0x00000009   Data   RW          850    .data               remote.o
    0x2000008d   0x00000003   PAD
    0x20000090   0x00000034   Data   RW          894    .data               can.o
    0x200000c4   0x00000004   Data   RW          995    .data               delay.o
    0x200000c8   0x00000006   Data   RW         1062    .data               usart.o
    0x200000ce   0x00000014   Data   RW         1324    .data               stm32f10x_rcc.o
    0x200000e2   0x00000002   PAD
    0x200000e4   0x0000003c   Data   RW         3227    .data               tasks.o
    0x20000120   0x00000014   Data   RW         3552    .data               timers.o
    0x20000134   0x00000018   Data   RW         3668    .data               heap_4.o
    0x2000014c   0x0000000c   Data   RW         3719    .data               port.o
    0x20000158   0x0000001c   Data   RW         3798    .data               usmart.o
    0x20000174   0x000001ac   Data   RW         3863    .data               usmart_config.o
    0x20000320   0x0000001c   Data   RW         3960    .data               malloc.o


    Execution Region ER_ZI (Base: 0x2000033c, Size: 0x0000afc4, Max: 0xffffffff, ABSOLUTE)

    Base Addr    Size         Type   Attr      Idx    E Section Name        Object

    0x2000033c   0x0000000a   Zero   RW          676    .bss                rtc.o
    0x20000346   0x00000040   Zero   RW          762    .bss                rs485.o
    0x20000386   0x000000c8   Zero   RW         1061    .bss                usart.o
    0x2000044e   0x00000002   PAD
    0x20000450   0x00000040   Zero   RW         2974    .bss                queue.o
    0x20000490   0x000002e4   Zero   RW         3226    .bss                tasks.o
    0x20000774   0x00000028   Zero   RW         3551    .bss                timers.o
    0x2000079c   0x00005000   Zero   RW         3667    .bss                heap_4.o
    0x2000579c   0x00000004   PAD
    0x200057a0   0x00005500   Zero   RW         3958    .bss                malloc.o
    0x2000aca0   0x00000060   Zero   RW         4150    .bss                c_w.l(libspace.o)
    0x2000ad00   0x00000200   Zero   RW         1112    HEAP                startup_stm32f10x_hd.o
    0x2000af00   0x00000400   Zero   RW         1111    STACK               startup_stm32f10x_hd.o



  Load Region LR$$.ARM.__AT_0x68000000 (Base: 0x68000000, Size: 0x00000000, Max: 0x00000020, ABSOLUTE)

    Execution Region ER$$.ARM.__AT_0x68000000 (Base: 0x68000000, Size: 0x00000020, Max: 0x00000020, ABSOLUTE, UNINIT)

    Base Addr    Size         Type   Attr      Idx    E Section Name        Object

    0x68000000   0x00000020   Zero   RW         3956    .ARM.__AT_0x68000000  malloc.o



  Load Region LR$$.ARM.__AT_0x68000020 (Base: 0x68000020, Size: 0x00000000, Max: 0x00000004, ABSOLUTE)

    Execution Region ER$$.ARM.__AT_0x68000020 (Base: 0x68000020, Size: 0x00000004, Max: 0x00000004, ABSOLUTE, UNINIT)

    Base Addr    Size         Type   Attr      Idx    E Section Name        Object

    0x68000020   0x00000002   Zero   RW         3957    .ARM.__AT_0x68000020  malloc.o


==============================================================================

Image component sizes


      Code (inc. data)   RO Data    RW Data    ZI Data      Debug   Object Name

       674         82          0          1          0       3334   advance_time.o
       380        144          0         12          0       1438   big_motor.o
       396        156          0          0          0       3418   byhandle.o
      1620        100          0         52          0       7091   can.o
       162         20          0         32          0       3075   can_motor.o
       244         26          0          4          0       2253   delay.o
       340         14          0          1          0       1188   ekey.o
         0          0          0          0          0      11764   event_groups.o
       752        176          0         24      20480       3767   heap_4.o
        60          8          0          0          0        483   key.o
       132         14          0          0          0        511   led.o
       148          0          0          0          0       2958   list.o
       598        246          0         20          0     278400   main.o
       504         60         24         28      21794       5901   malloc.o
       172         22          0          0          0       1997   misc.o
       950        320          0         12          0       9965   port.o
      2164        238          0          0         64      12645   queue.o
       336         32          0          0          0       1114   relay.o
       408         24          0          9          0        950   remote.o
       788         86          0         19         64       3163   rs485.o
       546         56         24          2         10       3533   rtc.o
        64         26        304          0       1536        780   startup_stm32f10x_hd.o
      1622         22          0          0          0       6759   stm32f10x_can.o
       304          0          0          0          0       3584   stm32f10x_gpio.o
        20          0          0          0          0       2389   stm32f10x_it.o
       308         38          0         20          0       4923   stm32f10x_rcc.o
        92         16          0          0          0       2017   stm32f10x_rtc.o
       654         62          0          0          0      12442   stm32f10x_tim.o
       442          6          0          0          0       6053   stm32f10x_usart.o
         0          0          0          0          0         32   sys.o
       328         28          0         20          0       2017   system_stm32f10x.o
      3950       1046          0         60        740      29884   tasks.o
       180         22          0          0          0       1568   timer.o
      1310        312          0         20         40       8255   timers.o
       328         26          0          6        200       4068   usart.o
      2246        520         40         28          0       7290   usmart.o
         0          0        685        428          0       1704   usmart_config.o
      1400         20          0          0          0       8449   usmart_str.o
      1722        326          0         22          0       8741   yizai2.o

    ----------------------------------------------------------------------
     26374       4294       1112        828      44936     469903   Object Totals
         0          0         32          0          0          0   (incl. Generated)
        30          0          3          8          8          0   (incl. Padding)

    ----------------------------------------------------------------------

      Code (inc. data)   RO Data    RW Data    ZI Data      Debug   Library Member Name

        90          0          0          0          0          0   __dczerorl2.o
         8          0          0          0          0         68   __main.o
       392          4         17          0          0         92   __printf_flags_ss_wp.o
        14          0          0          0          0         68   __printf_wp.o
         0          0          0          0          0          0   __rtentry.o
        12          0          0          0          0          0   __rtentry2.o
         6          0          0          0          0          0   __rtentry4.o
        52          8          0          0          0          0   __scatter.o
        28          0          0          0          0          0   __scatter_zi.o
         6          0          0          0          0          0   _printf_c.o
        44          0          0          0          0        108   _printf_char.o
        48          6          0          0          0         96   _printf_char_common.o
        36          4          0          0          0         80   _printf_char_file.o
         6          0          0          0          0          0   _printf_d.o
       120         16          0          0          0         92   _printf_dec.o
        88          4         40          0          0         88   _printf_hex_int.o
       178          0          0          0          0         88   _printf_intcommon.o
        78          0          0          0          0        108   _printf_pad.o
         0          0          0          0          0          0   _printf_percent.o
         4          0          0          0          0          0   _printf_percent_end.o
         6          0          0          0          0          0   _printf_s.o
        82          0          0          0          0         80   _printf_str.o
         6          0          0          0          0          0   _printf_u.o
         6          0          0          0          0          0   _printf_x.o
        10          0          0          0          0         68   _sputc.o
        16          0          0          0          0         68   aeabi_memset.o
        18          0          0          0          0         80   exit.o
         8          0          0          0          0         68   ferror.o
         6          0          0          0          0        152   heapauxi.o
         2          0          0          0          0          0   libinit.o
         2          0          0          0          0          0   libinit2.o
         2          0          0          0          0          0   libshutdown.o
         2          0          0          0          0          0   libshutdown2.o
         8          4          0          0         96         68   libspace.o
        24          4          0          0          0         84   noretval__2printf.o
        40          6          0          0          0         84   noretval__2sprintf.o
        68          0          0          0          0         68   rt_memclr.o
        78          0          0          0          0         80   rt_memclr_w.o
       138          0          0          0          0         68   rt_memcpy_v6.o
       100          0          0          0          0         80   rt_memcpy_w.o
         2          0          0          0          0          0   rtexit.o
        10          0          0          0          0          0   rtexit2.o
       128          0          0          0          0         68   strcmpv7m.o
        74          0          0          0          0         80   sys_stackheap_outer.o
         2          0          0          0          0         68   use_no_semi.o
         2          0          0          0          0         68   use_no_semi_2.o

    ----------------------------------------------------------------------
      2062         56         60          0         96       2220   Library Totals
        12          0          3          0          0          0   (incl. Padding)

    ----------------------------------------------------------------------

      Code (inc. data)   RO Data    RW Data    ZI Data      Debug   Library Name

      2050         56         57          0         96       2220   c_w.l

    ----------------------------------------------------------------------
      2062         56         60          0         96       2220   Library Totals

    ----------------------------------------------------------------------

==============================================================================


      Code (inc. data)   RO Data    RW Data    ZI Data      Debug   

     28436       4350       1172        828      45032     459067   Grand Totals
     28436       4350       1172        288      45032     459067   ELF Image Totals (compressed)
     28436       4350       1172        288          0          0   ROM Totals

==============================================================================

    Total RO  Size (Code + RO Data)                29608 (  28.91kB)
    Total RW  Size (RW Data + ZI Data)             45860 (  44.79kB)
    Total ROM Size (Code + RO Data + RW Data)      29896 (  29.20kB)

==============================================================================

