<html>
<body>
<pre>
<h1>礦ision Build Log</h1>
<h2>Tool Versions:</h2>
IDE-Version: μVision V5.23.0.0
Copyright (C) 2017 ARM Ltd and ARM Germany GmbH. All rights reserved.
License Information: Dell dell, Dell, LIC=KIVHL-09ZA5-AV61J-UKGLM-P01QN-SNNAB
 
Tool Versions:
Toolchain:       MDK-ARM Professional  Version: 5.23
Toolchain Path:  D:\software\MDK5\ARM\ARMCC\Bin
C Compiler:      Armcc.exe V5.06 update 4 (build 422)
Assembler:       Armasm.exe V5.06 update 4 (build 422)
Linker/Locator:  ArmLink.exe V5.06 update 4 (build 422)
Library Manager: ArmAr.exe V5.06 update 4 (build 422)
Hex Converter:   FromElf.exe V5.06 update 4 (build 422)
CPU DLL:         SARMCM3.DLL V5.23
Dialog DLL:      DARMSTM.DLL V1.68.0.0
Target DLL:      CMSIS_AGDI.dll V1.27.5.0
Dialog DLL:      TARMSTM.DLL V1.66.0.0
 
<h2>Project:</h2>
D:\工作资料\移栽机\程序控制\yizai2\USER\FreeRTOS.uvprojx
Project File Date:  08/18/2019

<h2>Output:</h2>
*** Using Compiler 'V5.06 update 4 (build 422)', folder: 'D:\software\MDK5\ARM\ARMCC\Bin'
Build target 'FreeRTOS'
compiling stm32f10x_it.c...
compiling led.c...
compiling system_stm32f10x.c...
compiling byhandle.c...
compiling timer.c...
compiling main.c...
main.c(227): warning:  #177-D: variable "pnm"  was declared but never referenced
  	u32 pnm;
main.c(228): warning:  #177-D: variable "long_pos"  was declared but never referenced
  	long long_pos=0,long_pos1=0;	
main.c(228): warning:  #177-D: variable "long_pos1"  was declared but never referenced
  	long long_pos=0,long_pos1=0;	
main.c: 3 warnings, 0 errors
compiling yizai2.c...
..\YIZAIJI\yizai2.c(107): warning:  #186-D: pointless comparison of unsigned integer with zero
  	for(u8 hang=yizai2_hang;hang>=0;hang--)
..\YIZAIJI\yizai2.c: 1 warning, 0 errors
compiling key.c...
compiling beep.c...
compiling ekey.c...
compiling relay.c...
compiling advance_time.c...
compiling rtc.c...
compiling Big_motor.c...
compiling remote.c...
compiling can_motor.c...
compiling can.c...
compiling rs485.c...
compiling delay.c...
compiling usart.c...
assembling startup_stm32f10x_hd.s...
compiling sys.c...
compiling core_cm3.c...
compiling misc.c...
compiling stm32f10x_gpio.c...
compiling stm32f10x_rcc.c...
compiling stm32f10x_dbgmcu.c...
compiling stm32f10x_usart.c...
compiling stm32f10x_fsmc.c...
compiling stm32f10x_tim.c...
compiling stm32f10x_bkp.c...
compiling stm32f10x_rtc.c...
compiling stm32f10x_exti.c...
compiling stm32f10x_pwr.c...
compiling stm32f10x_can.c...
compiling croutine.c...
compiling event_groups.c...
compiling list.c...
compiling timers.c...
compiling queue.c...
compiling heap_4.c...
compiling tasks.c...
compiling port.c...
compiling usmart.c...
compiling usmart_config.c...
compiling usmart_str.c...
compiling malloc.c...
linking...
Program Size: Code=28436 RO-data=1172 RW-data=828 ZI-data=45032  
FromELF: creating hex file...
"..\OBJ\LED.axf" - 0 Error(s), 4 Warning(s).

<h2>Collection of Component include folders:</h2>
  .\RTE\_FreeRTOS
  D:\software\MDK5\ARM\PACK\Keil\STM32F1xx_DFP\1.0.5\Device\Include

<h2>Collection of Component Files used:</h2>
Build Time Elapsed:  00:00:06
</pre>
</body>
</html>
